[0.268s] DEBUG:colcon:Command line arguments: ['/usr/bin/colcon', 'build']
[0.268s] DEBUG:colcon:Parsed command line arguments: Namespace(log_base=None, log_level=None, verb_name='build', build_base='build', install_base='install', merge_install=False, symlink_install=False, test_result_base=None, continue_on_error=False, executor='parallel', parallel_workers=4, event_handlers=None, ignore_user_meta=False, metas=['./colcon.meta'], base_paths=['.'], packages_ignore=None, packages_ignore_regex=None, paths=None, packages_up_to=None, packages_up_to_regex=None, packages_above=None, packages_above_and_dependencies=None, packages_above_depth=None, packages_select_by_dep=None, packages_skip_by_dep=None, packages_skip_up_to=None, packages_select_build_failed=False, packages_skip_build_finished=False, packages_select_test_failures=False, packages_skip_test_passed=False, packages_select=None, packages_skip=None, packages_select_regex=None, packages_skip_regex=None, packages_start=None, packages_end=None, allow_overriding=[], cmake_args=None, cmake_target=None, cmake_target_skip_unavailable=False, cmake_clean_cache=False, cmake_clean_first=False, cmake_force_configure=False, ament_cmake_args=None, catkin_cmake_args=None, catkin_skip_building_tests=False, mixin_files=None, mixin=None, verb_parser=<colcon_mixin.mixin.mixin_argument.MixinArgumentDecorator object at 0x7cbdea2437c0>, verb_extension=<colcon_core.verb.build.BuildVerb object at 0x7cbdea2431f0>, main=<bound method BuildVerb.main of <colcon_core.verb.build.BuildVerb object at 0x7cbdea2431f0>>, mixin_verb=('build',))
[0.716s] Level 1:colcon.colcon_core.package_discovery:discover_packages(colcon_meta) check parameters
[0.716s] Level 1:colcon.colcon_core.package_discovery:discover_packages(recursive) check parameters
[0.716s] Level 1:colcon.colcon_core.package_discovery:discover_packages(ignore) check parameters
[0.716s] Level 1:colcon.colcon_core.package_discovery:discover_packages(path) check parameters
[0.716s] Level 1:colcon.colcon_core.package_discovery:discover_packages(colcon_meta) discover
[0.716s] Level 1:colcon.colcon_core.package_discovery:discover_packages(recursive) discover
[0.716s] INFO:colcon.colcon_core.package_discovery:Crawling recursively for packages in '/home/mars/tayota_ws'
[0.717s] Level 1:colcon.colcon_core.package_identification:_identify(.) by extensions ['ignore', 'ignore_ament_install']
[0.717s] Level 1:colcon.colcon_core.package_identification:_identify(.) by extension 'ignore'
[0.717s] Level 1:colcon.colcon_core.package_identification:_identify(.) by extension 'ignore_ament_install'
[0.717s] Level 1:colcon.colcon_core.package_identification:_identify(.) by extensions ['colcon_pkg']
[0.717s] Level 1:colcon.colcon_core.package_identification:_identify(.) by extension 'colcon_pkg'
[0.717s] Level 1:colcon.colcon_core.package_identification:_identify(.) by extensions ['colcon_meta']
[0.717s] Level 1:colcon.colcon_core.package_identification:_identify(.) by extension 'colcon_meta'
[0.717s] Level 1:colcon.colcon_core.package_identification:_identify(.) by extensions ['ros']
[0.717s] Level 1:colcon.colcon_core.package_identification:_identify(.) by extension 'ros'
[0.742s] Level 1:colcon.colcon_core.package_identification:_identify(.) by extensions ['cmake', 'python']
[0.742s] Level 1:colcon.colcon_core.package_identification:_identify(.) by extension 'cmake'
[0.742s] Level 1:colcon.colcon_core.package_identification:_identify(.) by extension 'python'
[0.742s] Level 1:colcon.colcon_core.package_identification:_identify(.) by extensions ['python_setup_py']
[0.742s] Level 1:colcon.colcon_core.package_identification:_identify(.) by extension 'python_setup_py'
[0.743s] Level 1:colcon.colcon_core.package_identification:_identify(build) by extensions ['ignore', 'ignore_ament_install']
[0.743s] Level 1:colcon.colcon_core.package_identification:_identify(build) by extension 'ignore'
[0.743s] Level 1:colcon.colcon_core.package_identification:_identify(build) ignored
[0.743s] Level 1:colcon.colcon_core.package_identification:_identify(install) by extensions ['ignore', 'ignore_ament_install']
[0.744s] Level 1:colcon.colcon_core.package_identification:_identify(install) by extension 'ignore'
[0.744s] Level 1:colcon.colcon_core.package_identification:_identify(install) ignored
[0.744s] Level 1:colcon.colcon_core.package_identification:_identify(log) by extensions ['ignore', 'ignore_ament_install']
[0.744s] Level 1:colcon.colcon_core.package_identification:_identify(log) by extension 'ignore'
[0.744s] Level 1:colcon.colcon_core.package_identification:_identify(log) ignored
[0.745s] Level 1:colcon.colcon_core.package_identification:_identify(src) by extensions ['ignore', 'ignore_ament_install']
[0.745s] Level 1:colcon.colcon_core.package_identification:_identify(src) by extension 'ignore'
[0.745s] Level 1:colcon.colcon_core.package_identification:_identify(src) by extension 'ignore_ament_install'
[0.745s] Level 1:colcon.colcon_core.package_identification:_identify(src) by extensions ['colcon_pkg']
[0.745s] Level 1:colcon.colcon_core.package_identification:_identify(src) by extension 'colcon_pkg'
[0.745s] Level 1:colcon.colcon_core.package_identification:_identify(src) by extensions ['colcon_meta']
[0.745s] Level 1:colcon.colcon_core.package_identification:_identify(src) by extension 'colcon_meta'
[0.745s] Level 1:colcon.colcon_core.package_identification:_identify(src) by extensions ['ros']
[0.745s] Level 1:colcon.colcon_core.package_identification:_identify(src) by extension 'ros'
[0.746s] Level 1:colcon.colcon_core.package_identification:_identify(src) by extensions ['cmake', 'python']
[0.746s] Level 1:colcon.colcon_core.package_identification:_identify(src) by extension 'cmake'
[0.746s] Level 1:colcon.colcon_core.package_identification:_identify(src) by extension 'python'
[0.746s] Level 1:colcon.colcon_core.package_identification:_identify(src) by extensions ['python_setup_py']
[0.746s] Level 1:colcon.colcon_core.package_identification:_identify(src) by extension 'python_setup_py'
[0.746s] Level 1:colcon.colcon_core.package_identification:_identify(src/realsense_line_follower) by extensions ['ignore', 'ignore_ament_install']
[0.746s] Level 1:colcon.colcon_core.package_identification:_identify(src/realsense_line_follower) by extension 'ignore'
[0.747s] Level 1:colcon.colcon_core.package_identification:_identify(src/realsense_line_follower) by extension 'ignore_ament_install'
[0.747s] Level 1:colcon.colcon_core.package_identification:_identify(src/realsense_line_follower) by extensions ['colcon_pkg']
[0.747s] Level 1:colcon.colcon_core.package_identification:_identify(src/realsense_line_follower) by extension 'colcon_pkg'
[0.747s] Level 1:colcon.colcon_core.package_identification:_identify(src/realsense_line_follower) by extensions ['colcon_meta']
[0.747s] Level 1:colcon.colcon_core.package_identification:_identify(src/realsense_line_follower) by extension 'colcon_meta'
[0.747s] Level 1:colcon.colcon_core.package_identification:_identify(src/realsense_line_follower) by extensions ['ros']
[0.747s] Level 1:colcon.colcon_core.package_identification:_identify(src/realsense_line_follower) by extension 'ros'
[0.756s] DEBUG:colcon.colcon_core.package_identification:Package 'src/realsense_line_follower' with type 'ros.ament_cmake' and name 'realsense_line_follower'
[0.756s] Level 1:colcon.colcon_core.package_discovery:discover_packages(recursive) using defaults
[0.757s] Level 1:colcon.colcon_core.package_discovery:discover_packages(ignore) discover
[0.757s] Level 1:colcon.colcon_core.package_discovery:discover_packages(ignore) using defaults
[0.757s] Level 1:colcon.colcon_core.package_discovery:discover_packages(path) discover
[0.757s] Level 1:colcon.colcon_core.package_discovery:discover_packages(path) using defaults
[0.823s] Level 1:colcon.colcon_core.package_discovery:discover_packages(prefix_path) check parameters
[0.823s] Level 1:colcon.colcon_core.package_discovery:discover_packages(prefix_path) discover
[0.831s] DEBUG:colcon.colcon_installed_package_information.package_discovery:Found 14 installed packages in /home/mars/ros2_ws/install
[0.832s] DEBUG:colcon.colcon_installed_package_information.package_discovery:Found 1 installed packages in /home/mars/ws_livox/install
[0.839s] DEBUG:colcon.colcon_installed_package_information.package_discovery:Found 431 installed packages in /opt/ros/humble
[0.845s] Level 1:colcon.colcon_core.package_discovery:discover_packages(prefix_path) using defaults
[0.990s] Level 5:colcon.colcon_core.verb:set package 'realsense_line_follower' build argument 'cmake_args' from command line to 'None'
[0.990s] Level 5:colcon.colcon_core.verb:set package 'realsense_line_follower' build argument 'cmake_target' from command line to 'None'
[0.990s] Level 5:colcon.colcon_core.verb:set package 'realsense_line_follower' build argument 'cmake_target_skip_unavailable' from command line to 'False'
[0.990s] Level 5:colcon.colcon_core.verb:set package 'realsense_line_follower' build argument 'cmake_clean_cache' from command line to 'False'
[0.990s] Level 5:colcon.colcon_core.verb:set package 'realsense_line_follower' build argument 'cmake_clean_first' from command line to 'False'
[0.990s] Level 5:colcon.colcon_core.verb:set package 'realsense_line_follower' build argument 'cmake_force_configure' from command line to 'False'
[0.990s] Level 5:colcon.colcon_core.verb:set package 'realsense_line_follower' build argument 'ament_cmake_args' from command line to 'None'
[0.990s] Level 5:colcon.colcon_core.verb:set package 'realsense_line_follower' build argument 'catkin_cmake_args' from command line to 'None'
[0.990s] Level 5:colcon.colcon_core.verb:set package 'realsense_line_follower' build argument 'catkin_skip_building_tests' from command line to 'False'
[0.990s] DEBUG:colcon.colcon_core.verb:Building package 'realsense_line_follower' with the following arguments: {'ament_cmake_args': None, 'build_base': '/home/mars/tayota_ws/build/realsense_line_follower', 'catkin_cmake_args': None, 'catkin_skip_building_tests': False, 'cmake_args': None, 'cmake_clean_cache': False, 'cmake_clean_first': False, 'cmake_force_configure': False, 'cmake_target': None, 'cmake_target_skip_unavailable': False, 'install_base': '/home/mars/tayota_ws/install/realsense_line_follower', 'merge_install': False, 'path': '/home/mars/tayota_ws/src/realsense_line_follower', 'symlink_install': False, 'test_result_base': None}
[0.991s] INFO:colcon.colcon_core.executor:Executing jobs using 'parallel' executor
[0.993s] DEBUG:colcon.colcon_parallel_executor.executor.parallel:run_until_complete
[0.993s] INFO:colcon.colcon_ros.task.ament_cmake.build:Building ROS package in '/home/mars/tayota_ws/src/realsense_line_follower' with build type 'ament_cmake'
[0.993s] INFO:colcon.colcon_cmake.task.cmake.build:Building CMake package in '/home/mars/tayota_ws/src/realsense_line_follower'
[0.998s] INFO:colcon.colcon_core.plugin_system:Skipping extension 'colcon_core.shell.bat': Not used on non-Windows systems
[0.998s] INFO:colcon.colcon_core.shell:Skip shell extension 'powershell' for command environment: Not usable outside of PowerShell
[0.998s] DEBUG:colcon.colcon_core.shell:Skip shell extension 'dsv' for command environment
[1.024s] DEBUG:colcon.colcon_core.event_handler.log_command:Invoking command in '/home/mars/tayota_ws/build/realsense_line_follower': CMAKE_PREFIX_PATH=${CMAKE_PREFIX_PATH}:/home/mars/ros2_ws/install/simple_map_pub:/home/mars/ros2_ws/install/arduino_motor:/home/mars/ros2_ws/install/ackermann_keyboard_teleop:/opt/ros/humble /usr/bin/cmake --build /home/mars/tayota_ws/build/realsense_line_follower -- -j4 -l4
[15.397s] DEBUG:colcon.colcon_core.event_handler.log_command:Invoked command in '/home/mars/tayota_ws/build/realsense_line_follower' returned '2': CMAKE_PREFIX_PATH=${CMAKE_PREFIX_PATH}:/home/mars/ros2_ws/install/simple_map_pub:/home/mars/ros2_ws/install/arduino_motor:/home/mars/ros2_ws/install/ackermann_keyboard_teleop:/opt/ros/humble /usr/bin/cmake --build /home/mars/tayota_ws/build/realsense_line_follower -- -j4 -l4
[15.398s] Level 1:colcon.colcon_core.environment:create_environment_scripts_only(realsense_line_follower)
[15.404s] Level 1:colcon.colcon_core.environment:checking '/home/mars/tayota_ws/install/realsense_line_follower' for CMake module files
[15.405s] Level 1:colcon.colcon_core.environment:checking '/home/mars/tayota_ws/install/realsense_line_follower' for CMake config files
[15.406s] Level 1:colcon.colcon_core.shell:create_environment_hook('realsense_line_follower', 'cmake_prefix_path')
[15.406s] INFO:colcon.colcon_core.shell:Creating environment hook '/home/mars/tayota_ws/install/realsense_line_follower/share/realsense_line_follower/hook/cmake_prefix_path.ps1'
[15.408s] INFO:colcon.colcon_core.shell:Creating environment descriptor '/home/mars/tayota_ws/install/realsense_line_follower/share/realsense_line_follower/hook/cmake_prefix_path.dsv'
[15.409s] INFO:colcon.colcon_core.shell:Creating environment hook '/home/mars/tayota_ws/install/realsense_line_follower/share/realsense_line_follower/hook/cmake_prefix_path.sh'
[15.411s] Level 1:colcon.colcon_core.environment:checking '/home/mars/tayota_ws/install/realsense_line_follower/lib'
[15.411s] Level 1:colcon.colcon_core.environment:checking '/home/mars/tayota_ws/install/realsense_line_follower/bin'
[15.411s] Level 1:colcon.colcon_core.environment:checking '/home/mars/tayota_ws/install/realsense_line_follower/lib/pkgconfig/realsense_line_follower.pc'
[15.412s] Level 1:colcon.colcon_core.environment:checking '/home/mars/tayota_ws/install/realsense_line_follower/lib/python3.10/site-packages'
[15.412s] Level 1:colcon.colcon_core.environment:checking '/home/mars/tayota_ws/install/realsense_line_follower/bin'
[15.413s] INFO:colcon.colcon_core.shell:Creating package script '/home/mars/tayota_ws/install/realsense_line_follower/share/realsense_line_follower/package.ps1'
[15.415s] INFO:colcon.colcon_core.shell:Creating package descriptor '/home/mars/tayota_ws/install/realsense_line_follower/share/realsense_line_follower/package.dsv'
[15.416s] INFO:colcon.colcon_core.shell:Creating package script '/home/mars/tayota_ws/install/realsense_line_follower/share/realsense_line_follower/package.sh'
[15.418s] INFO:colcon.colcon_core.shell:Creating package script '/home/mars/tayota_ws/install/realsense_line_follower/share/realsense_line_follower/package.bash'
[15.419s] INFO:colcon.colcon_core.shell:Creating package script '/home/mars/tayota_ws/install/realsense_line_follower/share/realsense_line_follower/package.zsh'
[15.421s] Level 1:colcon.colcon_core.environment:create_file_with_runtime_dependencies(/home/mars/tayota_ws/install/realsense_line_follower/share/colcon-core/packages/realsense_line_follower)
[15.433s] DEBUG:colcon.colcon_parallel_executor.executor.parallel:closing loop
[15.433s] DEBUG:colcon.colcon_parallel_executor.executor.parallel:loop closed
[15.433s] DEBUG:colcon.colcon_parallel_executor.executor.parallel:run_until_complete finished with '2'
[15.433s] DEBUG:colcon.colcon_core.event_reactor:joining thread
[15.434s] DEBUG:colcon.colcon_core.event_reactor:joined thread
[15.434s] INFO:colcon.colcon_core.shell:Creating prefix script '/home/mars/tayota_ws/install/local_setup.ps1'
[15.437s] INFO:colcon.colcon_core.shell:Creating prefix util module '/home/mars/tayota_ws/install/_local_setup_util_ps1.py'
[15.440s] INFO:colcon.colcon_core.shell:Creating prefix chain script '/home/mars/tayota_ws/install/setup.ps1'
[15.445s] INFO:colcon.colcon_core.shell:Creating prefix script '/home/mars/tayota_ws/install/local_setup.sh'
[15.446s] INFO:colcon.colcon_core.shell:Creating prefix util module '/home/mars/tayota_ws/install/_local_setup_util_sh.py'
[15.447s] INFO:colcon.colcon_core.shell:Creating prefix chain script '/home/mars/tayota_ws/install/setup.sh'
[15.452s] INFO:colcon.colcon_core.shell:Creating prefix script '/home/mars/tayota_ws/install/local_setup.bash'
[15.453s] INFO:colcon.colcon_core.shell:Creating prefix chain script '/home/mars/tayota_ws/install/setup.bash'
[15.457s] INFO:colcon.colcon_core.shell:Creating prefix script '/home/mars/tayota_ws/install/local_setup.zsh'
[15.458s] INFO:colcon.colcon_core.shell:Creating prefix chain script '/home/mars/tayota_ws/install/setup.zsh'
