[0.031s] Invoking command in '/home/mars/tayota_ws/build/red_stop_camera': CMAKE_PREFIX_PATH=${CMAKE_PREFIX_PATH}:/home/mars/ros2_ws/install/simple_map_pub:/home/mars/ros2_ws/install/arduino_motor:/home/mars/ros2_ws/install/ackermann_keyboard_teleop:/opt/ros/humble /usr/bin/cmake /home/mars/tayota_ws/src/red_stop_camera -DCMAKE_INSTALL_PREFIX=/home/mars/tayota_ws/install/red_stop_camera
[0.304s] -- The C compiler identification is GNU 11.4.0
[0.506s] -- The CXX compiler identification is GNU 11.4.0
[0.528s] -- Detecting C compiler ABI info
[0.697s] -- Detecting C compiler ABI info - done
[0.712s] -- Check for working C compiler: /usr/bin/cc - skipped
[0.713s] -- Detecting C compile features
[0.714s] -- Detecting C compile features - done
[0.721s] -- Detecting CXX compiler ABI info
[0.909s] -- Detecting CXX compiler ABI info - done
[0.925s] -- Check for working CXX compiler: /usr/bin/c++ - skipped
[0.925s] -- Detecting CXX compile features
[0.926s] -- Detecting CXX compile features - done
[0.945s] -- Found ament_cmake: 1.3.14 (/opt/ros/humble/share/ament_cmake/cmake)
[1.297s] -- Found Python3: /usr/bin/python3 (found version "3.10.12") found components: Interpreter 
[1.636s] -- Found OpenCV: /usr (found version "4.5.4") 
[1.648s] -- Found rclcpp: 16.0.19 (/opt/ros/humble/share/rclcpp/cmake)
[1.844s] -- Found rosidl_generator_c: 3.1.8 (/opt/ros/humble/share/rosidl_generator_c/cmake)
[1.870s] -- Found rosidl_adapter: 3.1.8 (/opt/ros/humble/share/rosidl_adapter/cmake)
[1.910s] -- Found rosidl_generator_cpp: 3.1.8 (/opt/ros/humble/share/rosidl_generator_cpp/cmake)
[1.963s] -- Using all available rosidl_typesupport_c: rosidl_typesupport_fastrtps_c;rosidl_typesupport_introspection_c
[2.032s] -- Using all available rosidl_typesupport_cpp: rosidl_typesupport_fastrtps_cpp;rosidl_typesupport_introspection_cpp
[2.232s] -- Found rmw_implementation_cmake: 6.1.2 (/opt/ros/humble/share/rmw_implementation_cmake/cmake)
[2.249s] -- Found rmw_fastrtps_cpp: 6.2.10 (/opt/ros/humble/share/rmw_fastrtps_cpp/cmake)
[2.508s] -- Found OpenSSL: /usr/lib/x86_64-linux-gnu/libcrypto.so (found version "3.0.2")  
[2.576s] -- Found FastRTPS: /opt/ros/humble/include  
[2.668s] -- Using RMW implementation 'rmw_fastrtps_cpp' as default
[2.709s] -- Looking for pthread.h
[2.890s] -- Looking for pthread.h - found
[2.891s] -- Performing Test CMAKE_HAVE_LIBC_PTHREAD
[3.065s] -- Performing Test CMAKE_HAVE_LIBC_PTHREAD - Success
[3.067s] -- Found Threads: TRUE  
[3.266s] -- Found ament_lint_auto: 0.12.15 (/opt/ros/humble/share/ament_lint_auto/cmake)
[3.506s] -- Added test 'cppcheck' to perform static code analysis on C / C++ code
[3.506s] -- Configured cppcheck include dirs: 
[3.506s] -- Configured cppcheck exclude dirs and/or files: 
[3.508s] -- Added test 'lint_cmake' to check CMake code style
[3.512s] -- Added test 'uncrustify' to check C / C++ code style
[3.512s] -- Configured uncrustify additional arguments: 
[3.514s] -- Added test 'xmllint' to check XML markup files
[3.518s] -- Configuring done
[3.547s] -- Generating done
[3.556s] -- Build files have been written to: /home/mars/tayota_ws/build/red_stop_camera
[3.575s] Invoked command in '/home/mars/tayota_ws/build/red_stop_camera' returned '0': CMAKE_PREFIX_PATH=${CMAKE_PREFIX_PATH}:/home/mars/ros2_ws/install/simple_map_pub:/home/mars/ros2_ws/install/arduino_motor:/home/mars/ros2_ws/install/ackermann_keyboard_teleop:/opt/ros/humble /usr/bin/cmake /home/mars/tayota_ws/src/red_stop_camera -DCMAKE_INSTALL_PREFIX=/home/mars/tayota_ws/install/red_stop_camera
[3.578s] Invoking command in '/home/mars/tayota_ws/build/red_stop_camera': CMAKE_PREFIX_PATH=${CMAKE_PREFIX_PATH}:/home/mars/ros2_ws/install/simple_map_pub:/home/mars/ros2_ws/install/arduino_motor:/home/mars/ros2_ws/install/ackermann_keyboard_teleop:/opt/ros/humble /usr/bin/cmake --build /home/mars/tayota_ws/build/red_stop_camera -- -j4 -l4
[3.704s] [ 50%] [32mBuilding CXX object CMakeFiles/red_stop_camera.dir/src/red_stop_camera.cpp.o[0m
[22.920s] [100%] [32m[1mLinking CXX executable red_stop_camera[0m
[25.732s] [100%] Built target red_stop_camera
[25.758s] Invoked command in '/home/mars/tayota_ws/build/red_stop_camera' returned '0': CMAKE_PREFIX_PATH=${CMAKE_PREFIX_PATH}:/home/mars/ros2_ws/install/simple_map_pub:/home/mars/ros2_ws/install/arduino_motor:/home/mars/ros2_ws/install/ackermann_keyboard_teleop:/opt/ros/humble /usr/bin/cmake --build /home/mars/tayota_ws/build/red_stop_camera -- -j4 -l4
[25.761s] Invoking command in '/home/mars/tayota_ws/build/red_stop_camera': CMAKE_PREFIX_PATH=${CMAKE_PREFIX_PATH}:/home/mars/ros2_ws/install/simple_map_pub:/home/mars/ros2_ws/install/arduino_motor:/home/mars/ros2_ws/install/ackermann_keyboard_teleop:/opt/ros/humble /usr/bin/cmake --install /home/mars/tayota_ws/build/red_stop_camera
[25.780s] -- Install configuration: ""
[25.780s] -- Installing: /home/mars/tayota_ws/install/red_stop_camera/lib/red_stop_camera/red_stop_camera
[25.791s] -- Set runtime path of "/home/mars/tayota_ws/install/red_stop_camera/lib/red_stop_camera/red_stop_camera" to ""
[25.791s] -- Installing: /home/mars/tayota_ws/install/red_stop_camera/share/ament_index/resource_index/package_run_dependencies/red_stop_camera
[25.792s] -- Installing: /home/mars/tayota_ws/install/red_stop_camera/share/ament_index/resource_index/parent_prefix_path/red_stop_camera
[25.792s] -- Installing: /home/mars/tayota_ws/install/red_stop_camera/share/red_stop_camera/environment/ament_prefix_path.sh
[25.792s] -- Installing: /home/mars/tayota_ws/install/red_stop_camera/share/red_stop_camera/environment/ament_prefix_path.dsv
[25.793s] -- Installing: /home/mars/tayota_ws/install/red_stop_camera/share/red_stop_camera/environment/path.sh
[25.793s] -- Installing: /home/mars/tayota_ws/install/red_stop_camera/share/red_stop_camera/environment/path.dsv
[25.793s] -- Installing: /home/mars/tayota_ws/install/red_stop_camera/share/red_stop_camera/local_setup.bash
[25.794s] -- Installing: /home/mars/tayota_ws/install/red_stop_camera/share/red_stop_camera/local_setup.sh
[25.794s] -- Installing: /home/mars/tayota_ws/install/red_stop_camera/share/red_stop_camera/local_setup.zsh
[25.794s] -- Installing: /home/mars/tayota_ws/install/red_stop_camera/share/red_stop_camera/local_setup.dsv
[25.795s] -- Installing: /home/mars/tayota_ws/install/red_stop_camera/share/red_stop_camera/package.dsv
[25.795s] -- Installing: /home/mars/tayota_ws/install/red_stop_camera/share/ament_index/resource_index/packages/red_stop_camera
[25.796s] -- Installing: /home/mars/tayota_ws/install/red_stop_camera/share/red_stop_camera/cmake/red_stop_cameraConfig.cmake
[25.796s] -- Installing: /home/mars/tayota_ws/install/red_stop_camera/share/red_stop_camera/cmake/red_stop_cameraConfig-version.cmake
[25.796s] -- Installing: /home/mars/tayota_ws/install/red_stop_camera/share/red_stop_camera/package.xml
[25.801s] Invoked command in '/home/mars/tayota_ws/build/red_stop_camera' returned '0': CMAKE_PREFIX_PATH=${CMAKE_PREFIX_PATH}:/home/mars/ros2_ws/install/simple_map_pub:/home/mars/ros2_ws/install/arduino_motor:/home/mars/ros2_ws/install/ackermann_keyboard_teleop:/opt/ros/humble /usr/bin/cmake --install /home/mars/tayota_ws/build/red_stop_camera
