[0.034s] Invoking command in '/home/mars/tayota_ws/build/realsense_line_follower': CMAKE_PREFIX_PATH=${CMAKE_PREFIX_PATH}:/home/mars/ros2_ws/install/simple_map_pub:/home/mars/ros2_ws/install/arduino_motor:/home/mars/ros2_ws/install/ackermann_keyboard_teleop:/opt/ros/humble /usr/bin/cmake --build /home/mars/tayota_ws/build/realsense_line_follower -- -j4 -l4
[0.203s] [ 33%] [32mBuilding CXX object CMakeFiles/line_follower.dir/src/line_follower.cpp.o[0m
[23.832s] [ 66%] [32m[1mLinking CXX executable line_follower[0m
[26.405s] [100%] Built target line_follower
[26.433s] Invoked command in '/home/mars/tayota_ws/build/realsense_line_follower' returned '0': CMAKE_PREFIX_PATH=${CMAKE_PREFIX_PATH}:/home/mars/ros2_ws/install/simple_map_pub:/home/mars/ros2_ws/install/arduino_motor:/home/mars/ros2_ws/install/ackermann_keyboard_teleop:/opt/ros/humble /usr/bin/cmake --build /home/mars/tayota_ws/build/realsense_line_follower -- -j4 -l4
[26.459s] Invoking command in '/home/mars/tayota_ws/build/realsense_line_follower': CMAKE_PREFIX_PATH=${CMAKE_PREFIX_PATH}:/home/mars/ros2_ws/install/simple_map_pub:/home/mars/ros2_ws/install/arduino_motor:/home/mars/ros2_ws/install/ackermann_keyboard_teleop:/opt/ros/humble /usr/bin/cmake --install /home/mars/tayota_ws/build/realsense_line_follower
[26.480s] -- Install configuration: ""
[26.480s] -- Installing: /home/mars/tayota_ws/install/realsense_line_follower/lib/realsense_line_follower/line_follower
[26.494s] -- Set runtime path of "/home/mars/tayota_ws/install/realsense_line_follower/lib/realsense_line_follower/line_follower" to ""
[26.494s] -- Up-to-date: /home/mars/tayota_ws/install/realsense_line_follower/share/realsense_line_follower/launch
[26.498s] -- Up-to-date: /home/mars/tayota_ws/install/realsense_line_follower/share/realsense_line_follower/launch/line_follow.launch.py
[26.498s] -- Up-to-date: /home/mars/tayota_ws/install/realsense_line_follower/share/realsense_line_follower/config
[26.498s] -- Installing: /home/mars/tayota_ws/install/realsense_line_follower/share/realsense_line_follower/config/params.yaml
[26.498s] -- Up-to-date: /home/mars/tayota_ws/install/realsense_line_follower/share/ament_index/resource_index/package_run_dependencies/realsense_line_follower
[26.498s] -- Up-to-date: /home/mars/tayota_ws/install/realsense_line_follower/share/ament_index/resource_index/parent_prefix_path/realsense_line_follower
[26.499s] -- Up-to-date: /home/mars/tayota_ws/install/realsense_line_follower/share/realsense_line_follower/environment/ament_prefix_path.sh
[26.500s] -- Up-to-date: /home/mars/tayota_ws/install/realsense_line_follower/share/realsense_line_follower/environment/ament_prefix_path.dsv
[26.501s] -- Up-to-date: /home/mars/tayota_ws/install/realsense_line_follower/share/realsense_line_follower/environment/path.sh
[26.501s] -- Up-to-date: /home/mars/tayota_ws/install/realsense_line_follower/share/realsense_line_follower/environment/path.dsv
[26.501s] -- Up-to-date: /home/mars/tayota_ws/install/realsense_line_follower/share/realsense_line_follower/local_setup.bash
[26.502s] -- Up-to-date: /home/mars/tayota_ws/install/realsense_line_follower/share/realsense_line_follower/local_setup.sh
[26.502s] -- Up-to-date: /home/mars/tayota_ws/install/realsense_line_follower/share/realsense_line_follower/local_setup.zsh
[26.502s] -- Up-to-date: /home/mars/tayota_ws/install/realsense_line_follower/share/realsense_line_follower/local_setup.dsv
[26.502s] -- Installing: /home/mars/tayota_ws/install/realsense_line_follower/share/realsense_line_follower/package.dsv
[26.502s] -- Up-to-date: /home/mars/tayota_ws/install/realsense_line_follower/share/ament_index/resource_index/packages/realsense_line_follower
[26.502s] -- Up-to-date: /home/mars/tayota_ws/install/realsense_line_follower/share/realsense_line_follower/cmake/realsense_line_followerConfig.cmake
[26.503s] -- Up-to-date: /home/mars/tayota_ws/install/realsense_line_follower/share/realsense_line_follower/cmake/realsense_line_followerConfig-version.cmake
[26.503s] -- Up-to-date: /home/mars/tayota_ws/install/realsense_line_follower/share/realsense_line_follower/package.xml
[26.503s] Invoked command in '/home/mars/tayota_ws/build/realsense_line_follower' returned '0': CMAKE_PREFIX_PATH=${CMAKE_PREFIX_PATH}:/home/mars/ros2_ws/install/simple_map_pub:/home/mars/ros2_ws/install/arduino_motor:/home/mars/ros2_ws/install/ackermann_keyboard_teleop:/opt/ros/humble /usr/bin/cmake --install /home/mars/tayota_ws/build/realsense_line_follower
