[0.287s] DEBUG:colcon:Command line arguments: ['/usr/bin/colcon', 'build']
[0.287s] DEBUG:colcon:Parsed command line arguments: Namespace(log_base=None, log_level=None, verb_name='build', build_base='build', install_base='install', merge_install=False, symlink_install=False, test_result_base=None, continue_on_error=False, executor='parallel', parallel_workers=4, event_handlers=None, ignore_user_meta=False, metas=['./colcon.meta'], base_paths=['.'], packages_ignore=None, packages_ignore_regex=None, paths=None, packages_up_to=None, packages_up_to_regex=None, packages_above=None, packages_above_and_dependencies=None, packages_above_depth=None, packages_select_by_dep=None, packages_skip_by_dep=None, packages_skip_up_to=None, packages_select_build_failed=False, packages_skip_build_finished=False, packages_select_test_failures=False, packages_skip_test_passed=False, packages_select=None, packages_skip=None, packages_select_regex=None, packages_skip_regex=None, packages_start=None, packages_end=None, allow_overriding=[], cmake_args=None, cmake_target=None, cmake_target_skip_unavailable=False, cmake_clean_cache=False, cmake_clean_first=False, cmake_force_configure=False, ament_cmake_args=None, catkin_cmake_args=None, catkin_skip_building_tests=False, mixin_files=None, mixin=None, verb_parser=<colcon_mixin.mixin.mixin_argument.MixinArgumentDecorator object at 0x7b195aa637c0>, verb_extension=<colcon_core.verb.build.BuildVerb object at 0x7b195aa631f0>, main=<bound method BuildVerb.main of <colcon_core.verb.build.BuildVerb object at 0x7b195aa631f0>>, mixin_verb=('build',))
[0.758s] Level 1:colcon.colcon_core.package_discovery:discover_packages(colcon_meta) check parameters
[0.758s] Level 1:colcon.colcon_core.package_discovery:discover_packages(recursive) check parameters
[0.758s] Level 1:colcon.colcon_core.package_discovery:discover_packages(ignore) check parameters
[0.758s] Level 1:colcon.colcon_core.package_discovery:discover_packages(path) check parameters
[0.758s] Level 1:colcon.colcon_core.package_discovery:discover_packages(colcon_meta) discover
[0.759s] Level 1:colcon.colcon_core.package_discovery:discover_packages(recursive) discover
[0.759s] INFO:colcon.colcon_core.package_discovery:Crawling recursively for packages in '/home/mars/tayota_ws'
[0.759s] Level 1:colcon.colcon_core.package_identification:_identify(.) by extensions ['ignore', 'ignore_ament_install']
[0.759s] Level 1:colcon.colcon_core.package_identification:_identify(.) by extension 'ignore'
[0.759s] Level 1:colcon.colcon_core.package_identification:_identify(.) by extension 'ignore_ament_install'
[0.759s] Level 1:colcon.colcon_core.package_identification:_identify(.) by extensions ['colcon_pkg']
[0.759s] Level 1:colcon.colcon_core.package_identification:_identify(.) by extension 'colcon_pkg'
[0.759s] Level 1:colcon.colcon_core.package_identification:_identify(.) by extensions ['colcon_meta']
[0.760s] Level 1:colcon.colcon_core.package_identification:_identify(.) by extension 'colcon_meta'
[0.760s] Level 1:colcon.colcon_core.package_identification:_identify(.) by extensions ['ros']
[0.760s] Level 1:colcon.colcon_core.package_identification:_identify(.) by extension 'ros'
[0.785s] Level 1:colcon.colcon_core.package_identification:_identify(.) by extensions ['cmake', 'python']
[0.785s] Level 1:colcon.colcon_core.package_identification:_identify(.) by extension 'cmake'
[0.785s] Level 1:colcon.colcon_core.package_identification:_identify(.) by extension 'python'
[0.785s] Level 1:colcon.colcon_core.package_identification:_identify(.) by extensions ['python_setup_py']
[0.785s] Level 1:colcon.colcon_core.package_identification:_identify(.) by extension 'python_setup_py'
[0.786s] Level 1:colcon.colcon_core.package_identification:_identify(build) by extensions ['ignore', 'ignore_ament_install']
[0.786s] Level 1:colcon.colcon_core.package_identification:_identify(build) by extension 'ignore'
[0.786s] Level 1:colcon.colcon_core.package_identification:_identify(build) ignored
[0.786s] Level 1:colcon.colcon_core.package_identification:_identify(install) by extensions ['ignore', 'ignore_ament_install']
[0.787s] Level 1:colcon.colcon_core.package_identification:_identify(install) by extension 'ignore'
[0.787s] Level 1:colcon.colcon_core.package_identification:_identify(install) ignored
[0.787s] Level 1:colcon.colcon_core.package_identification:_identify(log) by extensions ['ignore', 'ignore_ament_install']
[0.787s] Level 1:colcon.colcon_core.package_identification:_identify(log) by extension 'ignore'
[0.787s] Level 1:colcon.colcon_core.package_identification:_identify(log) ignored
[0.788s] Level 1:colcon.colcon_core.package_identification:_identify(src) by extensions ['ignore', 'ignore_ament_install']
[0.788s] Level 1:colcon.colcon_core.package_identification:_identify(src) by extension 'ignore'
[0.788s] Level 1:colcon.colcon_core.package_identification:_identify(src) by extension 'ignore_ament_install'
[0.788s] Level 1:colcon.colcon_core.package_identification:_identify(src) by extensions ['colcon_pkg']
[0.788s] Level 1:colcon.colcon_core.package_identification:_identify(src) by extension 'colcon_pkg'
[0.788s] Level 1:colcon.colcon_core.package_identification:_identify(src) by extensions ['colcon_meta']
[0.788s] Level 1:colcon.colcon_core.package_identification:_identify(src) by extension 'colcon_meta'
[0.788s] Level 1:colcon.colcon_core.package_identification:_identify(src) by extensions ['ros']
[0.788s] Level 1:colcon.colcon_core.package_identification:_identify(src) by extension 'ros'
[0.789s] Level 1:colcon.colcon_core.package_identification:_identify(src) by extensions ['cmake', 'python']
[0.789s] Level 1:colcon.colcon_core.package_identification:_identify(src) by extension 'cmake'
[0.789s] Level 1:colcon.colcon_core.package_identification:_identify(src) by extension 'python'
[0.789s] Level 1:colcon.colcon_core.package_identification:_identify(src) by extensions ['python_setup_py']
[0.789s] Level 1:colcon.colcon_core.package_identification:_identify(src) by extension 'python_setup_py'
[0.789s] Level 1:colcon.colcon_core.package_identification:_identify(src/realsense_line_follower) by extensions ['ignore', 'ignore_ament_install']
[0.789s] Level 1:colcon.colcon_core.package_identification:_identify(src/realsense_line_follower) by extension 'ignore'
[0.790s] Level 1:colcon.colcon_core.package_identification:_identify(src/realsense_line_follower) by extension 'ignore_ament_install'
[0.790s] Level 1:colcon.colcon_core.package_identification:_identify(src/realsense_line_follower) by extensions ['colcon_pkg']
[0.790s] Level 1:colcon.colcon_core.package_identification:_identify(src/realsense_line_follower) by extension 'colcon_pkg'
[0.790s] Level 1:colcon.colcon_core.package_identification:_identify(src/realsense_line_follower) by extensions ['colcon_meta']
[0.790s] Level 1:colcon.colcon_core.package_identification:_identify(src/realsense_line_follower) by extension 'colcon_meta'
[0.790s] Level 1:colcon.colcon_core.package_identification:_identify(src/realsense_line_follower) by extensions ['ros']
[0.790s] Level 1:colcon.colcon_core.package_identification:_identify(src/realsense_line_follower) by extension 'ros'
[0.799s] DEBUG:colcon.colcon_core.package_identification:Package 'src/realsense_line_follower' with type 'ros.ament_cmake' and name 'realsense_line_follower'
[0.799s] Level 1:colcon.colcon_core.package_discovery:discover_packages(recursive) using defaults
[0.799s] Level 1:colcon.colcon_core.package_discovery:discover_packages(ignore) discover
[0.799s] Level 1:colcon.colcon_core.package_discovery:discover_packages(ignore) using defaults
[0.799s] Level 1:colcon.colcon_core.package_discovery:discover_packages(path) discover
[0.799s] Level 1:colcon.colcon_core.package_discovery:discover_packages(path) using defaults
[0.868s] Level 1:colcon.colcon_core.package_discovery:discover_packages(prefix_path) check parameters
[0.868s] Level 1:colcon.colcon_core.package_discovery:discover_packages(prefix_path) discover
[0.877s] DEBUG:colcon.colcon_installed_package_information.package_discovery:Found 14 installed packages in /home/mars/ros2_ws/install
[0.879s] DEBUG:colcon.colcon_installed_package_information.package_discovery:Found 1 installed packages in /home/mars/ws_livox/install
[0.886s] DEBUG:colcon.colcon_installed_package_information.package_discovery:Found 431 installed packages in /opt/ros/humble
[0.892s] Level 1:colcon.colcon_core.package_discovery:discover_packages(prefix_path) using defaults
[1.044s] Level 5:colcon.colcon_core.verb:set package 'realsense_line_follower' build argument 'cmake_args' from command line to 'None'
[1.044s] Level 5:colcon.colcon_core.verb:set package 'realsense_line_follower' build argument 'cmake_target' from command line to 'None'
[1.044s] Level 5:colcon.colcon_core.verb:set package 'realsense_line_follower' build argument 'cmake_target_skip_unavailable' from command line to 'False'
[1.044s] Level 5:colcon.colcon_core.verb:set package 'realsense_line_follower' build argument 'cmake_clean_cache' from command line to 'False'
[1.044s] Level 5:colcon.colcon_core.verb:set package 'realsense_line_follower' build argument 'cmake_clean_first' from command line to 'False'
[1.044s] Level 5:colcon.colcon_core.verb:set package 'realsense_line_follower' build argument 'cmake_force_configure' from command line to 'False'
[1.044s] Level 5:colcon.colcon_core.verb:set package 'realsense_line_follower' build argument 'ament_cmake_args' from command line to 'None'
[1.045s] Level 5:colcon.colcon_core.verb:set package 'realsense_line_follower' build argument 'catkin_cmake_args' from command line to 'None'
[1.045s] Level 5:colcon.colcon_core.verb:set package 'realsense_line_follower' build argument 'catkin_skip_building_tests' from command line to 'False'
[1.045s] DEBUG:colcon.colcon_core.verb:Building package 'realsense_line_follower' with the following arguments: {'ament_cmake_args': None, 'build_base': '/home/mars/tayota_ws/build/realsense_line_follower', 'catkin_cmake_args': None, 'catkin_skip_building_tests': False, 'cmake_args': None, 'cmake_clean_cache': False, 'cmake_clean_first': False, 'cmake_force_configure': False, 'cmake_target': None, 'cmake_target_skip_unavailable': False, 'install_base': '/home/mars/tayota_ws/install/realsense_line_follower', 'merge_install': False, 'path': '/home/mars/tayota_ws/src/realsense_line_follower', 'symlink_install': False, 'test_result_base': None}
[1.045s] INFO:colcon.colcon_core.executor:Executing jobs using 'parallel' executor
[1.048s] DEBUG:colcon.colcon_parallel_executor.executor.parallel:run_until_complete
[1.048s] INFO:colcon.colcon_ros.task.ament_cmake.build:Building ROS package in '/home/mars/tayota_ws/src/realsense_line_follower' with build type 'ament_cmake'
[1.048s] INFO:colcon.colcon_cmake.task.cmake.build:Building CMake package in '/home/mars/tayota_ws/src/realsense_line_follower'
[1.054s] INFO:colcon.colcon_core.plugin_system:Skipping extension 'colcon_core.shell.bat': Not used on non-Windows systems
[1.055s] INFO:colcon.colcon_core.shell:Skip shell extension 'powershell' for command environment: Not usable outside of PowerShell
[1.055s] DEBUG:colcon.colcon_core.shell:Skip shell extension 'dsv' for command environment
[1.084s] DEBUG:colcon.colcon_core.event_handler.log_command:Invoking command in '/home/mars/tayota_ws/build/realsense_line_follower': CMAKE_PREFIX_PATH=${CMAKE_PREFIX_PATH}:/home/mars/ros2_ws/install/simple_map_pub:/home/mars/ros2_ws/install/arduino_motor:/home/mars/ros2_ws/install/ackermann_keyboard_teleop:/opt/ros/humble /usr/bin/cmake --build /home/mars/tayota_ws/build/realsense_line_follower -- -j4 -l4
[27.483s] DEBUG:colcon.colcon_core.event_handler.log_command:Invoked command in '/home/mars/tayota_ws/build/realsense_line_follower' returned '0': CMAKE_PREFIX_PATH=${CMAKE_PREFIX_PATH}:/home/mars/ros2_ws/install/simple_map_pub:/home/mars/ros2_ws/install/arduino_motor:/home/mars/ros2_ws/install/ackermann_keyboard_teleop:/opt/ros/humble /usr/bin/cmake --build /home/mars/tayota_ws/build/realsense_line_follower -- -j4 -l4
[27.509s] DEBUG:colcon.colcon_core.event_handler.log_command:Invoking command in '/home/mars/tayota_ws/build/realsense_line_follower': CMAKE_PREFIX_PATH=${CMAKE_PREFIX_PATH}:/home/mars/ros2_ws/install/simple_map_pub:/home/mars/ros2_ws/install/arduino_motor:/home/mars/ros2_ws/install/ackermann_keyboard_teleop:/opt/ros/humble /usr/bin/cmake --install /home/mars/tayota_ws/build/realsense_line_follower
[27.550s] Level 1:colcon.colcon_core.environment:create_environment_scripts_only(realsense_line_follower)
[27.553s] DEBUG:colcon.colcon_core.event_handler.log_command:Invoked command in '/home/mars/tayota_ws/build/realsense_line_follower' returned '0': CMAKE_PREFIX_PATH=${CMAKE_PREFIX_PATH}:/home/mars/ros2_ws/install/simple_map_pub:/home/mars/ros2_ws/install/arduino_motor:/home/mars/ros2_ws/install/ackermann_keyboard_teleop:/opt/ros/humble /usr/bin/cmake --install /home/mars/tayota_ws/build/realsense_line_follower
[27.558s] Level 1:colcon.colcon_core.environment:checking '/home/mars/tayota_ws/install/realsense_line_follower' for CMake module files
[27.559s] Level 1:colcon.colcon_core.environment:checking '/home/mars/tayota_ws/install/realsense_line_follower' for CMake config files
[27.560s] Level 1:colcon.colcon_core.shell:create_environment_hook('realsense_line_follower', 'cmake_prefix_path')
[27.560s] INFO:colcon.colcon_core.shell:Creating environment hook '/home/mars/tayota_ws/install/realsense_line_follower/share/realsense_line_follower/hook/cmake_prefix_path.ps1'
[27.562s] INFO:colcon.colcon_core.shell:Creating environment descriptor '/home/mars/tayota_ws/install/realsense_line_follower/share/realsense_line_follower/hook/cmake_prefix_path.dsv'
[27.563s] INFO:colcon.colcon_core.shell:Creating environment hook '/home/mars/tayota_ws/install/realsense_line_follower/share/realsense_line_follower/hook/cmake_prefix_path.sh'
[27.565s] Level 1:colcon.colcon_core.environment:checking '/home/mars/tayota_ws/install/realsense_line_follower/lib'
[27.566s] Level 1:colcon.colcon_core.environment:checking '/home/mars/tayota_ws/install/realsense_line_follower/bin'
[27.566s] Level 1:colcon.colcon_core.environment:checking '/home/mars/tayota_ws/install/realsense_line_follower/lib/pkgconfig/realsense_line_follower.pc'
[27.566s] Level 1:colcon.colcon_core.environment:checking '/home/mars/tayota_ws/install/realsense_line_follower/lib/python3.10/site-packages'
[27.567s] Level 1:colcon.colcon_core.environment:checking '/home/mars/tayota_ws/install/realsense_line_follower/bin'
[27.568s] INFO:colcon.colcon_core.shell:Creating package script '/home/mars/tayota_ws/install/realsense_line_follower/share/realsense_line_follower/package.ps1'
[27.571s] INFO:colcon.colcon_core.shell:Creating package descriptor '/home/mars/tayota_ws/install/realsense_line_follower/share/realsense_line_follower/package.dsv'
[27.572s] INFO:colcon.colcon_core.shell:Creating package script '/home/mars/tayota_ws/install/realsense_line_follower/share/realsense_line_follower/package.sh'
[27.574s] INFO:colcon.colcon_core.shell:Creating package script '/home/mars/tayota_ws/install/realsense_line_follower/share/realsense_line_follower/package.bash'
[27.576s] INFO:colcon.colcon_core.shell:Creating package script '/home/mars/tayota_ws/install/realsense_line_follower/share/realsense_line_follower/package.zsh'
[27.577s] Level 1:colcon.colcon_core.environment:create_file_with_runtime_dependencies(/home/mars/tayota_ws/install/realsense_line_follower/share/colcon-core/packages/realsense_line_follower)
[27.579s] Level 1:colcon.colcon_core.environment:create_environment_scripts_only(realsense_line_follower)
[27.579s] Level 1:colcon.colcon_core.environment:checking '/home/mars/tayota_ws/install/realsense_line_follower' for CMake module files
[27.581s] Level 1:colcon.colcon_core.environment:checking '/home/mars/tayota_ws/install/realsense_line_follower' for CMake config files
[27.581s] Level 1:colcon.colcon_core.shell:create_environment_hook('realsense_line_follower', 'cmake_prefix_path')
[27.582s] INFO:colcon.colcon_core.shell:Creating environment hook '/home/mars/tayota_ws/install/realsense_line_follower/share/realsense_line_follower/hook/cmake_prefix_path.ps1'
[27.583s] INFO:colcon.colcon_core.shell:Creating environment descriptor '/home/mars/tayota_ws/install/realsense_line_follower/share/realsense_line_follower/hook/cmake_prefix_path.dsv'
[27.584s] INFO:colcon.colcon_core.shell:Creating environment hook '/home/mars/tayota_ws/install/realsense_line_follower/share/realsense_line_follower/hook/cmake_prefix_path.sh'
[27.585s] Level 1:colcon.colcon_core.environment:checking '/home/mars/tayota_ws/install/realsense_line_follower/lib'
[27.585s] Level 1:colcon.colcon_core.environment:checking '/home/mars/tayota_ws/install/realsense_line_follower/bin'
[27.585s] Level 1:colcon.colcon_core.environment:checking '/home/mars/tayota_ws/install/realsense_line_follower/lib/pkgconfig/realsense_line_follower.pc'
[27.586s] Level 1:colcon.colcon_core.environment:checking '/home/mars/tayota_ws/install/realsense_line_follower/lib/python3.10/site-packages'
[27.587s] Level 1:colcon.colcon_core.environment:checking '/home/mars/tayota_ws/install/realsense_line_follower/bin'
[27.587s] INFO:colcon.colcon_core.shell:Creating package script '/home/mars/tayota_ws/install/realsense_line_follower/share/realsense_line_follower/package.ps1'
[27.589s] INFO:colcon.colcon_core.shell:Creating package descriptor '/home/mars/tayota_ws/install/realsense_line_follower/share/realsense_line_follower/package.dsv'
[27.590s] INFO:colcon.colcon_core.shell:Creating package script '/home/mars/tayota_ws/install/realsense_line_follower/share/realsense_line_follower/package.sh'
[27.591s] INFO:colcon.colcon_core.shell:Creating package script '/home/mars/tayota_ws/install/realsense_line_follower/share/realsense_line_follower/package.bash'
[27.592s] INFO:colcon.colcon_core.shell:Creating package script '/home/mars/tayota_ws/install/realsense_line_follower/share/realsense_line_follower/package.zsh'
[27.592s] Level 1:colcon.colcon_core.environment:create_file_with_runtime_dependencies(/home/mars/tayota_ws/install/realsense_line_follower/share/colcon-core/packages/realsense_line_follower)
[27.593s] DEBUG:colcon.colcon_parallel_executor.executor.parallel:closing loop
[27.593s] DEBUG:colcon.colcon_parallel_executor.executor.parallel:loop closed
[27.593s] DEBUG:colcon.colcon_parallel_executor.executor.parallel:run_until_complete finished with '0'
[27.593s] DEBUG:colcon.colcon_core.event_reactor:joining thread
[27.595s] DEBUG:colcon.colcon_core.event_reactor:joined thread
[27.595s] INFO:colcon.colcon_core.shell:Creating prefix script '/home/mars/tayota_ws/install/local_setup.ps1'
[27.598s] INFO:colcon.colcon_core.shell:Creating prefix util module '/home/mars/tayota_ws/install/_local_setup_util_ps1.py'
[27.602s] INFO:colcon.colcon_core.shell:Creating prefix chain script '/home/mars/tayota_ws/install/setup.ps1'
[27.607s] INFO:colcon.colcon_core.shell:Creating prefix script '/home/mars/tayota_ws/install/local_setup.sh'
[27.608s] INFO:colcon.colcon_core.shell:Creating prefix util module '/home/mars/tayota_ws/install/_local_setup_util_sh.py'
[27.610s] INFO:colcon.colcon_core.shell:Creating prefix chain script '/home/mars/tayota_ws/install/setup.sh'
[27.615s] INFO:colcon.colcon_core.shell:Creating prefix script '/home/mars/tayota_ws/install/local_setup.bash'
[27.616s] INFO:colcon.colcon_core.shell:Creating prefix chain script '/home/mars/tayota_ws/install/setup.bash'
[27.620s] INFO:colcon.colcon_core.shell:Creating prefix script '/home/mars/tayota_ws/install/local_setup.zsh'
[27.622s] INFO:colcon.colcon_core.shell:Creating prefix chain script '/home/mars/tayota_ws/install/setup.zsh'
