[0.031s] Invoking command in '/home/mars/tayota_ws/build/red_stop_camera': CMAKE_PREFIX_PATH=${CMAKE_PREFIX_PATH}:/home/mars/ros2_ws/install/simple_map_pub:/home/mars/ros2_ws/install/arduino_motor:/home/mars/ros2_ws/install/ackermann_keyboard_teleop:/opt/ros/humble /usr/bin/cmake --build /home/mars/tayota_ws/build/red_stop_camera -- -j4 -l4
[0.137s] [35m[1mConsolidate compiler generated dependencies of target red_stop_camera[0m
[0.188s] [ 50%] [32mBuilding CXX object CMakeFiles/red_stop_camera.dir/src/red_stop_camera.cpp.o[0m
[18.929s] [100%] [32m[1mLinking CXX executable red_stop_camera[0m
[21.215s] [100%] Built target red_stop_camera
[21.241s] Invoked command in '/home/mars/tayota_ws/build/red_stop_camera' returned '0': CMAKE_PREFIX_PATH=${CMAKE_PREFIX_PATH}:/home/mars/ros2_ws/install/simple_map_pub:/home/mars/ros2_ws/install/arduino_motor:/home/mars/ros2_ws/install/ackermann_keyboard_teleop:/opt/ros/humble /usr/bin/cmake --build /home/mars/tayota_ws/build/red_stop_camera -- -j4 -l4
[21.244s] Invoking command in '/home/mars/tayota_ws/build/red_stop_camera': CMAKE_PREFIX_PATH=${CMAKE_PREFIX_PATH}:/home/mars/ros2_ws/install/simple_map_pub:/home/mars/ros2_ws/install/arduino_motor:/home/mars/ros2_ws/install/ackermann_keyboard_teleop:/opt/ros/humble /usr/bin/cmake --install /home/mars/tayota_ws/build/red_stop_camera
[21.264s] -- Install configuration: ""
[21.265s] -- Installing: /home/mars/tayota_ws/install/red_stop_camera/lib/red_stop_camera/red_stop_camera
[21.276s] -- Set runtime path of "/home/mars/tayota_ws/install/red_stop_camera/lib/red_stop_camera/red_stop_camera" to ""
[21.276s] -- Up-to-date: /home/mars/tayota_ws/install/red_stop_camera/share/ament_index/resource_index/package_run_dependencies/red_stop_camera
[21.276s] -- Up-to-date: /home/mars/tayota_ws/install/red_stop_camera/share/ament_index/resource_index/parent_prefix_path/red_stop_camera
[21.276s] -- Up-to-date: /home/mars/tayota_ws/install/red_stop_camera/share/red_stop_camera/environment/ament_prefix_path.sh
[21.277s] -- Up-to-date: /home/mars/tayota_ws/install/red_stop_camera/share/red_stop_camera/environment/ament_prefix_path.dsv
[21.277s] -- Up-to-date: /home/mars/tayota_ws/install/red_stop_camera/share/red_stop_camera/environment/path.sh
[21.277s] -- Up-to-date: /home/mars/tayota_ws/install/red_stop_camera/share/red_stop_camera/environment/path.dsv
[21.277s] -- Up-to-date: /home/mars/tayota_ws/install/red_stop_camera/share/red_stop_camera/local_setup.bash
[21.278s] -- Up-to-date: /home/mars/tayota_ws/install/red_stop_camera/share/red_stop_camera/local_setup.sh
[21.278s] -- Up-to-date: /home/mars/tayota_ws/install/red_stop_camera/share/red_stop_camera/local_setup.zsh
[21.278s] -- Up-to-date: /home/mars/tayota_ws/install/red_stop_camera/share/red_stop_camera/local_setup.dsv
[21.278s] -- Installing: /home/mars/tayota_ws/install/red_stop_camera/share/red_stop_camera/package.dsv
[21.278s] -- Up-to-date: /home/mars/tayota_ws/install/red_stop_camera/share/ament_index/resource_index/packages/red_stop_camera
[21.278s] -- Up-to-date: /home/mars/tayota_ws/install/red_stop_camera/share/red_stop_camera/cmake/red_stop_cameraConfig.cmake
[21.279s] -- Up-to-date: /home/mars/tayota_ws/install/red_stop_camera/share/red_stop_camera/cmake/red_stop_cameraConfig-version.cmake
[21.279s] -- Up-to-date: /home/mars/tayota_ws/install/red_stop_camera/share/red_stop_camera/package.xml
[21.282s] Invoked command in '/home/mars/tayota_ws/build/red_stop_camera' returned '0': CMAKE_PREFIX_PATH=${CMAKE_PREFIX_PATH}:/home/mars/ros2_ws/install/simple_map_pub:/home/mars/ros2_ws/install/arduino_motor:/home/mars/ros2_ws/install/ackermann_keyboard_teleop:/opt/ros/humble /usr/bin/cmake --install /home/mars/tayota_ws/build/red_stop_camera
