[0.030s] Invoking command in '/home/mars/tayota_ws/build/realsense_line_follower': CMAKE_PREFIX_PATH=${CMAKE_PREFIX_PATH}:/home/mars/ros2_ws/install/simple_map_pub:/home/mars/ros2_ws/install/arduino_motor:/home/mars/ros2_ws/install/ackermann_keyboard_teleop:/opt/ros/humble /usr/bin/cmake --build /home/mars/tayota_ws/build/realsense_line_follower -- -j4 -l4
[0.143s] [35m[1mConsolidate compiler generated dependencies of target line_follower[0m
[0.206s] [ 66%] [32mBuilding CXX object CMakeFiles/line_follower.dir/src/line_follower.cpp.o[0m
[0.207s] [ 66%] [32mBuilding CXX object CMakeFiles/line_follower.dir/src/main.cpp.o[0m
[8.155s] [01m[K/home/mars/tayota_ws/src/realsense_line_follower/src/line_follower.cpp:[m[K In member function ‘[01m[Kbool LineFollower::detectLineContour(const cv::Mat&, double&, double&)[m[K’:
[8.156s] [01m[K/home/mars/tayota_ws/src/realsense_line_follower/src/line_follower.cpp:230:26:[m[K [01;31m[Kerror: [m[K‘[01m[Kcontours[m[K’ was not declared in this scope
[8.156s]   230 |   for (size_t i = 0; i < [01;31m[Kcontours[m[K.size(); i++) {
[8.156s]       |                          [01;31m[K^~~~~~~~[m[K
[8.160s] [01m[K/home/mars/tayota_ws/src/realsense_line_follower/src/line_follower.cpp:231:16:[m[K [01;31m[Kerror: [m[K‘[01m[KcontourArea[m[K’ was not declared in this scope; did you mean ‘[01m[Kcv::contourArea[m[K’?
[8.161s]   231 |     double a = [01;31m[KcontourArea[m[K(contours[i]);
[8.161s]       |                [01;31m[K^~~~~~~~~~~[m[K
[8.161s]       |                [32m[Kcv::contourArea[m[K
[8.161s] In file included from [01m[K/usr/include/opencv4/opencv2/imgproc/imgproc.hpp:48[m[K,
[8.161s]                  from [01m[K/opt/ros/humble/include/cv_bridge/cv_bridge/cv_bridge.h:44[m[K,
[8.161s]                  from [01m[K/home/mars/tayota_ws/src/realsense_line_follower/include/realsense_line_follower/line_follower.hpp:8[m[K,
[8.162s]                  from [01m[K/home/mars/tayota_ws/src/realsense_line_follower/src/line_follower.cpp:1[m[K:
[8.162s] [01m[K/usr/include/opencv4/opencv2/imgproc.hpp:3993:21:[m[K [01;36m[Knote: [m[K‘[01m[Kcv::contourArea[m[K’ declared here
[8.162s]  3993 | CV_EXPORTS_W double [01;36m[KcontourArea[m[K( InputArray contour, bool oriented = false );
[8.162s]       |                     [01;36m[K^~~~~~~~~~~[m[K
[8.177s] [01m[K/home/mars/tayota_ws/src/realsense_line_follower/src/line_follower.cpp:243:18:[m[K [01;31m[Kerror: [m[K‘[01m[Kcontours[m[K’ was not declared in this scope; did you mean ‘[01m[Kcontour[m[K’?
[8.178s]   243 |   auto contour = [01;31m[Kcontours[m[K[idx];
[8.178s]       |                  [01;31m[K^~~~~~~~[m[K
[8.178s]       |                  [32m[Kcontour[m[K
[8.181s] [01m[K/home/mars/tayota_ws/src/realsense_line_follower/src/line_follower.cpp:245:18:[m[K [01;31m[Kerror: [m[K‘[01m[KboundingRect[m[K’ was not declared in this scope; did you mean ‘[01m[Kcv::boundingRect[m[K’?
[8.181s]   245 |   cv::Rect box = [01;31m[KboundingRect[m[K(contour);
[8.181s]       |                  [01;31m[K^~~~~~~~~~~~[m[K
[8.181s]       |                  [32m[Kcv::boundingRect[m[K
[8.181s] In file included from [01m[K/usr/include/opencv4/opencv2/imgproc/imgproc.hpp:48[m[K,
[8.181s]                  from [01m[K/opt/ros/humble/include/cv_bridge/cv_bridge/cv_bridge.h:44[m[K,
[8.182s]                  from [01m[K/home/mars/tayota_ws/src/realsense_line_follower/include/realsense_line_follower/line_follower.hpp:8[m[K,
[8.182s]                  from [01m[K/home/mars/tayota_ws/src/realsense_line_follower/src/line_follower.cpp:1[m[K:
[8.182s] [01m[K/usr/include/opencv4/opencv2/imgproc.hpp:3961:19:[m[K [01;36m[Knote: [m[K‘[01m[Kcv::boundingRect[m[K’ declared here
[8.182s]  3961 | CV_EXPORTS_W Rect [01;36m[KboundingRect[m[K( InputArray array );
[8.182s]       |                   [01;36m[K^~~~~~~~~~~~[m[K
[8.183s] [01m[K/home/mars/tayota_ws/src/realsense_line_follower/src/line_follower.cpp:246:17:[m[K [01;31m[Kerror: [m[K‘[01m[KcontourArea[m[K’ was not declared in this scope; did you mean ‘[01m[Kcv::contourArea[m[K’?
[8.184s]   246 |   double area = [01;31m[KcontourArea[m[K(contour);
[8.184s]       |                 [01;31m[K^~~~~~~~~~~[m[K
[8.184s]       |                 [32m[Kcv::contourArea[m[K
[8.184s] In file included from [01m[K/usr/include/opencv4/opencv2/imgproc/imgproc.hpp:48[m[K,
[8.184s]                  from [01m[K/opt/ros/humble/include/cv_bridge/cv_bridge/cv_bridge.h:44[m[K,
[8.185s]                  from [01m[K/home/mars/tayota_ws/src/realsense_line_follower/include/realsense_line_follower/line_follower.hpp:8[m[K,
[8.185s]                  from [01m[K/home/mars/tayota_ws/src/realsense_line_follower/src/line_follower.cpp:1[m[K:
[8.185s] [01m[K/usr/include/opencv4/opencv2/imgproc.hpp:3993:21:[m[K [01;36m[Knote: [m[K‘[01m[Kcv::contourArea[m[K’ declared here
[8.185s]  3993 | CV_EXPORTS_W double [01;36m[KcontourArea[m[K( InputArray contour, bool oriented = false );
[8.185s]       |                     [01;36m[K^~~~~~~~~~~[m[K
[14.795s] gmake[2]: *** [CMakeFiles/line_follower.dir/build.make:90: CMakeFiles/line_follower.dir/src/line_follower.cpp.o] Error 1
[14.796s] gmake[1]: *** [CMakeFiles/Makefile2:137: CMakeFiles/line_follower.dir/all] Error 2
[14.796s] gmake: *** [Makefile:146: all] Error 2
[14.800s] Invoked command in '/home/mars/tayota_ws/build/realsense_line_follower' returned '2': CMAKE_PREFIX_PATH=${CMAKE_PREFIX_PATH}:/home/mars/ros2_ws/install/simple_map_pub:/home/mars/ros2_ws/install/arduino_motor:/home/mars/ros2_ws/install/ackermann_keyboard_teleop:/opt/ros/humble /usr/bin/cmake --build /home/mars/tayota_ws/build/realsense_line_follower -- -j4 -l4
