[0.057s] Invoking command in '/home/mars/tayota_ws/build/red_stop_camera': CMAKE_PREFIX_PATH=${CMAKE_PREFIX_PATH}:/home/mars/ros2_ws/install/simple_map_pub:/home/mars/ros2_ws/install/arduino_motor:/home/mars/ros2_ws/install/ackermann_keyboard_teleop:/opt/ros/humble /usr/bin/cmake --build /home/mars/tayota_ws/build/red_stop_camera -- -j4 -l4
[0.337s] [100%] Built target red_stop_camera
[0.741s] Invoked command in '/home/mars/tayota_ws/build/red_stop_camera' returned '0': CMAKE_PREFIX_PATH=${CMAKE_PREFIX_PATH}:/home/mars/ros2_ws/install/simple_map_pub:/home/mars/ros2_ws/install/arduino_motor:/home/mars/ros2_ws/install/ackermann_keyboard_teleop:/opt/ros/humble /usr/bin/cmake --build /home/mars/tayota_ws/build/red_stop_camera -- -j4 -l4
[0.744s] Invoking command in '/home/mars/tayota_ws/build/red_stop_camera': CMAKE_PREFIX_PATH=${CMAKE_PREFIX_PATH}:/home/mars/ros2_ws/install/simple_map_pub:/home/mars/ros2_ws/install/arduino_motor:/home/mars/ros2_ws/install/ackermann_keyboard_teleop:/opt/ros/humble /usr/bin/cmake --install /home/mars/tayota_ws/build/red_stop_camera
[0.764s] -- Install configuration: ""
[0.766s] -- Up-to-date: /home/mars/tayota_ws/install/red_stop_camera/lib/red_stop_camera/red_stop_camera
[0.768s] -- Up-to-date: /home/mars/tayota_ws/install/red_stop_camera/share/ament_index/resource_index/package_run_dependencies/red_stop_camera
[0.771s] -- Up-to-date: /home/mars/tayota_ws/install/red_stop_camera/share/ament_index/resource_index/parent_prefix_path/red_stop_camera
[0.772s] -- Up-to-date: /home/mars/tayota_ws/install/red_stop_camera/share/red_stop_camera/environment/ament_prefix_path.sh
[0.772s] -- Up-to-date: /home/mars/tayota_ws/install/red_stop_camera/share/red_stop_camera/environment/ament_prefix_path.dsv
[0.772s] -- Up-to-date: /home/mars/tayota_ws/install/red_stop_camera/share/red_stop_camera/environment/path.sh
[0.773s] -- Up-to-date: /home/mars/tayota_ws/install/red_stop_camera/share/red_stop_camera/environment/path.dsv
[0.773s] -- Up-to-date: /home/mars/tayota_ws/install/red_stop_camera/share/red_stop_camera/local_setup.bash
[0.773s] -- Up-to-date: /home/mars/tayota_ws/install/red_stop_camera/share/red_stop_camera/local_setup.sh
[0.773s] -- Up-to-date: /home/mars/tayota_ws/install/red_stop_camera/share/red_stop_camera/local_setup.zsh
[0.773s] -- Up-to-date: /home/mars/tayota_ws/install/red_stop_camera/share/red_stop_camera/local_setup.dsv
[0.773s] -- Installing: /home/mars/tayota_ws/install/red_stop_camera/share/red_stop_camera/package.dsv
[0.774s] -- Up-to-date: /home/mars/tayota_ws/install/red_stop_camera/share/ament_index/resource_index/packages/red_stop_camera
[0.774s] -- Up-to-date: /home/mars/tayota_ws/install/red_stop_camera/share/red_stop_camera/cmake/red_stop_cameraConfig.cmake
[0.774s] -- Up-to-date: /home/mars/tayota_ws/install/red_stop_camera/share/red_stop_camera/cmake/red_stop_cameraConfig-version.cmake
[0.774s] -- Up-to-date: /home/mars/tayota_ws/install/red_stop_camera/share/red_stop_camera/package.xml
[0.820s] Invoked command in '/home/mars/tayota_ws/build/red_stop_camera' returned '0': CMAKE_PREFIX_PATH=${CMAKE_PREFIX_PATH}:/home/mars/ros2_ws/install/simple_map_pub:/home/mars/ros2_ws/install/arduino_motor:/home/mars/ros2_ws/install/ackermann_keyboard_teleop:/opt/ros/humble /usr/bin/cmake --install /home/mars/tayota_ws/build/red_stop_camera
