[0.073s] Invoking command in '/home/mars/tayota_ws/build/realsense_line_follower': CMAKE_PREFIX_PATH=${CMAKE_PREFIX_PATH}:/home/mars/ros2_ws/install/simple_map_pub:/home/mars/ros2_ws/install/arduino_motor:/home/mars/ros2_ws/install/ackermann_keyboard_teleop:/opt/ros/humble /usr/bin/cmake --build /home/mars/tayota_ws/build/realsense_line_follower -- -j4 -l4
[0.365s] [100%] Built target line_follower
[0.743s] Invoked command in '/home/mars/tayota_ws/build/realsense_line_follower' returned '0': CMAKE_PREFIX_PATH=${CMAKE_PREFIX_PATH}:/home/mars/ros2_ws/install/simple_map_pub:/home/mars/ros2_ws/install/arduino_motor:/home/mars/ros2_ws/install/ackermann_keyboard_teleop:/opt/ros/humble /usr/bin/cmake --build /home/mars/tayota_ws/build/realsense_line_follower -- -j4 -l4
[0.769s] Invoking command in '/home/mars/tayota_ws/build/realsense_line_follower': CMAKE_PREFIX_PATH=${CMAKE_PREFIX_PATH}:/home/mars/ros2_ws/install/simple_map_pub:/home/mars/ros2_ws/install/arduino_motor:/home/mars/ros2_ws/install/ackermann_keyboard_teleop:/opt/ros/humble /usr/bin/cmake --install /home/mars/tayota_ws/build/realsense_line_follower
[0.789s] -- Install configuration: ""
[0.791s] -- Up-to-date: /home/mars/tayota_ws/install/realsense_line_follower/lib/realsense_line_follower/line_follower
[0.792s] -- Up-to-date: /home/mars/tayota_ws/install/realsense_line_follower/share/realsense_line_follower/launch
[0.792s] -- Up-to-date: /home/mars/tayota_ws/install/realsense_line_follower/share/realsense_line_follower/launch/line_follow.launch.py
[0.792s] -- Up-to-date: /home/mars/tayota_ws/install/realsense_line_follower/share/realsense_line_follower/config
[0.792s] -- Up-to-date: /home/mars/tayota_ws/install/realsense_line_follower/share/realsense_line_follower/config/params.yaml
[0.793s] -- Up-to-date: /home/mars/tayota_ws/install/realsense_line_follower/share/ament_index/resource_index/package_run_dependencies/realsense_line_follower
[0.795s] -- Up-to-date: /home/mars/tayota_ws/install/realsense_line_follower/share/ament_index/resource_index/parent_prefix_path/realsense_line_follower
[0.795s] -- Up-to-date: /home/mars/tayota_ws/install/realsense_line_follower/share/realsense_line_follower/environment/ament_prefix_path.sh
[0.796s] -- Up-to-date: /home/mars/tayota_ws/install/realsense_line_follower/share/realsense_line_follower/environment/ament_prefix_path.dsv
[0.796s] -- Up-to-date: /home/mars/tayota_ws/install/realsense_line_follower/share/realsense_line_follower/environment/path.sh
[0.796s] -- Up-to-date: /home/mars/tayota_ws/install/realsense_line_follower/share/realsense_line_follower/environment/path.dsv
[0.796s] -- Up-to-date: /home/mars/tayota_ws/install/realsense_line_follower/share/realsense_line_follower/local_setup.bash
[0.796s] -- Up-to-date: /home/mars/tayota_ws/install/realsense_line_follower/share/realsense_line_follower/local_setup.sh
[0.796s] -- Up-to-date: /home/mars/tayota_ws/install/realsense_line_follower/share/realsense_line_follower/local_setup.zsh
[0.797s] -- Up-to-date: /home/mars/tayota_ws/install/realsense_line_follower/share/realsense_line_follower/local_setup.dsv
[0.797s] -- Installing: /home/mars/tayota_ws/install/realsense_line_follower/share/realsense_line_follower/package.dsv
[0.798s] -- Up-to-date: /home/mars/tayota_ws/install/realsense_line_follower/share/ament_index/resource_index/packages/realsense_line_follower
[0.799s] -- Up-to-date: /home/mars/tayota_ws/install/realsense_line_follower/share/realsense_line_follower/cmake/realsense_line_followerConfig.cmake
[0.799s] -- Up-to-date: /home/mars/tayota_ws/install/realsense_line_follower/share/realsense_line_follower/cmake/realsense_line_followerConfig-version.cmake
[0.800s] -- Up-to-date: /home/mars/tayota_ws/install/realsense_line_follower/share/realsense_line_follower/package.xml
[0.803s] Invoked command in '/home/mars/tayota_ws/build/realsense_line_follower' returned '0': CMAKE_PREFIX_PATH=${CMAKE_PREFIX_PATH}:/home/mars/ros2_ws/install/simple_map_pub:/home/mars/ros2_ws/install/arduino_motor:/home/mars/ros2_ws/install/ackermann_keyboard_teleop:/opt/ros/humble /usr/bin/cmake --install /home/mars/tayota_ws/build/realsense_line_follower
