[0.029s] Invoking command in '/home/mars/tayota_ws/build/realsense_line_follower': CMAKE_PREFIX_PATH=${CMAKE_PREFIX_PATH}:/home/mars/ros2_ws/install/simple_map_pub:/home/mars/ros2_ws/install/arduino_motor:/home/mars/ros2_ws/install/ackermann_keyboard_teleop:/opt/ros/humble /usr/bin/cmake --build /home/mars/tayota_ws/build/realsense_line_follower -- -j4 -l4
[0.150s] [35m[1mConsolidate compiler generated dependencies of target line_follower[0m
[0.209s] [ 33%] [32mBuilding CXX object CMakeFiles/line_follower.dir/src/main.cpp.o[0m
[0.209s] [ 66%] [32mBuilding CXX object CMakeFiles/line_follower.dir/src/line_follower.cpp.o[0m
[8.146s] In file included from [01m[K/home/mars/tayota_ws/src/realsense_line_follower/src/main.cpp:1[m[K:
[8.146s] [01m[K/home/mars/tayota_ws/src/realsense_line_follower/include/realsense_line_follower/line_follower.hpp:35:36:[m[K [01;31m[Kerror: [m[K‘[01m[KBool[m[K’ is not a member of ‘[01m[Kstd_msgs::msg[m[K’
[8.146s]    35 |   rclcpp::Publisher<std_msgs::msg::[01;31m[KBool[m[K>::SharedPtr trigger_pub_;
[8.147s]       |                                    [01;31m[K^~~~[m[K
[8.147s] [01m[K/home/mars/tayota_ws/src/realsense_line_follower/include/realsense_line_follower/line_follower.hpp:35:40:[m[K [01;31m[Kerror: [m[Ktemplate argument 1 is invalid
[8.147s]    35 |   rclcpp::Publisher<std_msgs::msg::Bool[01;31m[K>[m[K::SharedPtr trigger_pub_;
[8.147s]       |                                        [01;31m[K^[m[K
[8.147s] [01m[K/home/mars/tayota_ws/src/realsense_line_follower/include/realsense_line_follower/line_follower.hpp:35:43:[m[K [01;31m[Kerror: [m[Kexpected ‘[01m[K;[m[K’ at end of member declaration
[8.148s]    35 |   rclcpp::Publisher<std_msgs::msg::Bool>::[01;31m[KSharedPtr[m[K trigger_pub_;
[8.148s]       |                                           [01;31m[K^~~~~~~~~[m[K
[8.148s]       |                                                    [32m[K;[m[K
[8.157s] [01m[K/home/mars/tayota_ws/src/realsense_line_follower/include/realsense_line_follower/line_follower.hpp:35:53:[m[K [01;31m[Kerror: [m[K‘[01m[Ktrigger_pub_[m[K’ does not name a type
[8.157s]    35 |   rclcpp::Publisher<std_msgs::msg::Bool>::SharedPtr [01;31m[Ktrigger_pub_[m[K;
[8.157s]       |                                                     [01;31m[K^~~~~~~~~~~~[m[K
[8.620s] In file included from [01m[K/home/mars/tayota_ws/src/realsense_line_follower/src/line_follower.cpp:1[m[K:
[8.621s] [01m[K/home/mars/tayota_ws/src/realsense_line_follower/include/realsense_line_follower/line_follower.hpp:35:36:[m[K [01;31m[Kerror: [m[K‘[01m[KBool[m[K’ is not a member of ‘[01m[Kstd_msgs::msg[m[K’
[8.621s]    35 |   rclcpp::Publisher<std_msgs::msg::[01;31m[KBool[m[K>::SharedPtr trigger_pub_;
[8.621s]       |                                    [01;31m[K^~~~[m[K
[8.621s] [01m[K/home/mars/tayota_ws/src/realsense_line_follower/include/realsense_line_follower/line_follower.hpp:35:40:[m[K [01;31m[Kerror: [m[Ktemplate argument 1 is invalid
[8.621s]    35 |   rclcpp::Publisher<std_msgs::msg::Bool[01;31m[K>[m[K::SharedPtr trigger_pub_;
[8.622s]       |                                        [01;31m[K^[m[K
[8.622s] [01m[K/home/mars/tayota_ws/src/realsense_line_follower/include/realsense_line_follower/line_follower.hpp:35:43:[m[K [01;31m[Kerror: [m[Kexpected ‘[01m[K;[m[K’ at end of member declaration
[8.622s]    35 |   rclcpp::Publisher<std_msgs::msg::Bool>::[01;31m[KSharedPtr[m[K trigger_pub_;
[8.622s]       |                                           [01;31m[K^~~~~~~~~[m[K
[8.622s]       |                                                    [32m[K;[m[K
[8.630s] [01m[K/home/mars/tayota_ws/src/realsense_line_follower/include/realsense_line_follower/line_follower.hpp:35:53:[m[K [01;31m[Kerror: [m[K‘[01m[Ktrigger_pub_[m[K’ does not name a type
[8.631s]    35 |   rclcpp::Publisher<std_msgs::msg::Bool>::SharedPtr [01;31m[Ktrigger_pub_[m[K;
[8.631s]       |                                                     [01;31m[K^~~~~~~~~~~~[m[K
[8.698s] [01m[K/home/mars/tayota_ws/src/realsense_line_follower/src/line_follower.cpp:[m[K In constructor ‘[01m[KLineFollower::LineFollower()[m[K’:
[8.698s] [01m[K/home/mars/tayota_ws/src/realsense_line_follower/src/line_follower.cpp:115:3:[m[K [01;31m[Kerror: [m[K‘[01m[Ktrigger_pub_[m[K’ was not declared in this scope
[8.698s]   115 |   [01;31m[Ktrigger_pub_[m[K = create_publisher<std_msgs::msg::Bool>("/red_stop_trigger", 10);
[8.698s]       |   [01;31m[K^~~~~~~~~~~~[m[K
[8.704s] [01m[K/home/mars/tayota_ws/src/realsense_line_follower/src/line_follower.cpp:115:50:[m[K [01;31m[Kerror: [m[K‘[01m[KBool[m[K’ is not a member of ‘[01m[Kstd_msgs::msg[m[K’
[8.705s]   115 |   trigger_pub_ = create_publisher<std_msgs::msg::[01;31m[KBool[m[K>("/red_stop_trigger", 10);
[8.705s]       |                                                  [01;31m[K^~~~[m[K
[8.705s] [01m[K/home/mars/tayota_ws/src/realsense_line_follower/src/line_follower.cpp:115:55:[m[K [01;31m[Kerror: [m[Kno matching function for call to ‘[01m[KLineFollower::create_publisher<<expression error> >(const char [18], int)[m[K’
[8.705s]   115 |   trigger_pub_ = [01;31m[Kcreate_publisher<std_msgs::msg::Bool>("/red_stop_trigger", 10)[m[K;
[8.705s]       |                  [01;31m[K~~~~~~~~~~~~~~~~~~~~~~~~~~~~~~~~~~~~~^~~~~~~~~~~~~~~~~~~~~~~~~[m[K
[8.705s] In file included from [01m[K/opt/ros/humble/include/rclcpp/rclcpp/node.hpp:1321[m[K,
[8.706s]                  from [01m[K/opt/ros/humble/include/rclcpp/rclcpp/executors/single_threaded_executor.hpp:28[m[K,
[8.706s]                  from [01m[K/opt/ros/humble/include/rclcpp/rclcpp/executors.hpp:22[m[K,
[8.706s]                  from [01m[K/opt/ros/humble/include/rclcpp/rclcpp/rclcpp.hpp:155[m[K,
[8.706s]                  from [01m[K/home/mars/tayota_ws/src/realsense_line_follower/include/realsense_line_follower/line_follower.hpp:3[m[K,
[8.706s]                  from [01m[K/home/mars/tayota_ws/src/realsense_line_follower/src/line_follower.cpp:1[m[K:
[8.706s] [01m[K/opt/ros/humble/include/rclcpp/rclcpp/node_impl.hpp:73:1:[m[K [01;36m[Knote: [m[Kcandidate: ‘[01m[Ktemplate<class MessageT, class AllocatorT, class PublisherT> std::shared_ptr<PublisherT> rclcpp::Node::create_publisher(const string&, const rclcpp::QoS&, const rclcpp::PublisherOptionsWithAllocator<AllocatorT>&)[m[K’
[8.709s]    73 | [01;36m[KNode[m[K::create_publisher(
[8.709s]       | [01;36m[K^~~~[m[K
[8.709s] [01m[K/opt/ros/humble/include/rclcpp/rclcpp/node_impl.hpp:73:1:[m[K [01;36m[Knote: [m[K  template argument deduction/substitution failed:
[8.710s] [01m[K/home/mars/tayota_ws/src/realsense_line_follower/src/line_follower.cpp:115:55:[m[K [01;31m[Kerror: [m[Ktemplate argument 1 is invalid
[8.710s]   115 |   trigger_pub_ = [01;31m[Kcreate_publisher<std_msgs::msg::Bool>("/red_stop_trigger", 10)[m[K;
[8.710s]       |                  [01;31m[K~~~~~~~~~~~~~~~~~~~~~~~~~~~~~~~~~~~~~^~~~~~~~~~~~~~~~~~~~~~~~~[m[K
[8.710s] [01m[K/home/mars/tayota_ws/src/realsense_line_follower/src/line_follower.cpp:[m[K At global scope:
[8.710s] [01m[K/home/mars/tayota_ws/src/realsense_line_follower/src/line_follower.cpp:120:6:[m[K [01;31m[Kerror: [m[Kno declaration matches ‘[01m[Kvoid LineFollower::publishRedTrigger()[m[K’
[8.710s]   120 | void [01;31m[KLineFollower[m[K::publishRedTrigger() {
[8.711s]       |      [01;31m[K^~~~~~~~~~~~[m[K
[8.711s] [01m[K/home/mars/tayota_ws/src/realsense_line_follower/src/line_follower.cpp:120:6:[m[K [01;36m[Knote: [m[Kno functions named ‘[01m[Kvoid LineFollower::publishRedTrigger()[m[K’
[8.711s] In file included from [01m[K/home/mars/tayota_ws/src/realsense_line_follower/src/line_follower.cpp:1[m[K:
[8.711s] [01m[K/home/mars/tayota_ws/src/realsense_line_follower/include/realsense_line_follower/line_follower.hpp:11:7:[m[K [01;36m[Knote: [m[K‘[01m[Kclass LineFollower[m[K’ defined here
[8.711s]    11 | class [01;36m[KLineFollower[m[K : public rclcpp::Node {
[8.711s]       |       [01;36m[K^~~~~~~~~~~~[m[K
[8.792s] [01m[K/home/mars/tayota_ws/src/realsense_line_follower/src/line_follower.cpp:[m[K In member function ‘[01m[Kvoid LineFollower::imageCallback(sensor_msgs::msg::Image_<std::allocator<void> >::SharedPtr)[m[K’:
[8.792s] [01m[K/home/mars/tayota_ws/src/realsense_line_follower/src/line_follower.cpp:398:5:[m[K [01;31m[Kerror: [m[K‘[01m[KpublishRedTrigger[m[K’ was not declared in this scope
[8.792s]   398 |     [01;31m[KpublishRedTrigger[m[K();
[8.793s]       |     [01;31m[K^~~~~~~~~~~~~~~~~[m[K
[10.389s] gmake[2]: *** [CMakeFiles/line_follower.dir/build.make:76: CMakeFiles/line_follower.dir/src/main.cpp.o] Error 1
[10.389s] gmake[2]: *** Waiting for unfinished jobs....
[15.562s] gmake[2]: *** [CMakeFiles/line_follower.dir/build.make:90: CMakeFiles/line_follower.dir/src/line_follower.cpp.o] Error 1
[15.562s] gmake[1]: *** [CMakeFiles/Makefile2:137: CMakeFiles/line_follower.dir/all] Error 2
[15.563s] gmake: *** [Makefile:146: all] Error 2
[15.567s] Invoked command in '/home/mars/tayota_ws/build/realsense_line_follower' returned '2': CMAKE_PREFIX_PATH=${CMAKE_PREFIX_PATH}:/home/mars/ros2_ws/install/simple_map_pub:/home/mars/ros2_ws/install/arduino_motor:/home/mars/ros2_ws/install/ackermann_keyboard_teleop:/opt/ros/humble /usr/bin/cmake --build /home/mars/tayota_ws/build/realsense_line_follower -- -j4 -l4
