[1.822s] Invoking command in '/home/mars/tayota_ws/src/robot_bringup': PYTHONPATH=/home/mars/tayota_ws/build/robot_bringup/prefix_override:/usr/lib/python3/dist-packages/colcon_core/task/python/colcon_distutils_commands:/home/mars/tayota_ws/install/robot_bringup/lib/python3.10/site-packages:${PYTHONPATH} /usr/bin/python3 -W ignore:setup.py install is deprecated -W ignore:easy_install command is deprecated setup.py egg_info --egg-base ../../build/robot_bringup build --build-base /home/mars/tayota_ws/build/robot_bringup/build install --record /home/mars/tayota_ws/build/robot_bringup/install.log --single-version-externally-managed install_data
[2.407s] running egg_info
[2.409s] creating ../../build/robot_bringup/robot_bringup.egg-info
[2.409s] writing ../../build/robot_bringup/robot_bringup.egg-info/PKG-INFO
[2.410s] writing dependency_links to ../../build/robot_bringup/robot_bringup.egg-info/dependency_links.txt
[2.410s] writing entry points to ../../build/robot_bringup/robot_bringup.egg-info/entry_points.txt
[2.410s] writing requirements to ../../build/robot_bringup/robot_bringup.egg-info/requires.txt
[2.410s] writing top-level names to ../../build/robot_bringup/robot_bringup.egg-info/top_level.txt
[2.411s] writing manifest file '../../build/robot_bringup/robot_bringup.egg-info/SOURCES.txt'
[2.414s] reading manifest file '../../build/robot_bringup/robot_bringup.egg-info/SOURCES.txt'
[2.415s] writing manifest file '../../build/robot_bringup/robot_bringup.egg-info/SOURCES.txt'
[2.415s] running build
[2.416s] running build_py
[2.416s] creating /home/mars/tayota_ws/build/robot_bringup/build
[2.416s] creating /home/mars/tayota_ws/build/robot_bringup/build/lib
[2.416s] creating /home/mars/tayota_ws/build/robot_bringup/build/lib/robot_bringup
[2.416s] copying robot_bringup/__init__.py -> /home/mars/tayota_ws/build/robot_bringup/build/lib/robot_bringup
[2.417s] running install
[2.417s] running install_lib
[2.418s] creating /home/mars/tayota_ws/install/robot_bringup/lib/python3.10/site-packages/robot_bringup
[2.419s] copying /home/mars/tayota_ws/build/robot_bringup/build/lib/robot_bringup/__init__.py -> /home/mars/tayota_ws/install/robot_bringup/lib/python3.10/site-packages/robot_bringup
[2.420s] byte-compiling /home/mars/tayota_ws/install/robot_bringup/lib/python3.10/site-packages/robot_bringup/__init__.py to __init__.cpython-310.pyc
[2.420s] running install_data
[2.420s] creating /home/mars/tayota_ws/install/robot_bringup/share/ament_index
[2.421s] creating /home/mars/tayota_ws/install/robot_bringup/share/ament_index/resource_index
[2.421s] creating /home/mars/tayota_ws/install/robot_bringup/share/ament_index/resource_index/packages
[2.421s] copying resource/robot_bringup -> /home/mars/tayota_ws/install/robot_bringup/share/ament_index/resource_index/packages
[2.421s] copying package.xml -> /home/mars/tayota_ws/install/robot_bringup/share/robot_bringup
[2.421s] creating /home/mars/tayota_ws/install/robot_bringup/share/robot_bringup/launch
[2.422s] copying launch/autonomous.launch.py -> /home/mars/tayota_ws/install/robot_bringup/share/robot_bringup/launch
[2.422s] running install_egg_info
[2.425s] Copying ../../build/robot_bringup/robot_bringup.egg-info to /home/mars/tayota_ws/install/robot_bringup/lib/python3.10/site-packages/robot_bringup-0.0.0-py3.10.egg-info
[2.427s] running install_scripts
[2.470s] writing list of installed files to '/home/mars/tayota_ws/build/robot_bringup/install.log'
[2.525s] Invoked command in '/home/mars/tayota_ws/src/robot_bringup' returned '0': PYTHONPATH=/home/mars/tayota_ws/build/robot_bringup/prefix_override:/usr/lib/python3/dist-packages/colcon_core/task/python/colcon_distutils_commands:/home/mars/tayota_ws/install/robot_bringup/lib/python3.10/site-packages:${PYTHONPATH} /usr/bin/python3 -W ignore:setup.py install is deprecated -W ignore:easy_install command is deprecated setup.py egg_info --egg-base ../../build/robot_bringup build --build-base /home/mars/tayota_ws/build/robot_bringup/build install --record /home/mars/tayota_ws/build/robot_bringup/install.log --single-version-externally-managed install_data
