[0.026s] Invoking command in '/home/mars/tayota_ws/build/realsense_line_follower': CMAKE_PREFIX_PATH=${CMAKE_PREFIX_PATH}:/home/mars/ros2_ws/install/simple_map_pub:/home/mars/ros2_ws/install/arduino_motor:/home/mars/ros2_ws/install/ackermann_keyboard_teleop:/opt/ros/humble /usr/bin/cmake --build /home/mars/tayota_ws/build/realsense_line_follower -- -j4 -l4
[0.117s] -- Found ament_cmake: 1.3.14 (/opt/ros/humble/share/ament_cmake/cmake)
[0.467s] -- Found rclcpp: 16.0.19 (/opt/ros/humble/share/rclcpp/cmake)
[0.570s] -- Found rosidl_generator_c: 3.1.8 (/opt/ros/humble/share/rosidl_generator_c/cmake)
[0.578s] -- Found rosidl_adapter: 3.1.8 (/opt/ros/humble/share/rosidl_adapter/cmake)
[0.599s] -- Found rosidl_generator_cpp: 3.1.8 (/opt/ros/humble/share/rosidl_generator_cpp/cmake)
[0.632s] -- Using all available rosidl_typesupport_c: rosidl_typesupport_fastrtps_c;rosidl_typesupport_introspection_c
[0.688s] -- Using all available rosidl_typesupport_cpp: rosidl_typesupport_fastrtps_cpp;rosidl_typesupport_introspection_cpp
[0.787s] -- Found rmw_implementation_cmake: 6.1.2 (/opt/ros/humble/share/rmw_implementation_cmake/cmake)
[0.807s] -- Found rmw_fastrtps_cpp: 6.2.10 (/opt/ros/humble/share/rmw_fastrtps_cpp/cmake)
[1.068s] -- Using RMW implementation 'rmw_fastrtps_cpp' as default
[1.218s] -- Found sensor_msgs: 4.9.1 (/opt/ros/humble/share/sensor_msgs/cmake)
[1.295s] -- Found cv_bridge: 3.2.1 (/opt/ros/humble/share/cv_bridge/cmake)
[1.317s] -- Found image_transport: 3.1.12 (/opt/ros/humble/share/image_transport/cmake)
[1.404s] -- Found ament_lint_auto: 0.12.15 (/opt/ros/humble/share/ament_lint_auto/cmake)
[1.583s] -- Added test 'cppcheck' to perform static code analysis on C / C++ code
[1.583s] -- Configured cppcheck include dirs: /home/mars/tayota_ws/src/realsense_line_follower/include
[1.584s] -- Configured cppcheck exclude dirs and/or files: 
[1.585s] -- Added test 'flake8' to check Python code syntax and style conventions
[1.586s] -- Added test 'lint_cmake' to check CMake code style
[1.588s] -- Added test 'pep257' to check Python code against some of the docstring style conventions in PEP 257
[1.591s] -- Added test 'uncrustify' to check C / C++ code style
[1.592s] -- Configured uncrustify additional arguments: 
[1.593s] -- Added test 'xmllint' to check XML markup files
[1.596s] -- Configuring done
[1.638s] -- Generating done
[1.648s] -- Build files have been written to: /home/mars/tayota_ws/build/realsense_line_follower
[1.721s] [35m[1mConsolidate compiler generated dependencies of target line_follower[0m
[1.781s] [100%] Built target line_follower
[1.808s] Invoked command in '/home/mars/tayota_ws/build/realsense_line_follower' returned '0': CMAKE_PREFIX_PATH=${CMAKE_PREFIX_PATH}:/home/mars/ros2_ws/install/simple_map_pub:/home/mars/ros2_ws/install/arduino_motor:/home/mars/ros2_ws/install/ackermann_keyboard_teleop:/opt/ros/humble /usr/bin/cmake --build /home/mars/tayota_ws/build/realsense_line_follower -- -j4 -l4
[1.833s] Invoking command in '/home/mars/tayota_ws/build/realsense_line_follower': CMAKE_PREFIX_PATH=${CMAKE_PREFIX_PATH}:/home/mars/ros2_ws/install/simple_map_pub:/home/mars/ros2_ws/install/arduino_motor:/home/mars/ros2_ws/install/ackermann_keyboard_teleop:/opt/ros/humble /usr/bin/cmake --install /home/mars/tayota_ws/build/realsense_line_follower
[1.853s] -- Install configuration: ""
[1.853s] -- Up-to-date: /home/mars/tayota_ws/install/realsense_line_follower/lib/realsense_line_follower/line_follower
[1.854s] -- Up-to-date: /home/mars/tayota_ws/install/realsense_line_follower/share/realsense_line_follower/launch
[1.854s] -- Up-to-date: /home/mars/tayota_ws/install/realsense_line_follower/share/realsense_line_follower/launch/line_follow.launch.py
[1.854s] -- Installing: /home/mars/tayota_ws/install/realsense_line_follower/share/realsense_line_follower/config
[1.855s] -- Installing: /home/mars/tayota_ws/install/realsense_line_follower/share/realsense_line_follower/config/params.yaml
[1.855s] -- Up-to-date: /home/mars/tayota_ws/install/realsense_line_follower/share/ament_index/resource_index/package_run_dependencies/realsense_line_follower
[1.856s] -- Up-to-date: /home/mars/tayota_ws/install/realsense_line_follower/share/ament_index/resource_index/parent_prefix_path/realsense_line_follower
[1.856s] -- Up-to-date: /home/mars/tayota_ws/install/realsense_line_follower/share/realsense_line_follower/environment/ament_prefix_path.sh
[1.856s] -- Installing: /home/mars/tayota_ws/install/realsense_line_follower/share/realsense_line_follower/environment/ament_prefix_path.dsv
[1.856s] -- Up-to-date: /home/mars/tayota_ws/install/realsense_line_follower/share/realsense_line_follower/environment/path.sh
[1.857s] -- Installing: /home/mars/tayota_ws/install/realsense_line_follower/share/realsense_line_follower/environment/path.dsv
[1.857s] -- Up-to-date: /home/mars/tayota_ws/install/realsense_line_follower/share/realsense_line_follower/local_setup.bash
[1.857s] -- Up-to-date: /home/mars/tayota_ws/install/realsense_line_follower/share/realsense_line_follower/local_setup.sh
[1.857s] -- Up-to-date: /home/mars/tayota_ws/install/realsense_line_follower/share/realsense_line_follower/local_setup.zsh
[1.857s] -- Installing: /home/mars/tayota_ws/install/realsense_line_follower/share/realsense_line_follower/local_setup.dsv
[1.858s] -- Installing: /home/mars/tayota_ws/install/realsense_line_follower/share/realsense_line_follower/package.dsv
[1.858s] -- Up-to-date: /home/mars/tayota_ws/install/realsense_line_follower/share/ament_index/resource_index/packages/realsense_line_follower
[1.858s] -- Up-to-date: /home/mars/tayota_ws/install/realsense_line_follower/share/realsense_line_follower/cmake/realsense_line_followerConfig.cmake
[1.858s] -- Up-to-date: /home/mars/tayota_ws/install/realsense_line_follower/share/realsense_line_follower/cmake/realsense_line_followerConfig-version.cmake
[1.859s] -- Up-to-date: /home/mars/tayota_ws/install/realsense_line_follower/share/realsense_line_follower/package.xml
[1.862s] Invoked command in '/home/mars/tayota_ws/build/realsense_line_follower' returned '0': CMAKE_PREFIX_PATH=${CMAKE_PREFIX_PATH}:/home/mars/ros2_ws/install/simple_map_pub:/home/mars/ros2_ws/install/arduino_motor:/home/mars/ros2_ws/install/ackermann_keyboard_teleop:/opt/ros/humble /usr/bin/cmake --install /home/mars/tayota_ws/build/realsense_line_follower
