[0.359s] DEBUG:colcon:Command line arguments: ['/usr/bin/colcon', 'build']
[0.360s] DEBUG:colcon:Parsed command line arguments: Namespace(log_base=None, log_level=None, verb_name='build', build_base='build', install_base='install', merge_install=False, symlink_install=False, test_result_base=None, continue_on_error=False, executor='parallel', parallel_workers=4, event_handlers=None, ignore_user_meta=False, metas=['./colcon.meta'], base_paths=['.'], packages_ignore=None, packages_ignore_regex=None, paths=None, packages_up_to=None, packages_up_to_regex=None, packages_above=None, packages_above_and_dependencies=None, packages_above_depth=None, packages_select_by_dep=None, packages_skip_by_dep=None, packages_skip_up_to=None, packages_select_build_failed=False, packages_skip_build_finished=False, packages_select_test_failures=False, packages_skip_test_passed=False, packages_select=None, packages_skip=None, packages_select_regex=None, packages_skip_regex=None, packages_start=None, packages_end=None, allow_overriding=[], cmake_args=None, cmake_target=None, cmake_target_skip_unavailable=False, cmake_clean_cache=False, cmake_clean_first=False, cmake_force_configure=False, ament_cmake_args=None, catkin_cmake_args=None, catkin_skip_building_tests=False, mixin_files=None, mixin=None, verb_parser=<colcon_mixin.mixin.mixin_argument.MixinArgumentDecorator object at 0x78048b943790>, verb_extension=<colcon_core.verb.build.BuildVerb object at 0x78048b9431c0>, main=<bound method BuildVerb.main of <colcon_core.verb.build.BuildVerb object at 0x78048b9431c0>>, mixin_verb=('build',))
[0.999s] Level 1:colcon.colcon_core.package_discovery:discover_packages(colcon_meta) check parameters
[0.999s] Level 1:colcon.colcon_core.package_discovery:discover_packages(recursive) check parameters
[0.999s] Level 1:colcon.colcon_core.package_discovery:discover_packages(ignore) check parameters
[0.999s] Level 1:colcon.colcon_core.package_discovery:discover_packages(path) check parameters
[0.999s] Level 1:colcon.colcon_core.package_discovery:discover_packages(colcon_meta) discover
[1.000s] Level 1:colcon.colcon_core.package_discovery:discover_packages(recursive) discover
[1.000s] INFO:colcon.colcon_core.package_discovery:Crawling recursively for packages in '/home/mars/tayota_ws'
[1.000s] Level 1:colcon.colcon_core.package_identification:_identify(.) by extensions ['ignore', 'ignore_ament_install']
[1.000s] Level 1:colcon.colcon_core.package_identification:_identify(.) by extension 'ignore'
[1.000s] Level 1:colcon.colcon_core.package_identification:_identify(.) by extension 'ignore_ament_install'
[1.000s] Level 1:colcon.colcon_core.package_identification:_identify(.) by extensions ['colcon_pkg']
[1.000s] Level 1:colcon.colcon_core.package_identification:_identify(.) by extension 'colcon_pkg'
[1.001s] Level 1:colcon.colcon_core.package_identification:_identify(.) by extensions ['colcon_meta']
[1.001s] Level 1:colcon.colcon_core.package_identification:_identify(.) by extension 'colcon_meta'
[1.001s] Level 1:colcon.colcon_core.package_identification:_identify(.) by extensions ['ros']
[1.001s] Level 1:colcon.colcon_core.package_identification:_identify(.) by extension 'ros'
[1.028s] Level 1:colcon.colcon_core.package_identification:_identify(.) by extensions ['cmake', 'python']
[1.029s] Level 1:colcon.colcon_core.package_identification:_identify(.) by extension 'cmake'
[1.029s] Level 1:colcon.colcon_core.package_identification:_identify(.) by extension 'python'
[1.029s] Level 1:colcon.colcon_core.package_identification:_identify(.) by extensions ['python_setup_py']
[1.029s] Level 1:colcon.colcon_core.package_identification:_identify(.) by extension 'python_setup_py'
[1.029s] Level 1:colcon.colcon_core.package_identification:_identify(build) by extensions ['ignore', 'ignore_ament_install']
[1.029s] Level 1:colcon.colcon_core.package_identification:_identify(build) by extension 'ignore'
[1.030s] Level 1:colcon.colcon_core.package_identification:_identify(build) ignored
[1.030s] Level 1:colcon.colcon_core.package_identification:_identify(install) by extensions ['ignore', 'ignore_ament_install']
[1.030s] Level 1:colcon.colcon_core.package_identification:_identify(install) by extension 'ignore'
[1.030s] Level 1:colcon.colcon_core.package_identification:_identify(install) ignored
[1.030s] Level 1:colcon.colcon_core.package_identification:_identify(log) by extensions ['ignore', 'ignore_ament_install']
[1.030s] Level 1:colcon.colcon_core.package_identification:_identify(log) by extension 'ignore'
[1.031s] Level 1:colcon.colcon_core.package_identification:_identify(log) ignored
[1.031s] Level 1:colcon.colcon_core.package_identification:_identify(src) by extensions ['ignore', 'ignore_ament_install']
[1.031s] Level 1:colcon.colcon_core.package_identification:_identify(src) by extension 'ignore'
[1.031s] Level 1:colcon.colcon_core.package_identification:_identify(src) by extension 'ignore_ament_install'
[1.031s] Level 1:colcon.colcon_core.package_identification:_identify(src) by extensions ['colcon_pkg']
[1.031s] Level 1:colcon.colcon_core.package_identification:_identify(src) by extension 'colcon_pkg'
[1.031s] Level 1:colcon.colcon_core.package_identification:_identify(src) by extensions ['colcon_meta']
[1.031s] Level 1:colcon.colcon_core.package_identification:_identify(src) by extension 'colcon_meta'
[1.031s] Level 1:colcon.colcon_core.package_identification:_identify(src) by extensions ['ros']
[1.032s] Level 1:colcon.colcon_core.package_identification:_identify(src) by extension 'ros'
[1.032s] Level 1:colcon.colcon_core.package_identification:_identify(src) by extensions ['cmake', 'python']
[1.032s] Level 1:colcon.colcon_core.package_identification:_identify(src) by extension 'cmake'
[1.032s] Level 1:colcon.colcon_core.package_identification:_identify(src) by extension 'python'
[1.032s] Level 1:colcon.colcon_core.package_identification:_identify(src) by extensions ['python_setup_py']
[1.032s] Level 1:colcon.colcon_core.package_identification:_identify(src) by extension 'python_setup_py'
[1.032s] Level 1:colcon.colcon_core.package_identification:_identify(src/realsense_line_follower) by extensions ['ignore', 'ignore_ament_install']
[1.032s] Level 1:colcon.colcon_core.package_identification:_identify(src/realsense_line_follower) by extension 'ignore'
[1.033s] Level 1:colcon.colcon_core.package_identification:_identify(src/realsense_line_follower) by extension 'ignore_ament_install'
[1.033s] Level 1:colcon.colcon_core.package_identification:_identify(src/realsense_line_follower) by extensions ['colcon_pkg']
[1.033s] Level 1:colcon.colcon_core.package_identification:_identify(src/realsense_line_follower) by extension 'colcon_pkg'
[1.033s] Level 1:colcon.colcon_core.package_identification:_identify(src/realsense_line_follower) by extensions ['colcon_meta']
[1.033s] Level 1:colcon.colcon_core.package_identification:_identify(src/realsense_line_follower) by extension 'colcon_meta'
[1.033s] Level 1:colcon.colcon_core.package_identification:_identify(src/realsense_line_follower) by extensions ['ros']
[1.033s] Level 1:colcon.colcon_core.package_identification:_identify(src/realsense_line_follower) by extension 'ros'
[1.043s] DEBUG:colcon.colcon_core.package_identification:Package 'src/realsense_line_follower' with type 'ros.ament_cmake' and name 'realsense_line_follower'
[1.044s] Level 1:colcon.colcon_core.package_discovery:discover_packages(recursive) using defaults
[1.044s] Level 1:colcon.colcon_core.package_discovery:discover_packages(ignore) discover
[1.044s] Level 1:colcon.colcon_core.package_discovery:discover_packages(ignore) using defaults
[1.044s] Level 1:colcon.colcon_core.package_discovery:discover_packages(path) discover
[1.044s] Level 1:colcon.colcon_core.package_discovery:discover_packages(path) using defaults
[1.124s] Level 1:colcon.colcon_core.package_discovery:discover_packages(prefix_path) check parameters
[1.124s] Level 1:colcon.colcon_core.package_discovery:discover_packages(prefix_path) discover
[1.135s] DEBUG:colcon.colcon_installed_package_information.package_discovery:Found 14 installed packages in /home/mars/ros2_ws/install
[1.136s] DEBUG:colcon.colcon_installed_package_information.package_discovery:Found 1 installed packages in /home/mars/ws_livox/install
[1.143s] DEBUG:colcon.colcon_installed_package_information.package_discovery:Found 431 installed packages in /opt/ros/humble
[1.149s] Level 1:colcon.colcon_core.package_discovery:discover_packages(prefix_path) using defaults
[1.300s] Level 5:colcon.colcon_core.verb:set package 'realsense_line_follower' build argument 'cmake_args' from command line to 'None'
[1.300s] Level 5:colcon.colcon_core.verb:set package 'realsense_line_follower' build argument 'cmake_target' from command line to 'None'
[1.300s] Level 5:colcon.colcon_core.verb:set package 'realsense_line_follower' build argument 'cmake_target_skip_unavailable' from command line to 'False'
[1.300s] Level 5:colcon.colcon_core.verb:set package 'realsense_line_follower' build argument 'cmake_clean_cache' from command line to 'False'
[1.301s] Level 5:colcon.colcon_core.verb:set package 'realsense_line_follower' build argument 'cmake_clean_first' from command line to 'False'
[1.301s] Level 5:colcon.colcon_core.verb:set package 'realsense_line_follower' build argument 'cmake_force_configure' from command line to 'False'
[1.301s] Level 5:colcon.colcon_core.verb:set package 'realsense_line_follower' build argument 'ament_cmake_args' from command line to 'None'
[1.301s] Level 5:colcon.colcon_core.verb:set package 'realsense_line_follower' build argument 'catkin_cmake_args' from command line to 'None'
[1.301s] Level 5:colcon.colcon_core.verb:set package 'realsense_line_follower' build argument 'catkin_skip_building_tests' from command line to 'False'
[1.301s] DEBUG:colcon.colcon_core.verb:Building package 'realsense_line_follower' with the following arguments: {'ament_cmake_args': None, 'build_base': '/home/mars/tayota_ws/build/realsense_line_follower', 'catkin_cmake_args': None, 'catkin_skip_building_tests': False, 'cmake_args': None, 'cmake_clean_cache': False, 'cmake_clean_first': False, 'cmake_force_configure': False, 'cmake_target': None, 'cmake_target_skip_unavailable': False, 'install_base': '/home/mars/tayota_ws/install/realsense_line_follower', 'merge_install': False, 'path': '/home/mars/tayota_ws/src/realsense_line_follower', 'symlink_install': False, 'test_result_base': None}
[1.301s] INFO:colcon.colcon_core.executor:Executing jobs using 'parallel' executor
[1.303s] DEBUG:colcon.colcon_parallel_executor.executor.parallel:run_until_complete
[1.303s] INFO:colcon.colcon_ros.task.ament_cmake.build:Building ROS package in '/home/mars/tayota_ws/src/realsense_line_follower' with build type 'ament_cmake'
[1.303s] INFO:colcon.colcon_cmake.task.cmake.build:Building CMake package in '/home/mars/tayota_ws/src/realsense_line_follower'
[1.312s] INFO:colcon.colcon_core.plugin_system:Skipping extension 'colcon_core.shell.bat': Not used on non-Windows systems
[1.313s] INFO:colcon.colcon_core.shell:Skip shell extension 'powershell' for command environment: Not usable outside of PowerShell
[1.313s] DEBUG:colcon.colcon_core.shell:Skip shell extension 'dsv' for command environment
[1.341s] DEBUG:colcon.colcon_core.event_handler.log_command:Invoking command in '/home/mars/tayota_ws/build/realsense_line_follower': CMAKE_PREFIX_PATH=${CMAKE_PREFIX_PATH}:/home/mars/ros2_ws/install/simple_map_pub:/home/mars/ros2_ws/install/arduino_motor:/home/mars/ros2_ws/install/ackermann_keyboard_teleop:/opt/ros/humble /usr/bin/cmake --build /home/mars/tayota_ws/build/realsense_line_follower -- -j4 -l4
[16.558s] DEBUG:colcon.colcon_core.event_handler.log_command:Invoked command in '/home/mars/tayota_ws/build/realsense_line_follower' returned '2': CMAKE_PREFIX_PATH=${CMAKE_PREFIX_PATH}:/home/mars/ros2_ws/install/simple_map_pub:/home/mars/ros2_ws/install/arduino_motor:/home/mars/ros2_ws/install/ackermann_keyboard_teleop:/opt/ros/humble /usr/bin/cmake --build /home/mars/tayota_ws/build/realsense_line_follower -- -j4 -l4
[16.560s] Level 1:colcon.colcon_core.environment:create_environment_scripts_only(realsense_line_follower)
[16.571s] Level 1:colcon.colcon_core.environment:checking '/home/mars/tayota_ws/install/realsense_line_follower' for CMake module files
[16.575s] Level 1:colcon.colcon_core.environment:checking '/home/mars/tayota_ws/install/realsense_line_follower' for CMake config files
[16.577s] Level 1:colcon.colcon_core.shell:create_environment_hook('realsense_line_follower', 'cmake_prefix_path')
[16.578s] INFO:colcon.colcon_core.shell:Creating environment hook '/home/mars/tayota_ws/install/realsense_line_follower/share/realsense_line_follower/hook/cmake_prefix_path.ps1'
[16.579s] INFO:colcon.colcon_core.shell:Creating environment descriptor '/home/mars/tayota_ws/install/realsense_line_follower/share/realsense_line_follower/hook/cmake_prefix_path.dsv'
[16.581s] INFO:colcon.colcon_core.shell:Creating environment hook '/home/mars/tayota_ws/install/realsense_line_follower/share/realsense_line_follower/hook/cmake_prefix_path.sh'
[16.584s] Level 1:colcon.colcon_core.environment:checking '/home/mars/tayota_ws/install/realsense_line_follower/lib'
[16.584s] Level 1:colcon.colcon_core.environment:checking '/home/mars/tayota_ws/install/realsense_line_follower/bin'
[16.584s] Level 1:colcon.colcon_core.environment:checking '/home/mars/tayota_ws/install/realsense_line_follower/lib/pkgconfig/realsense_line_follower.pc'
[16.585s] Level 1:colcon.colcon_core.environment:checking '/home/mars/tayota_ws/install/realsense_line_follower/lib/python3.10/site-packages'
[16.586s] Level 1:colcon.colcon_core.environment:checking '/home/mars/tayota_ws/install/realsense_line_follower/bin'
[16.587s] INFO:colcon.colcon_core.shell:Creating package script '/home/mars/tayota_ws/install/realsense_line_follower/share/realsense_line_follower/package.ps1'
[16.591s] INFO:colcon.colcon_core.shell:Creating package descriptor '/home/mars/tayota_ws/install/realsense_line_follower/share/realsense_line_follower/package.dsv'
[16.593s] INFO:colcon.colcon_core.shell:Creating package script '/home/mars/tayota_ws/install/realsense_line_follower/share/realsense_line_follower/package.sh'
[16.596s] INFO:colcon.colcon_core.shell:Creating package script '/home/mars/tayota_ws/install/realsense_line_follower/share/realsense_line_follower/package.bash'
[16.599s] INFO:colcon.colcon_core.shell:Creating package script '/home/mars/tayota_ws/install/realsense_line_follower/share/realsense_line_follower/package.zsh'
[16.602s] Level 1:colcon.colcon_core.environment:create_file_with_runtime_dependencies(/home/mars/tayota_ws/install/realsense_line_follower/share/colcon-core/packages/realsense_line_follower)
[16.604s] DEBUG:colcon.colcon_parallel_executor.executor.parallel:closing loop
[16.604s] DEBUG:colcon.colcon_parallel_executor.executor.parallel:loop closed
[16.604s] DEBUG:colcon.colcon_parallel_executor.executor.parallel:run_until_complete finished with '2'
[16.604s] DEBUG:colcon.colcon_core.event_reactor:joining thread
[16.605s] DEBUG:colcon.colcon_core.event_reactor:joined thread
[16.606s] INFO:colcon.colcon_core.shell:Creating prefix script '/home/mars/tayota_ws/install/local_setup.ps1'
[16.608s] INFO:colcon.colcon_core.shell:Creating prefix util module '/home/mars/tayota_ws/install/_local_setup_util_ps1.py'
[16.612s] INFO:colcon.colcon_core.shell:Creating prefix chain script '/home/mars/tayota_ws/install/setup.ps1'
[16.617s] INFO:colcon.colcon_core.shell:Creating prefix script '/home/mars/tayota_ws/install/local_setup.sh'
[16.620s] INFO:colcon.colcon_core.shell:Creating prefix util module '/home/mars/tayota_ws/install/_local_setup_util_sh.py'
[16.622s] INFO:colcon.colcon_core.shell:Creating prefix chain script '/home/mars/tayota_ws/install/setup.sh'
[16.627s] INFO:colcon.colcon_core.shell:Creating prefix script '/home/mars/tayota_ws/install/local_setup.bash'
[16.628s] INFO:colcon.colcon_core.shell:Creating prefix chain script '/home/mars/tayota_ws/install/setup.bash'
[16.633s] INFO:colcon.colcon_core.shell:Creating prefix script '/home/mars/tayota_ws/install/local_setup.zsh'
[16.635s] INFO:colcon.colcon_core.shell:Creating prefix chain script '/home/mars/tayota_ws/install/setup.zsh'
