[0.375s] DEBUG:colcon:Command line arguments: ['/usr/bin/colcon', 'build']
[0.375s] DEBUG:colcon:Parsed command line arguments: Namespace(log_base=None, log_level=None, verb_name='build', build_base='build', install_base='install', merge_install=False, symlink_install=False, test_result_base=None, continue_on_error=False, executor='parallel', parallel_workers=4, event_handlers=None, ignore_user_meta=False, metas=['./colcon.meta'], base_paths=['.'], packages_ignore=None, packages_ignore_regex=None, paths=None, packages_up_to=None, packages_up_to_regex=None, packages_above=None, packages_above_and_dependencies=None, packages_above_depth=None, packages_select_by_dep=None, packages_skip_by_dep=None, packages_skip_up_to=None, packages_select_build_failed=False, packages_skip_build_finished=False, packages_select_test_failures=False, packages_skip_test_passed=False, packages_select=None, packages_skip=None, packages_select_regex=None, packages_skip_regex=None, packages_start=None, packages_end=None, allow_overriding=[], cmake_args=None, cmake_target=None, cmake_target_skip_unavailable=False, cmake_clean_cache=False, cmake_clean_first=False, cmake_force_configure=False, ament_cmake_args=None, catkin_cmake_args=None, catkin_skip_building_tests=False, mixin_files=None, mixin=None, verb_parser=<colcon_mixin.mixin.mixin_argument.MixinArgumentDecorator object at 0x72173916b7c0>, verb_extension=<colcon_core.verb.build.BuildVerb object at 0x72173916b1f0>, main=<bound method BuildVerb.main of <colcon_core.verb.build.BuildVerb object at 0x72173916b1f0>>, mixin_verb=('build',))
[1.112s] Level 1:colcon.colcon_core.package_discovery:discover_packages(colcon_meta) check parameters
[1.112s] Level 1:colcon.colcon_core.package_discovery:discover_packages(recursive) check parameters
[1.112s] Level 1:colcon.colcon_core.package_discovery:discover_packages(ignore) check parameters
[1.112s] Level 1:colcon.colcon_core.package_discovery:discover_packages(path) check parameters
[1.112s] Level 1:colcon.colcon_core.package_discovery:discover_packages(colcon_meta) discover
[1.113s] Level 1:colcon.colcon_core.package_discovery:discover_packages(recursive) discover
[1.113s] INFO:colcon.colcon_core.package_discovery:Crawling recursively for packages in '/home/mars/tayota_ws'
[1.113s] Level 1:colcon.colcon_core.package_identification:_identify(.) by extensions ['ignore', 'ignore_ament_install']
[1.113s] Level 1:colcon.colcon_core.package_identification:_identify(.) by extension 'ignore'
[1.113s] Level 1:colcon.colcon_core.package_identification:_identify(.) by extension 'ignore_ament_install'
[1.113s] Level 1:colcon.colcon_core.package_identification:_identify(.) by extensions ['colcon_pkg']
[1.113s] Level 1:colcon.colcon_core.package_identification:_identify(.) by extension 'colcon_pkg'
[1.113s] Level 1:colcon.colcon_core.package_identification:_identify(.) by extensions ['colcon_meta']
[1.114s] Level 1:colcon.colcon_core.package_identification:_identify(.) by extension 'colcon_meta'
[1.114s] Level 1:colcon.colcon_core.package_identification:_identify(.) by extensions ['ros']
[1.114s] Level 1:colcon.colcon_core.package_identification:_identify(.) by extension 'ros'
[1.135s] Level 1:colcon.colcon_core.package_identification:_identify(.) by extensions ['cmake', 'python']
[1.136s] Level 1:colcon.colcon_core.package_identification:_identify(.) by extension 'cmake'
[1.136s] Level 1:colcon.colcon_core.package_identification:_identify(.) by extension 'python'
[1.136s] Level 1:colcon.colcon_core.package_identification:_identify(.) by extensions ['python_setup_py']
[1.136s] Level 1:colcon.colcon_core.package_identification:_identify(.) by extension 'python_setup_py'
[1.136s] Level 1:colcon.colcon_core.package_identification:_identify(build) by extensions ['ignore', 'ignore_ament_install']
[1.136s] Level 1:colcon.colcon_core.package_identification:_identify(build) by extension 'ignore'
[1.136s] Level 1:colcon.colcon_core.package_identification:_identify(build) ignored
[1.137s] Level 1:colcon.colcon_core.package_identification:_identify(images) by extensions ['ignore', 'ignore_ament_install']
[1.137s] Level 1:colcon.colcon_core.package_identification:_identify(images) by extension 'ignore'
[1.137s] Level 1:colcon.colcon_core.package_identification:_identify(images) by extension 'ignore_ament_install'
[1.137s] Level 1:colcon.colcon_core.package_identification:_identify(images) by extensions ['colcon_pkg']
[1.137s] Level 1:colcon.colcon_core.package_identification:_identify(images) by extension 'colcon_pkg'
[1.137s] Level 1:colcon.colcon_core.package_identification:_identify(images) by extensions ['colcon_meta']
[1.137s] Level 1:colcon.colcon_core.package_identification:_identify(images) by extension 'colcon_meta'
[1.137s] Level 1:colcon.colcon_core.package_identification:_identify(images) by extensions ['ros']
[1.138s] Level 1:colcon.colcon_core.package_identification:_identify(images) by extension 'ros'
[1.138s] Level 1:colcon.colcon_core.package_identification:_identify(images) by extensions ['cmake', 'python']
[1.138s] Level 1:colcon.colcon_core.package_identification:_identify(images) by extension 'cmake'
[1.138s] Level 1:colcon.colcon_core.package_identification:_identify(images) by extension 'python'
[1.138s] Level 1:colcon.colcon_core.package_identification:_identify(images) by extensions ['python_setup_py']
[1.138s] Level 1:colcon.colcon_core.package_identification:_identify(images) by extension 'python_setup_py'
[1.138s] Level 1:colcon.colcon_core.package_identification:_identify(install) by extensions ['ignore', 'ignore_ament_install']
[1.138s] Level 1:colcon.colcon_core.package_identification:_identify(install) by extension 'ignore'
[1.139s] Level 1:colcon.colcon_core.package_identification:_identify(install) ignored
[1.139s] Level 1:colcon.colcon_core.package_identification:_identify(log) by extensions ['ignore', 'ignore_ament_install']
[1.139s] Level 1:colcon.colcon_core.package_identification:_identify(log) by extension 'ignore'
[1.139s] Level 1:colcon.colcon_core.package_identification:_identify(log) ignored
[1.139s] Level 1:colcon.colcon_core.package_identification:_identify(src) by extensions ['ignore', 'ignore_ament_install']
[1.139s] Level 1:colcon.colcon_core.package_identification:_identify(src) by extension 'ignore'
[1.139s] Level 1:colcon.colcon_core.package_identification:_identify(src) by extension 'ignore_ament_install'
[1.140s] Level 1:colcon.colcon_core.package_identification:_identify(src) by extensions ['colcon_pkg']
[1.140s] Level 1:colcon.colcon_core.package_identification:_identify(src) by extension 'colcon_pkg'
[1.140s] Level 1:colcon.colcon_core.package_identification:_identify(src) by extensions ['colcon_meta']
[1.140s] Level 1:colcon.colcon_core.package_identification:_identify(src) by extension 'colcon_meta'
[1.140s] Level 1:colcon.colcon_core.package_identification:_identify(src) by extensions ['ros']
[1.140s] Level 1:colcon.colcon_core.package_identification:_identify(src) by extension 'ros'
[1.140s] Level 1:colcon.colcon_core.package_identification:_identify(src) by extensions ['cmake', 'python']
[1.140s] Level 1:colcon.colcon_core.package_identification:_identify(src) by extension 'cmake'
[1.140s] Level 1:colcon.colcon_core.package_identification:_identify(src) by extension 'python'
[1.141s] Level 1:colcon.colcon_core.package_identification:_identify(src) by extensions ['python_setup_py']
[1.141s] Level 1:colcon.colcon_core.package_identification:_identify(src) by extension 'python_setup_py'
[1.141s] Level 1:colcon.colcon_core.package_identification:_identify(src/realsense_line_follower) by extensions ['ignore', 'ignore_ament_install']
[1.141s] Level 1:colcon.colcon_core.package_identification:_identify(src/realsense_line_follower) by extension 'ignore'
[1.142s] Level 1:colcon.colcon_core.package_identification:_identify(src/realsense_line_follower) by extension 'ignore_ament_install'
[1.142s] Level 1:colcon.colcon_core.package_identification:_identify(src/realsense_line_follower) by extensions ['colcon_pkg']
[1.142s] Level 1:colcon.colcon_core.package_identification:_identify(src/realsense_line_follower) by extension 'colcon_pkg'
[1.142s] Level 1:colcon.colcon_core.package_identification:_identify(src/realsense_line_follower) by extensions ['colcon_meta']
[1.142s] Level 1:colcon.colcon_core.package_identification:_identify(src/realsense_line_follower) by extension 'colcon_meta'
[1.142s] Level 1:colcon.colcon_core.package_identification:_identify(src/realsense_line_follower) by extensions ['ros']
[1.142s] Level 1:colcon.colcon_core.package_identification:_identify(src/realsense_line_follower) by extension 'ros'
[1.153s] DEBUG:colcon.colcon_core.package_identification:Package 'src/realsense_line_follower' with type 'ros.ament_cmake' and name 'realsense_line_follower'
[1.153s] Level 1:colcon.colcon_core.package_identification:_identify(src/red_stop_camera) by extensions ['ignore', 'ignore_ament_install']
[1.153s] Level 1:colcon.colcon_core.package_identification:_identify(src/red_stop_camera) by extension 'ignore'
[1.153s] Level 1:colcon.colcon_core.package_identification:_identify(src/red_stop_camera) by extension 'ignore_ament_install'
[1.153s] Level 1:colcon.colcon_core.package_identification:_identify(src/red_stop_camera) by extensions ['colcon_pkg']
[1.153s] Level 1:colcon.colcon_core.package_identification:_identify(src/red_stop_camera) by extension 'colcon_pkg'
[1.154s] Level 1:colcon.colcon_core.package_identification:_identify(src/red_stop_camera) by extensions ['colcon_meta']
[1.154s] Level 1:colcon.colcon_core.package_identification:_identify(src/red_stop_camera) by extension 'colcon_meta'
[1.154s] Level 1:colcon.colcon_core.package_identification:_identify(src/red_stop_camera) by extensions ['ros']
[1.154s] Level 1:colcon.colcon_core.package_identification:_identify(src/red_stop_camera) by extension 'ros'
[1.156s] DEBUG:colcon.colcon_core.package_identification:Package 'src/red_stop_camera' with type 'ros.ament_cmake' and name 'red_stop_camera'
[1.156s] Level 1:colcon.colcon_core.package_identification:_identify(src/robot_bringup) by extensions ['ignore', 'ignore_ament_install']
[1.156s] Level 1:colcon.colcon_core.package_identification:_identify(src/robot_bringup) by extension 'ignore'
[1.157s] Level 1:colcon.colcon_core.package_identification:_identify(src/robot_bringup) by extension 'ignore_ament_install'
[1.157s] Level 1:colcon.colcon_core.package_identification:_identify(src/robot_bringup) by extensions ['colcon_pkg']
[1.157s] Level 1:colcon.colcon_core.package_identification:_identify(src/robot_bringup) by extension 'colcon_pkg'
[1.157s] Level 1:colcon.colcon_core.package_identification:_identify(src/robot_bringup) by extensions ['colcon_meta']
[1.157s] Level 1:colcon.colcon_core.package_identification:_identify(src/robot_bringup) by extension 'colcon_meta'
[1.157s] Level 1:colcon.colcon_core.package_identification:_identify(src/robot_bringup) by extensions ['ros']
[1.157s] Level 1:colcon.colcon_core.package_identification:_identify(src/robot_bringup) by extension 'ros'
[1.158s] DEBUG:colcon.colcon_core.package_identification:Package 'src/robot_bringup' with type 'ros.ament_python' and name 'robot_bringup'
[1.158s] Level 1:colcon.colcon_core.package_discovery:discover_packages(recursive) using defaults
[1.158s] Level 1:colcon.colcon_core.package_discovery:discover_packages(ignore) discover
[1.158s] Level 1:colcon.colcon_core.package_discovery:discover_packages(ignore) using defaults
[1.159s] Level 1:colcon.colcon_core.package_discovery:discover_packages(path) discover
[1.159s] Level 1:colcon.colcon_core.package_discovery:discover_packages(path) using defaults
[1.244s] Level 1:colcon.colcon_core.package_discovery:discover_packages(prefix_path) check parameters
[1.245s] Level 1:colcon.colcon_core.package_discovery:discover_packages(prefix_path) discover
[1.256s] DEBUG:colcon.colcon_installed_package_information.package_discovery:Found 14 installed packages in /home/mars/ros2_ws/install
[1.257s] DEBUG:colcon.colcon_installed_package_information.package_discovery:Found 1 installed packages in /home/mars/ws_livox/install
[1.264s] DEBUG:colcon.colcon_installed_package_information.package_discovery:Found 431 installed packages in /opt/ros/humble
[1.270s] Level 1:colcon.colcon_core.package_discovery:discover_packages(prefix_path) using defaults
[1.415s] Level 5:colcon.colcon_core.verb:set package 'realsense_line_follower' build argument 'cmake_args' from command line to 'None'
[1.415s] Level 5:colcon.colcon_core.verb:set package 'realsense_line_follower' build argument 'cmake_target' from command line to 'None'
[1.416s] Level 5:colcon.colcon_core.verb:set package 'realsense_line_follower' build argument 'cmake_target_skip_unavailable' from command line to 'False'
[1.416s] Level 5:colcon.colcon_core.verb:set package 'realsense_line_follower' build argument 'cmake_clean_cache' from command line to 'False'
[1.416s] Level 5:colcon.colcon_core.verb:set package 'realsense_line_follower' build argument 'cmake_clean_first' from command line to 'False'
[1.416s] Level 5:colcon.colcon_core.verb:set package 'realsense_line_follower' build argument 'cmake_force_configure' from command line to 'False'
[1.416s] Level 5:colcon.colcon_core.verb:set package 'realsense_line_follower' build argument 'ament_cmake_args' from command line to 'None'
[1.416s] Level 5:colcon.colcon_core.verb:set package 'realsense_line_follower' build argument 'catkin_cmake_args' from command line to 'None'
[1.416s] Level 5:colcon.colcon_core.verb:set package 'realsense_line_follower' build argument 'catkin_skip_building_tests' from command line to 'False'
[1.416s] DEBUG:colcon.colcon_core.verb:Building package 'realsense_line_follower' with the following arguments: {'ament_cmake_args': None, 'build_base': '/home/mars/tayota_ws/build/realsense_line_follower', 'catkin_cmake_args': None, 'catkin_skip_building_tests': False, 'cmake_args': None, 'cmake_clean_cache': False, 'cmake_clean_first': False, 'cmake_force_configure': False, 'cmake_target': None, 'cmake_target_skip_unavailable': False, 'install_base': '/home/mars/tayota_ws/install/realsense_line_follower', 'merge_install': False, 'path': '/home/mars/tayota_ws/src/realsense_line_follower', 'symlink_install': False, 'test_result_base': None}
[1.417s] Level 5:colcon.colcon_core.verb:set package 'red_stop_camera' build argument 'cmake_args' from command line to 'None'
[1.417s] Level 5:colcon.colcon_core.verb:set package 'red_stop_camera' build argument 'cmake_target' from command line to 'None'
[1.417s] Level 5:colcon.colcon_core.verb:set package 'red_stop_camera' build argument 'cmake_target_skip_unavailable' from command line to 'False'
[1.417s] Level 5:colcon.colcon_core.verb:set package 'red_stop_camera' build argument 'cmake_clean_cache' from command line to 'False'
[1.417s] Level 5:colcon.colcon_core.verb:set package 'red_stop_camera' build argument 'cmake_clean_first' from command line to 'False'
[1.417s] Level 5:colcon.colcon_core.verb:set package 'red_stop_camera' build argument 'cmake_force_configure' from command line to 'False'
[1.417s] Level 5:colcon.colcon_core.verb:set package 'red_stop_camera' build argument 'ament_cmake_args' from command line to 'None'
[1.417s] Level 5:colcon.colcon_core.verb:set package 'red_stop_camera' build argument 'catkin_cmake_args' from command line to 'None'
[1.417s] Level 5:colcon.colcon_core.verb:set package 'red_stop_camera' build argument 'catkin_skip_building_tests' from command line to 'False'
[1.417s] DEBUG:colcon.colcon_core.verb:Building package 'red_stop_camera' with the following arguments: {'ament_cmake_args': None, 'build_base': '/home/mars/tayota_ws/build/red_stop_camera', 'catkin_cmake_args': None, 'catkin_skip_building_tests': False, 'cmake_args': None, 'cmake_clean_cache': False, 'cmake_clean_first': False, 'cmake_force_configure': False, 'cmake_target': None, 'cmake_target_skip_unavailable': False, 'install_base': '/home/mars/tayota_ws/install/red_stop_camera', 'merge_install': False, 'path': '/home/mars/tayota_ws/src/red_stop_camera', 'symlink_install': False, 'test_result_base': None}
[1.418s] Level 5:colcon.colcon_core.verb:set package 'robot_bringup' build argument 'cmake_args' from command line to 'None'
[1.418s] Level 5:colcon.colcon_core.verb:set package 'robot_bringup' build argument 'cmake_target' from command line to 'None'
[1.418s] Level 5:colcon.colcon_core.verb:set package 'robot_bringup' build argument 'cmake_target_skip_unavailable' from command line to 'False'
[1.418s] Level 5:colcon.colcon_core.verb:set package 'robot_bringup' build argument 'cmake_clean_cache' from command line to 'False'
[1.418s] Level 5:colcon.colcon_core.verb:set package 'robot_bringup' build argument 'cmake_clean_first' from command line to 'False'
[1.418s] Level 5:colcon.colcon_core.verb:set package 'robot_bringup' build argument 'cmake_force_configure' from command line to 'False'
[1.419s] Level 5:colcon.colcon_core.verb:set package 'robot_bringup' build argument 'ament_cmake_args' from command line to 'None'
[1.419s] Level 5:colcon.colcon_core.verb:set package 'robot_bringup' build argument 'catkin_cmake_args' from command line to 'None'
[1.419s] Level 5:colcon.colcon_core.verb:set package 'robot_bringup' build argument 'catkin_skip_building_tests' from command line to 'False'
[1.419s] DEBUG:colcon.colcon_core.verb:Building package 'robot_bringup' with the following arguments: {'ament_cmake_args': None, 'build_base': '/home/mars/tayota_ws/build/robot_bringup', 'catkin_cmake_args': None, 'catkin_skip_building_tests': False, 'cmake_args': None, 'cmake_clean_cache': False, 'cmake_clean_first': False, 'cmake_force_configure': False, 'cmake_target': None, 'cmake_target_skip_unavailable': False, 'install_base': '/home/mars/tayota_ws/install/robot_bringup', 'merge_install': False, 'path': '/home/mars/tayota_ws/src/robot_bringup', 'symlink_install': False, 'test_result_base': None}
[1.419s] INFO:colcon.colcon_core.executor:Executing jobs using 'parallel' executor
[1.421s] DEBUG:colcon.colcon_parallel_executor.executor.parallel:run_until_complete
[1.422s] INFO:colcon.colcon_ros.task.ament_cmake.build:Building ROS package in '/home/mars/tayota_ws/src/realsense_line_follower' with build type 'ament_cmake'
[1.422s] INFO:colcon.colcon_cmake.task.cmake.build:Building CMake package in '/home/mars/tayota_ws/src/realsense_line_follower'
[1.434s] INFO:colcon.colcon_core.plugin_system:Skipping extension 'colcon_core.shell.bat': Not used on non-Windows systems
[1.434s] INFO:colcon.colcon_core.shell:Skip shell extension 'powershell' for command environment: Not usable outside of PowerShell
[1.434s] DEBUG:colcon.colcon_core.shell:Skip shell extension 'dsv' for command environment
[1.450s] INFO:colcon.colcon_ros.task.ament_cmake.build:Building ROS package in '/home/mars/tayota_ws/src/red_stop_camera' with build type 'ament_cmake'
[1.450s] INFO:colcon.colcon_cmake.task.cmake.build:Building CMake package in '/home/mars/tayota_ws/src/red_stop_camera'
[1.451s] INFO:colcon.colcon_core.shell:Skip shell extension 'powershell' for command environment: Not usable outside of PowerShell
[1.451s] DEBUG:colcon.colcon_core.shell:Skip shell extension 'dsv' for command environment
[1.466s] INFO:colcon.colcon_ros.task.ament_python.build:Building ROS package in '/home/mars/tayota_ws/src/robot_bringup' with build type 'ament_python'
[1.466s] Level 1:colcon.colcon_core.shell:create_environment_hook('robot_bringup', 'ament_prefix_path')
[1.467s] INFO:colcon.colcon_core.shell:Creating environment hook '/home/mars/tayota_ws/install/robot_bringup/share/robot_bringup/hook/ament_prefix_path.ps1'
[1.469s] INFO:colcon.colcon_core.shell:Creating environment descriptor '/home/mars/tayota_ws/install/robot_bringup/share/robot_bringup/hook/ament_prefix_path.dsv'
[1.470s] INFO:colcon.colcon_core.shell:Creating environment hook '/home/mars/tayota_ws/install/robot_bringup/share/robot_bringup/hook/ament_prefix_path.sh'
[1.473s] INFO:colcon.colcon_core.shell:Skip shell extension 'powershell' for command environment: Not usable outside of PowerShell
[1.473s] DEBUG:colcon.colcon_core.shell:Skip shell extension 'dsv' for command environment
[1.495s] DEBUG:colcon.colcon_core.event_handler.log_command:Invoking command in '/home/mars/tayota_ws/build/realsense_line_follower': CMAKE_PREFIX_PATH=${CMAKE_PREFIX_PATH}:/home/mars/ros2_ws/install/simple_map_pub:/home/mars/ros2_ws/install/arduino_motor:/home/mars/ros2_ws/install/ackermann_keyboard_teleop:/opt/ros/humble /usr/bin/cmake --build /home/mars/tayota_ws/build/realsense_line_follower -- -j4 -l4
[1.508s] DEBUG:colcon.colcon_core.event_handler.log_command:Invoking command in '/home/mars/tayota_ws/build/red_stop_camera': CMAKE_PREFIX_PATH=${CMAKE_PREFIX_PATH}:/home/mars/ros2_ws/install/simple_map_pub:/home/mars/ros2_ws/install/arduino_motor:/home/mars/ros2_ws/install/ackermann_keyboard_teleop:/opt/ros/humble /usr/bin/cmake --build /home/mars/tayota_ws/build/red_stop_camera -- -j4 -l4
[2.149s] INFO:colcon.colcon_core.task.python.build:Building Python package in '/home/mars/tayota_ws/src/robot_bringup'
[2.149s] INFO:colcon.colcon_core.shell:Skip shell extension 'powershell' for command environment: Not usable outside of PowerShell
[2.149s] DEBUG:colcon.colcon_core.shell:Skip shell extension 'dsv' for command environment
[2.166s] DEBUG:colcon.colcon_core.event_handler.log_command:Invoked command in '/home/mars/tayota_ws/build/realsense_line_follower' returned '0': CMAKE_PREFIX_PATH=${CMAKE_PREFIX_PATH}:/home/mars/ros2_ws/install/simple_map_pub:/home/mars/ros2_ws/install/arduino_motor:/home/mars/ros2_ws/install/ackermann_keyboard_teleop:/opt/ros/humble /usr/bin/cmake --build /home/mars/tayota_ws/build/realsense_line_follower -- -j4 -l4
[2.192s] DEBUG:colcon.colcon_core.event_handler.log_command:Invoking command in '/home/mars/tayota_ws/build/realsense_line_follower': CMAKE_PREFIX_PATH=${CMAKE_PREFIX_PATH}:/home/mars/ros2_ws/install/simple_map_pub:/home/mars/ros2_ws/install/arduino_motor:/home/mars/ros2_ws/install/ackermann_keyboard_teleop:/opt/ros/humble /usr/bin/cmake --install /home/mars/tayota_ws/build/realsense_line_follower
[2.193s] DEBUG:colcon.colcon_core.event_handler.log_command:Invoked command in '/home/mars/tayota_ws/build/red_stop_camera' returned '0': CMAKE_PREFIX_PATH=${CMAKE_PREFIX_PATH}:/home/mars/ros2_ws/install/simple_map_pub:/home/mars/ros2_ws/install/arduino_motor:/home/mars/ros2_ws/install/ackermann_keyboard_teleop:/opt/ros/humble /usr/bin/cmake --build /home/mars/tayota_ws/build/red_stop_camera -- -j4 -l4
[2.196s] DEBUG:colcon.colcon_core.event_handler.log_command:Invoking command in '/home/mars/tayota_ws/build/red_stop_camera': CMAKE_PREFIX_PATH=${CMAKE_PREFIX_PATH}:/home/mars/ros2_ws/install/simple_map_pub:/home/mars/ros2_ws/install/arduino_motor:/home/mars/ros2_ws/install/ackermann_keyboard_teleop:/opt/ros/humble /usr/bin/cmake --install /home/mars/tayota_ws/build/red_stop_camera
[2.221s] Level 1:colcon.colcon_core.environment:create_environment_scripts_only(realsense_line_follower)
[2.226s] DEBUG:colcon.colcon_core.event_handler.log_command:Invoked command in '/home/mars/tayota_ws/build/realsense_line_follower' returned '0': CMAKE_PREFIX_PATH=${CMAKE_PREFIX_PATH}:/home/mars/ros2_ws/install/simple_map_pub:/home/mars/ros2_ws/install/arduino_motor:/home/mars/ros2_ws/install/ackermann_keyboard_teleop:/opt/ros/humble /usr/bin/cmake --install /home/mars/tayota_ws/build/realsense_line_follower
[2.234s] Level 1:colcon.colcon_core.environment:checking '/home/mars/tayota_ws/install/realsense_line_follower' for CMake module files
[2.236s] Level 1:colcon.colcon_core.environment:checking '/home/mars/tayota_ws/install/realsense_line_follower' for CMake config files
[2.237s] Level 1:colcon.colcon_core.shell:create_environment_hook('realsense_line_follower', 'cmake_prefix_path')
[2.237s] INFO:colcon.colcon_core.shell:Creating environment hook '/home/mars/tayota_ws/install/realsense_line_follower/share/realsense_line_follower/hook/cmake_prefix_path.ps1'
[2.238s] INFO:colcon.colcon_core.shell:Creating environment descriptor '/home/mars/tayota_ws/install/realsense_line_follower/share/realsense_line_follower/hook/cmake_prefix_path.dsv'
[2.239s] INFO:colcon.colcon_core.shell:Creating environment hook '/home/mars/tayota_ws/install/realsense_line_follower/share/realsense_line_follower/hook/cmake_prefix_path.sh'
[2.240s] Level 1:colcon.colcon_core.environment:checking '/home/mars/tayota_ws/install/realsense_line_follower/lib'
[2.240s] Level 1:colcon.colcon_core.environment:checking '/home/mars/tayota_ws/install/realsense_line_follower/bin'
[2.241s] Level 1:colcon.colcon_core.environment:checking '/home/mars/tayota_ws/install/realsense_line_follower/lib/pkgconfig/realsense_line_follower.pc'
[2.241s] Level 1:colcon.colcon_core.environment:checking '/home/mars/tayota_ws/install/realsense_line_follower/lib/python3.10/site-packages'
[2.242s] Level 1:colcon.colcon_core.environment:checking '/home/mars/tayota_ws/install/realsense_line_follower/bin'
[2.242s] INFO:colcon.colcon_core.shell:Creating package script '/home/mars/tayota_ws/install/realsense_line_follower/share/realsense_line_follower/package.ps1'
[2.245s] INFO:colcon.colcon_core.shell:Creating package descriptor '/home/mars/tayota_ws/install/realsense_line_follower/share/realsense_line_follower/package.dsv'
[2.247s] INFO:colcon.colcon_core.shell:Creating package script '/home/mars/tayota_ws/install/realsense_line_follower/share/realsense_line_follower/package.sh'
[2.249s] INFO:colcon.colcon_core.shell:Creating package script '/home/mars/tayota_ws/install/realsense_line_follower/share/realsense_line_follower/package.bash'
[2.252s] INFO:colcon.colcon_core.shell:Creating package script '/home/mars/tayota_ws/install/realsense_line_follower/share/realsense_line_follower/package.zsh'
[2.254s] Level 1:colcon.colcon_core.environment:create_file_with_runtime_dependencies(/home/mars/tayota_ws/install/realsense_line_follower/share/colcon-core/packages/realsense_line_follower)
[2.255s] Level 1:colcon.colcon_core.environment:create_environment_scripts_only(realsense_line_follower)
[2.255s] Level 1:colcon.colcon_core.environment:checking '/home/mars/tayota_ws/install/realsense_line_follower' for CMake module files
[2.257s] Level 1:colcon.colcon_core.environment:checking '/home/mars/tayota_ws/install/realsense_line_follower' for CMake config files
[2.257s] Level 1:colcon.colcon_core.shell:create_environment_hook('realsense_line_follower', 'cmake_prefix_path')
[2.258s] INFO:colcon.colcon_core.shell:Creating environment hook '/home/mars/tayota_ws/install/realsense_line_follower/share/realsense_line_follower/hook/cmake_prefix_path.ps1'
[2.259s] INFO:colcon.colcon_core.shell:Creating environment descriptor '/home/mars/tayota_ws/install/realsense_line_follower/share/realsense_line_follower/hook/cmake_prefix_path.dsv'
[2.259s] INFO:colcon.colcon_core.shell:Creating environment hook '/home/mars/tayota_ws/install/realsense_line_follower/share/realsense_line_follower/hook/cmake_prefix_path.sh'
[2.260s] Level 1:colcon.colcon_core.environment:checking '/home/mars/tayota_ws/install/realsense_line_follower/lib'
[2.261s] Level 1:colcon.colcon_core.environment:checking '/home/mars/tayota_ws/install/realsense_line_follower/bin'
[2.261s] Level 1:colcon.colcon_core.environment:checking '/home/mars/tayota_ws/install/realsense_line_follower/lib/pkgconfig/realsense_line_follower.pc'
[2.261s] Level 1:colcon.colcon_core.environment:checking '/home/mars/tayota_ws/install/realsense_line_follower/lib/python3.10/site-packages'
[2.262s] Level 1:colcon.colcon_core.environment:checking '/home/mars/tayota_ws/install/realsense_line_follower/bin'
[2.263s] INFO:colcon.colcon_core.shell:Creating package script '/home/mars/tayota_ws/install/realsense_line_follower/share/realsense_line_follower/package.ps1'
[2.264s] INFO:colcon.colcon_core.shell:Creating package descriptor '/home/mars/tayota_ws/install/realsense_line_follower/share/realsense_line_follower/package.dsv'
[2.265s] INFO:colcon.colcon_core.shell:Creating package script '/home/mars/tayota_ws/install/realsense_line_follower/share/realsense_line_follower/package.sh'
[2.266s] INFO:colcon.colcon_core.shell:Creating package script '/home/mars/tayota_ws/install/realsense_line_follower/share/realsense_line_follower/package.bash'
[2.266s] INFO:colcon.colcon_core.shell:Creating package script '/home/mars/tayota_ws/install/realsense_line_follower/share/realsense_line_follower/package.zsh'
[2.267s] Level 1:colcon.colcon_core.environment:create_file_with_runtime_dependencies(/home/mars/tayota_ws/install/realsense_line_follower/share/colcon-core/packages/realsense_line_follower)
[2.270s] Level 1:colcon.colcon_core.environment:create_environment_scripts_only(red_stop_camera)
[2.271s] Level 1:colcon.colcon_core.environment:checking '/home/mars/tayota_ws/install/red_stop_camera' for CMake module files
[2.272s] DEBUG:colcon.colcon_core.event_handler.log_command:Invoked command in '/home/mars/tayota_ws/build/red_stop_camera' returned '0': CMAKE_PREFIX_PATH=${CMAKE_PREFIX_PATH}:/home/mars/ros2_ws/install/simple_map_pub:/home/mars/ros2_ws/install/arduino_motor:/home/mars/ros2_ws/install/ackermann_keyboard_teleop:/opt/ros/humble /usr/bin/cmake --install /home/mars/tayota_ws/build/red_stop_camera
[2.273s] Level 1:colcon.colcon_core.environment:checking '/home/mars/tayota_ws/install/red_stop_camera' for CMake config files
[2.273s] Level 1:colcon.colcon_core.shell:create_environment_hook('red_stop_camera', 'cmake_prefix_path')
[2.274s] INFO:colcon.colcon_core.shell:Creating environment hook '/home/mars/tayota_ws/install/red_stop_camera/share/red_stop_camera/hook/cmake_prefix_path.ps1'
[2.275s] INFO:colcon.colcon_core.shell:Creating environment descriptor '/home/mars/tayota_ws/install/red_stop_camera/share/red_stop_camera/hook/cmake_prefix_path.dsv'
[2.275s] INFO:colcon.colcon_core.shell:Creating environment hook '/home/mars/tayota_ws/install/red_stop_camera/share/red_stop_camera/hook/cmake_prefix_path.sh'
[2.276s] Level 1:colcon.colcon_core.environment:checking '/home/mars/tayota_ws/install/red_stop_camera/lib'
[2.276s] Level 1:colcon.colcon_core.environment:checking '/home/mars/tayota_ws/install/red_stop_camera/bin'
[2.277s] Level 1:colcon.colcon_core.environment:checking '/home/mars/tayota_ws/install/red_stop_camera/lib/pkgconfig/red_stop_camera.pc'
[2.277s] Level 1:colcon.colcon_core.environment:checking '/home/mars/tayota_ws/install/red_stop_camera/lib/python3.10/site-packages'
[2.278s] Level 1:colcon.colcon_core.environment:checking '/home/mars/tayota_ws/install/red_stop_camera/bin'
[2.278s] INFO:colcon.colcon_core.shell:Creating package script '/home/mars/tayota_ws/install/red_stop_camera/share/red_stop_camera/package.ps1'
[2.280s] INFO:colcon.colcon_core.shell:Creating package descriptor '/home/mars/tayota_ws/install/red_stop_camera/share/red_stop_camera/package.dsv'
[2.281s] INFO:colcon.colcon_core.shell:Creating package script '/home/mars/tayota_ws/install/red_stop_camera/share/red_stop_camera/package.sh'
[2.281s] INFO:colcon.colcon_core.shell:Creating package script '/home/mars/tayota_ws/install/red_stop_camera/share/red_stop_camera/package.bash'
[2.282s] INFO:colcon.colcon_core.shell:Creating package script '/home/mars/tayota_ws/install/red_stop_camera/share/red_stop_camera/package.zsh'
[2.283s] Level 1:colcon.colcon_core.environment:create_file_with_runtime_dependencies(/home/mars/tayota_ws/install/red_stop_camera/share/colcon-core/packages/red_stop_camera)
[2.284s] Level 1:colcon.colcon_core.environment:create_environment_scripts_only(red_stop_camera)
[2.285s] Level 1:colcon.colcon_core.environment:checking '/home/mars/tayota_ws/install/red_stop_camera' for CMake module files
[2.286s] Level 1:colcon.colcon_core.environment:checking '/home/mars/tayota_ws/install/red_stop_camera' for CMake config files
[2.286s] Level 1:colcon.colcon_core.shell:create_environment_hook('red_stop_camera', 'cmake_prefix_path')
[2.287s] INFO:colcon.colcon_core.shell:Creating environment hook '/home/mars/tayota_ws/install/red_stop_camera/share/red_stop_camera/hook/cmake_prefix_path.ps1'
[2.288s] INFO:colcon.colcon_core.shell:Creating environment descriptor '/home/mars/tayota_ws/install/red_stop_camera/share/red_stop_camera/hook/cmake_prefix_path.dsv'
[2.288s] INFO:colcon.colcon_core.shell:Creating environment hook '/home/mars/tayota_ws/install/red_stop_camera/share/red_stop_camera/hook/cmake_prefix_path.sh'
[2.290s] Level 1:colcon.colcon_core.environment:checking '/home/mars/tayota_ws/install/red_stop_camera/lib'
[2.290s] Level 1:colcon.colcon_core.environment:checking '/home/mars/tayota_ws/install/red_stop_camera/bin'
[2.290s] Level 1:colcon.colcon_core.environment:checking '/home/mars/tayota_ws/install/red_stop_camera/lib/pkgconfig/red_stop_camera.pc'
[2.290s] Level 1:colcon.colcon_core.environment:checking '/home/mars/tayota_ws/install/red_stop_camera/lib/python3.10/site-packages'
[2.291s] Level 1:colcon.colcon_core.environment:checking '/home/mars/tayota_ws/install/red_stop_camera/bin'
[2.292s] INFO:colcon.colcon_core.shell:Creating package script '/home/mars/tayota_ws/install/red_stop_camera/share/red_stop_camera/package.ps1'
[2.293s] INFO:colcon.colcon_core.shell:Creating package descriptor '/home/mars/tayota_ws/install/red_stop_camera/share/red_stop_camera/package.dsv'
[2.294s] INFO:colcon.colcon_core.shell:Creating package script '/home/mars/tayota_ws/install/red_stop_camera/share/red_stop_camera/package.sh'
[2.295s] INFO:colcon.colcon_core.shell:Creating package script '/home/mars/tayota_ws/install/red_stop_camera/share/red_stop_camera/package.bash'
[2.296s] INFO:colcon.colcon_core.shell:Creating package script '/home/mars/tayota_ws/install/red_stop_camera/share/red_stop_camera/package.zsh'
[2.297s] Level 1:colcon.colcon_core.environment:create_file_with_runtime_dependencies(/home/mars/tayota_ws/install/red_stop_camera/share/colcon-core/packages/red_stop_camera)
[3.289s] DEBUG:colcon.colcon_core.event_handler.log_command:Invoking command in '/home/mars/tayota_ws/src/robot_bringup': PYTHONPATH=/home/mars/tayota_ws/build/robot_bringup/prefix_override:/usr/lib/python3/dist-packages/colcon_core/task/python/colcon_distutils_commands:/home/mars/tayota_ws/install/robot_bringup/lib/python3.10/site-packages:${PYTHONPATH} /usr/bin/python3 -W ignore:setup.py install is deprecated -W ignore:easy_install command is deprecated setup.py egg_info --egg-base ../../build/robot_bringup build --build-base /home/mars/tayota_ws/build/robot_bringup/build install --record /home/mars/tayota_ws/build/robot_bringup/install.log --single-version-externally-managed install_data
[3.991s] Level 1:colcon.colcon_core.environment:checking '/home/mars/tayota_ws/install/robot_bringup' for CMake module files
[3.992s] DEBUG:colcon.colcon_core.event_handler.log_command:Invoked command in '/home/mars/tayota_ws/src/robot_bringup' returned '0': PYTHONPATH=/home/mars/tayota_ws/build/robot_bringup/prefix_override:/usr/lib/python3/dist-packages/colcon_core/task/python/colcon_distutils_commands:/home/mars/tayota_ws/install/robot_bringup/lib/python3.10/site-packages:${PYTHONPATH} /usr/bin/python3 -W ignore:setup.py install is deprecated -W ignore:easy_install command is deprecated setup.py egg_info --egg-base ../../build/robot_bringup build --build-base /home/mars/tayota_ws/build/robot_bringup/build install --record /home/mars/tayota_ws/build/robot_bringup/install.log --single-version-externally-managed install_data
[3.993s] Level 1:colcon.colcon_core.environment:checking '/home/mars/tayota_ws/install/robot_bringup' for CMake config files
[3.994s] Level 1:colcon.colcon_core.environment:checking '/home/mars/tayota_ws/install/robot_bringup/lib'
[3.995s] Level 1:colcon.colcon_core.environment:checking '/home/mars/tayota_ws/install/robot_bringup/bin'
[3.995s] Level 1:colcon.colcon_core.environment:checking '/home/mars/tayota_ws/install/robot_bringup/lib/pkgconfig/robot_bringup.pc'
[3.995s] Level 1:colcon.colcon_core.environment:checking '/home/mars/tayota_ws/install/robot_bringup/lib/python3.10/site-packages'
[3.995s] Level 1:colcon.colcon_core.shell:create_environment_hook('robot_bringup', 'pythonpath')
[3.996s] INFO:colcon.colcon_core.shell:Creating environment hook '/home/mars/tayota_ws/install/robot_bringup/share/robot_bringup/hook/pythonpath.ps1'
[3.996s] INFO:colcon.colcon_core.shell:Creating environment descriptor '/home/mars/tayota_ws/install/robot_bringup/share/robot_bringup/hook/pythonpath.dsv'
[3.997s] INFO:colcon.colcon_core.shell:Creating environment hook '/home/mars/tayota_ws/install/robot_bringup/share/robot_bringup/hook/pythonpath.sh'
[3.999s] Level 1:colcon.colcon_core.environment:checking '/home/mars/tayota_ws/install/robot_bringup/bin'
[3.999s] Level 1:colcon.colcon_core.environment:create_environment_scripts_only(robot_bringup)
[4.000s] INFO:colcon.colcon_core.shell:Creating package script '/home/mars/tayota_ws/install/robot_bringup/share/robot_bringup/package.ps1'
[4.001s] INFO:colcon.colcon_core.shell:Creating package descriptor '/home/mars/tayota_ws/install/robot_bringup/share/robot_bringup/package.dsv'
[4.003s] INFO:colcon.colcon_core.shell:Creating package script '/home/mars/tayota_ws/install/robot_bringup/share/robot_bringup/package.sh'
[4.004s] INFO:colcon.colcon_core.shell:Creating package script '/home/mars/tayota_ws/install/robot_bringup/share/robot_bringup/package.bash'
[4.005s] INFO:colcon.colcon_core.shell:Creating package script '/home/mars/tayota_ws/install/robot_bringup/share/robot_bringup/package.zsh'
[4.005s] Level 1:colcon.colcon_core.environment:create_file_with_runtime_dependencies(/home/mars/tayota_ws/install/robot_bringup/share/colcon-core/packages/robot_bringup)
[4.006s] DEBUG:colcon.colcon_parallel_executor.executor.parallel:closing loop
[4.007s] DEBUG:colcon.colcon_parallel_executor.executor.parallel:loop closed
[4.007s] DEBUG:colcon.colcon_parallel_executor.executor.parallel:run_until_complete finished with '0'
[4.008s] DEBUG:colcon.colcon_core.event_reactor:joining thread
[4.010s] DEBUG:colcon.colcon_core.event_reactor:joined thread
[4.011s] INFO:colcon.colcon_core.shell:Creating prefix script '/home/mars/tayota_ws/install/local_setup.ps1'
[4.017s] INFO:colcon.colcon_core.shell:Creating prefix util module '/home/mars/tayota_ws/install/_local_setup_util_ps1.py'
[4.021s] INFO:colcon.colcon_core.shell:Creating prefix chain script '/home/mars/tayota_ws/install/setup.ps1'
[4.027s] INFO:colcon.colcon_core.shell:Creating prefix script '/home/mars/tayota_ws/install/local_setup.sh'
[4.029s] INFO:colcon.colcon_core.shell:Creating prefix util module '/home/mars/tayota_ws/install/_local_setup_util_sh.py'
[4.030s] INFO:colcon.colcon_core.shell:Creating prefix chain script '/home/mars/tayota_ws/install/setup.sh'
[4.036s] INFO:colcon.colcon_core.shell:Creating prefix script '/home/mars/tayota_ws/install/local_setup.bash'
[4.038s] INFO:colcon.colcon_core.shell:Creating prefix chain script '/home/mars/tayota_ws/install/setup.bash'
[4.044s] INFO:colcon.colcon_core.shell:Creating prefix script '/home/mars/tayota_ws/install/local_setup.zsh'
[4.046s] INFO:colcon.colcon_core.shell:Creating prefix chain script '/home/mars/tayota_ws/install/setup.zsh'
