[0.028s] Invoking command in '/home/mars/tayota_ws/build/realsense_line_follower': CMAKE_PREFIX_PATH=${CMAKE_PREFIX_PATH}:/home/mars/ros2_ws/install/simple_map_pub:/home/mars/ros2_ws/install/arduino_motor:/home/mars/ros2_ws/install/ackermann_keyboard_teleop:/opt/ros/humble /usr/bin/cmake /home/mars/tayota_ws/src/realsense_line_follower -DCMAKE_INSTALL_PREFIX=/home/mars/tayota_ws/install/realsense_line_follower
[0.269s] -- The C compiler identification is GNU 11.4.0
[0.506s] -- The CXX compiler identification is GNU 11.4.0
[0.526s] -- Detecting C compiler ABI info
[0.696s] -- Detecting C compiler ABI info - done
[0.712s] -- Check for working C compiler: /usr/bin/cc - skipped
[0.713s] -- Detecting C compile features
[0.715s] -- Detecting C compile features - done
[0.725s] -- Detecting CXX compiler ABI info
[0.924s] -- Detecting CXX compiler ABI info - done
[0.940s] -- Check for working CXX compiler: /usr/bin/c++ - skipped
[0.941s] -- Detecting CXX compile features
[0.942s] -- Detecting CXX compile features - done
[0.962s] -- Found ament_cmake: 1.3.14 (/opt/ros/humble/share/ament_cmake/cmake)
[1.321s] -- Found Python3: /usr/bin/python3 (found version "3.10.12") found components: Interpreter 
[1.658s] -- Found rclcpp: 16.0.19 (/opt/ros/humble/share/rclcpp/cmake)
[1.855s] -- Found rosidl_generator_c: 3.1.8 (/opt/ros/humble/share/rosidl_generator_c/cmake)
[1.882s] -- Found rosidl_adapter: 3.1.8 (/opt/ros/humble/share/rosidl_adapter/cmake)
[1.920s] -- Found rosidl_generator_cpp: 3.1.8 (/opt/ros/humble/share/rosidl_generator_cpp/cmake)
[1.972s] -- Using all available rosidl_typesupport_c: rosidl_typesupport_fastrtps_c;rosidl_typesupport_introspection_c
[2.042s] -- Using all available rosidl_typesupport_cpp: rosidl_typesupport_fastrtps_cpp;rosidl_typesupport_introspection_cpp
[2.238s] -- Found rmw_implementation_cmake: 6.1.2 (/opt/ros/humble/share/rmw_implementation_cmake/cmake)
[2.255s] -- Found rmw_fastrtps_cpp: 6.2.10 (/opt/ros/humble/share/rmw_fastrtps_cpp/cmake)
[2.520s] -- Found OpenSSL: /usr/lib/x86_64-linux-gnu/libcrypto.so (found version "3.0.2")  
[2.587s] -- Found FastRTPS: /opt/ros/humble/include  
[2.681s] -- Using RMW implementation 'rmw_fastrtps_cpp' as default
[2.724s] -- Looking for pthread.h
[2.931s] -- Looking for pthread.h - found
[2.932s] -- Performing Test CMAKE_HAVE_LIBC_PTHREAD
[3.117s] -- Performing Test CMAKE_HAVE_LIBC_PTHREAD - Success
[3.119s] -- Found Threads: TRUE  
[3.297s] -- Found sensor_msgs: 4.9.1 (/opt/ros/humble/share/sensor_msgs/cmake)
[3.396s] -- Found cv_bridge: 3.2.1 (/opt/ros/humble/share/cv_bridge/cmake)
[3.445s] -- Found image_transport: 3.1.12 (/opt/ros/humble/share/image_transport/cmake)
[3.568s] -- Found OpenCV: /usr (found version "4.5.4") 
[3.583s] -- Found ament_lint_auto: 0.12.15 (/opt/ros/humble/share/ament_lint_auto/cmake)
[3.834s] -- Added test 'cppcheck' to perform static code analysis on C / C++ code
[3.835s] -- Configured cppcheck include dirs: /home/mars/tayota_ws/src/realsense_line_follower/include
[3.835s] -- Configured cppcheck exclude dirs and/or files: 
[3.837s] -- Added test 'flake8' to check Python code syntax and style conventions
[3.839s] -- Added test 'lint_cmake' to check CMake code style
[3.841s] -- Added test 'pep257' to check Python code against some of the docstring style conventions in PEP 257
[3.845s] -- Added test 'uncrustify' to check C / C++ code style
[3.845s] -- Configured uncrustify additional arguments: 
[3.847s] -- Added test 'xmllint' to check XML markup files
[3.853s] -- Configuring done
[3.887s] -- Generating done
[3.896s] -- Build files have been written to: /home/mars/tayota_ws/build/realsense_line_follower
[3.920s] Invoked command in '/home/mars/tayota_ws/build/realsense_line_follower' returned '0': CMAKE_PREFIX_PATH=${CMAKE_PREFIX_PATH}:/home/mars/ros2_ws/install/simple_map_pub:/home/mars/ros2_ws/install/arduino_motor:/home/mars/ros2_ws/install/ackermann_keyboard_teleop:/opt/ros/humble /usr/bin/cmake /home/mars/tayota_ws/src/realsense_line_follower -DCMAKE_INSTALL_PREFIX=/home/mars/tayota_ws/install/realsense_line_follower
[3.923s] Invoking command in '/home/mars/tayota_ws/build/realsense_line_follower': CMAKE_PREFIX_PATH=${CMAKE_PREFIX_PATH}:/home/mars/ros2_ws/install/simple_map_pub:/home/mars/ros2_ws/install/arduino_motor:/home/mars/ros2_ws/install/ackermann_keyboard_teleop:/opt/ros/humble /usr/bin/cmake --build /home/mars/tayota_ws/build/realsense_line_follower -- -j4 -l4
[4.053s] [ 66%] [32mBuilding CXX object CMakeFiles/line_follower.dir/src/line_follower.cpp.o[0m
[4.053s] [ 66%] [32mBuilding CXX object CMakeFiles/line_follower.dir/src/main.cpp.o[0m
[24.947s] [100%] [32m[1mLinking CXX executable line_follower[0m
[27.557s] [100%] Built target line_follower
[27.584s] Invoked command in '/home/mars/tayota_ws/build/realsense_line_follower' returned '0': CMAKE_PREFIX_PATH=${CMAKE_PREFIX_PATH}:/home/mars/ros2_ws/install/simple_map_pub:/home/mars/ros2_ws/install/arduino_motor:/home/mars/ros2_ws/install/ackermann_keyboard_teleop:/opt/ros/humble /usr/bin/cmake --build /home/mars/tayota_ws/build/realsense_line_follower -- -j4 -l4
[27.610s] Invoking command in '/home/mars/tayota_ws/build/realsense_line_follower': CMAKE_PREFIX_PATH=${CMAKE_PREFIX_PATH}:/home/mars/ros2_ws/install/simple_map_pub:/home/mars/ros2_ws/install/arduino_motor:/home/mars/ros2_ws/install/ackermann_keyboard_teleop:/opt/ros/humble /usr/bin/cmake --install /home/mars/tayota_ws/build/realsense_line_follower
[27.629s] -- Install configuration: ""
[27.629s] -- Installing: /home/mars/tayota_ws/install/realsense_line_follower/lib/realsense_line_follower/line_follower
[27.640s] -- Set runtime path of "/home/mars/tayota_ws/install/realsense_line_follower/lib/realsense_line_follower/line_follower" to ""
[27.641s] -- Installing: /home/mars/tayota_ws/install/realsense_line_follower/share/realsense_line_follower/launch
[27.641s] -- Installing: /home/mars/tayota_ws/install/realsense_line_follower/share/realsense_line_follower/launch/line_follow.launch.py
[27.641s] -- Installing: /home/mars/tayota_ws/install/realsense_line_follower/share/ament_index/resource_index/package_run_dependencies/realsense_line_follower
[27.642s] -- Installing: /home/mars/tayota_ws/install/realsense_line_follower/share/ament_index/resource_index/parent_prefix_path/realsense_line_follower
[27.642s] -- Installing: /home/mars/tayota_ws/install/realsense_line_follower/share/realsense_line_follower/environment/ament_prefix_path.sh
[27.642s] -- Installing: /home/mars/tayota_ws/install/realsense_line_follower/share/realsense_line_follower/environment/ament_prefix_path.dsv
[27.643s] -- Installing: /home/mars/tayota_ws/install/realsense_line_follower/share/realsense_line_follower/environment/path.sh
[27.643s] -- Installing: /home/mars/tayota_ws/install/realsense_line_follower/share/realsense_line_follower/environment/path.dsv
[27.643s] -- Installing: /home/mars/tayota_ws/install/realsense_line_follower/share/realsense_line_follower/local_setup.bash
[27.644s] -- Installing: /home/mars/tayota_ws/install/realsense_line_follower/share/realsense_line_follower/local_setup.sh
[27.644s] -- Installing: /home/mars/tayota_ws/install/realsense_line_follower/share/realsense_line_follower/local_setup.zsh
[27.645s] -- Installing: /home/mars/tayota_ws/install/realsense_line_follower/share/realsense_line_follower/local_setup.dsv
[27.645s] -- Installing: /home/mars/tayota_ws/install/realsense_line_follower/share/realsense_line_follower/package.dsv
[27.645s] -- Installing: /home/mars/tayota_ws/install/realsense_line_follower/share/ament_index/resource_index/packages/realsense_line_follower
[27.646s] -- Installing: /home/mars/tayota_ws/install/realsense_line_follower/share/realsense_line_follower/cmake/realsense_line_followerConfig.cmake
[27.646s] -- Installing: /home/mars/tayota_ws/install/realsense_line_follower/share/realsense_line_follower/cmake/realsense_line_followerConfig-version.cmake
[27.646s] -- Installing: /home/mars/tayota_ws/install/realsense_line_follower/share/realsense_line_follower/package.xml
[27.650s] Invoked command in '/home/mars/tayota_ws/build/realsense_line_follower' returned '0': CMAKE_PREFIX_PATH=${CMAKE_PREFIX_PATH}:/home/mars/ros2_ws/install/simple_map_pub:/home/mars/ros2_ws/install/arduino_motor:/home/mars/ros2_ws/install/ackermann_keyboard_teleop:/opt/ros/humble /usr/bin/cmake --install /home/mars/tayota_ws/build/realsense_line_follower
