[0.240s] DEBUG:colcon:Command line arguments: ['/usr/bin/colcon', 'build']
[0.240s] DEBUG:colcon:Parsed command line arguments: Namespace(log_base=None, log_level=None, verb_name='build', build_base='build', install_base='install', merge_install=False, symlink_install=False, test_result_base=None, continue_on_error=False, executor='parallel', parallel_workers=4, event_handlers=None, ignore_user_meta=False, metas=['./colcon.meta'], base_paths=['.'], packages_ignore=None, packages_ignore_regex=None, paths=None, packages_up_to=None, packages_up_to_regex=None, packages_above=None, packages_above_and_dependencies=None, packages_above_depth=None, packages_select_by_dep=None, packages_skip_by_dep=None, packages_skip_up_to=None, packages_select_build_failed=False, packages_skip_build_finished=False, packages_select_test_failures=False, packages_skip_test_passed=False, packages_select=None, packages_skip=None, packages_select_regex=None, packages_skip_regex=None, packages_start=None, packages_end=None, allow_overriding=[], cmake_args=None, cmake_target=None, cmake_target_skip_unavailable=False, cmake_clean_cache=False, cmake_clean_first=False, cmake_force_configure=False, ament_cmake_args=None, catkin_cmake_args=None, catkin_skip_building_tests=False, mixin_files=None, mixin=None, verb_parser=<colcon_mixin.mixin.mixin_argument.MixinArgumentDecorator object at 0x7a56664ff7c0>, verb_extension=<colcon_core.verb.build.BuildVerb object at 0x7a56664ff1f0>, main=<bound method BuildVerb.main of <colcon_core.verb.build.BuildVerb object at 0x7a56664ff1f0>>, mixin_verb=('build',))
[0.658s] Level 1:colcon.colcon_core.package_discovery:discover_packages(colcon_meta) check parameters
[0.658s] Level 1:colcon.colcon_core.package_discovery:discover_packages(recursive) check parameters
[0.658s] Level 1:colcon.colcon_core.package_discovery:discover_packages(ignore) check parameters
[0.658s] Level 1:colcon.colcon_core.package_discovery:discover_packages(path) check parameters
[0.658s] Level 1:colcon.colcon_core.package_discovery:discover_packages(colcon_meta) discover
[0.658s] Level 1:colcon.colcon_core.package_discovery:discover_packages(recursive) discover
[0.658s] INFO:colcon.colcon_core.package_discovery:Crawling recursively for packages in '/home/mars/tayota_ws'
[0.658s] Level 1:colcon.colcon_core.package_identification:_identify(.) by extensions ['ignore', 'ignore_ament_install']
[0.659s] Level 1:colcon.colcon_core.package_identification:_identify(.) by extension 'ignore'
[0.659s] Level 1:colcon.colcon_core.package_identification:_identify(.) by extension 'ignore_ament_install'
[0.659s] Level 1:colcon.colcon_core.package_identification:_identify(.) by extensions ['colcon_pkg']
[0.659s] Level 1:colcon.colcon_core.package_identification:_identify(.) by extension 'colcon_pkg'
[0.659s] Level 1:colcon.colcon_core.package_identification:_identify(.) by extensions ['colcon_meta']
[0.659s] Level 1:colcon.colcon_core.package_identification:_identify(.) by extension 'colcon_meta'
[0.659s] Level 1:colcon.colcon_core.package_identification:_identify(.) by extensions ['ros']
[0.659s] Level 1:colcon.colcon_core.package_identification:_identify(.) by extension 'ros'
[0.681s] Level 1:colcon.colcon_core.package_identification:_identify(.) by extensions ['cmake', 'python']
[0.681s] Level 1:colcon.colcon_core.package_identification:_identify(.) by extension 'cmake'
[0.681s] Level 1:colcon.colcon_core.package_identification:_identify(.) by extension 'python'
[0.681s] Level 1:colcon.colcon_core.package_identification:_identify(.) by extensions ['python_setup_py']
[0.681s] Level 1:colcon.colcon_core.package_identification:_identify(.) by extension 'python_setup_py'
[0.682s] Level 1:colcon.colcon_core.package_identification:_identify(build) by extensions ['ignore', 'ignore_ament_install']
[0.682s] Level 1:colcon.colcon_core.package_identification:_identify(build) by extension 'ignore'
[0.682s] Level 1:colcon.colcon_core.package_identification:_identify(build) ignored
[0.682s] Level 1:colcon.colcon_core.package_identification:_identify(install) by extensions ['ignore', 'ignore_ament_install']
[0.682s] Level 1:colcon.colcon_core.package_identification:_identify(install) by extension 'ignore'
[0.683s] Level 1:colcon.colcon_core.package_identification:_identify(install) ignored
[0.683s] Level 1:colcon.colcon_core.package_identification:_identify(log) by extensions ['ignore', 'ignore_ament_install']
[0.683s] Level 1:colcon.colcon_core.package_identification:_identify(log) by extension 'ignore'
[0.683s] Level 1:colcon.colcon_core.package_identification:_identify(log) ignored
[0.683s] Level 1:colcon.colcon_core.package_identification:_identify(src) by extensions ['ignore', 'ignore_ament_install']
[0.683s] Level 1:colcon.colcon_core.package_identification:_identify(src) by extension 'ignore'
[0.683s] Level 1:colcon.colcon_core.package_identification:_identify(src) by extension 'ignore_ament_install'
[0.684s] Level 1:colcon.colcon_core.package_identification:_identify(src) by extensions ['colcon_pkg']
[0.684s] Level 1:colcon.colcon_core.package_identification:_identify(src) by extension 'colcon_pkg'
[0.684s] Level 1:colcon.colcon_core.package_identification:_identify(src) by extensions ['colcon_meta']
[0.684s] Level 1:colcon.colcon_core.package_identification:_identify(src) by extension 'colcon_meta'
[0.684s] Level 1:colcon.colcon_core.package_identification:_identify(src) by extensions ['ros']
[0.684s] Level 1:colcon.colcon_core.package_identification:_identify(src) by extension 'ros'
[0.684s] Level 1:colcon.colcon_core.package_identification:_identify(src) by extensions ['cmake', 'python']
[0.684s] Level 1:colcon.colcon_core.package_identification:_identify(src) by extension 'cmake'
[0.684s] Level 1:colcon.colcon_core.package_identification:_identify(src) by extension 'python'
[0.684s] Level 1:colcon.colcon_core.package_identification:_identify(src) by extensions ['python_setup_py']
[0.685s] Level 1:colcon.colcon_core.package_identification:_identify(src) by extension 'python_setup_py'
[0.685s] Level 1:colcon.colcon_core.package_identification:_identify(src/realsense_line_follower) by extensions ['ignore', 'ignore_ament_install']
[0.685s] Level 1:colcon.colcon_core.package_identification:_identify(src/realsense_line_follower) by extension 'ignore'
[0.685s] Level 1:colcon.colcon_core.package_identification:_identify(src/realsense_line_follower) by extension 'ignore_ament_install'
[0.685s] Level 1:colcon.colcon_core.package_identification:_identify(src/realsense_line_follower) by extensions ['colcon_pkg']
[0.685s] Level 1:colcon.colcon_core.package_identification:_identify(src/realsense_line_follower) by extension 'colcon_pkg'
[0.685s] Level 1:colcon.colcon_core.package_identification:_identify(src/realsense_line_follower) by extensions ['colcon_meta']
[0.685s] Level 1:colcon.colcon_core.package_identification:_identify(src/realsense_line_follower) by extension 'colcon_meta'
[0.685s] Level 1:colcon.colcon_core.package_identification:_identify(src/realsense_line_follower) by extensions ['ros']
[0.686s] Level 1:colcon.colcon_core.package_identification:_identify(src/realsense_line_follower) by extension 'ros'
[0.693s] DEBUG:colcon.colcon_core.package_identification:Package 'src/realsense_line_follower' with type 'ros.ament_cmake' and name 'realsense_line_follower'
[0.693s] Level 1:colcon.colcon_core.package_identification:_identify(src/red_stop_camera) by extensions ['ignore', 'ignore_ament_install']
[0.693s] Level 1:colcon.colcon_core.package_identification:_identify(src/red_stop_camera) by extension 'ignore'
[0.693s] Level 1:colcon.colcon_core.package_identification:_identify(src/red_stop_camera) by extension 'ignore_ament_install'
[0.694s] Level 1:colcon.colcon_core.package_identification:_identify(src/red_stop_camera) by extensions ['colcon_pkg']
[0.694s] Level 1:colcon.colcon_core.package_identification:_identify(src/red_stop_camera) by extension 'colcon_pkg'
[0.694s] Level 1:colcon.colcon_core.package_identification:_identify(src/red_stop_camera) by extensions ['colcon_meta']
[0.694s] Level 1:colcon.colcon_core.package_identification:_identify(src/red_stop_camera) by extension 'colcon_meta'
[0.694s] Level 1:colcon.colcon_core.package_identification:_identify(src/red_stop_camera) by extensions ['ros']
[0.694s] Level 1:colcon.colcon_core.package_identification:_identify(src/red_stop_camera) by extension 'ros'
[0.695s] DEBUG:colcon.colcon_core.package_identification:Package 'src/red_stop_camera' with type 'ros.ament_cmake' and name 'red_stop_camera'
[0.695s] Level 1:colcon.colcon_core.package_discovery:discover_packages(recursive) using defaults
[0.695s] Level 1:colcon.colcon_core.package_discovery:discover_packages(ignore) discover
[0.696s] Level 1:colcon.colcon_core.package_discovery:discover_packages(ignore) using defaults
[0.696s] Level 1:colcon.colcon_core.package_discovery:discover_packages(path) discover
[0.696s] Level 1:colcon.colcon_core.package_discovery:discover_packages(path) using defaults
[0.756s] Level 1:colcon.colcon_core.package_discovery:discover_packages(prefix_path) check parameters
[0.756s] Level 1:colcon.colcon_core.package_discovery:discover_packages(prefix_path) discover
[0.763s] DEBUG:colcon.colcon_installed_package_information.package_discovery:Found 14 installed packages in /home/mars/ros2_ws/install
[0.764s] DEBUG:colcon.colcon_installed_package_information.package_discovery:Found 1 installed packages in /home/mars/ws_livox/install
[0.770s] DEBUG:colcon.colcon_installed_package_information.package_discovery:Found 431 installed packages in /opt/ros/humble
[0.776s] Level 1:colcon.colcon_core.package_discovery:discover_packages(prefix_path) using defaults
[0.912s] Level 5:colcon.colcon_core.verb:set package 'realsense_line_follower' build argument 'cmake_args' from command line to 'None'
[0.913s] Level 5:colcon.colcon_core.verb:set package 'realsense_line_follower' build argument 'cmake_target' from command line to 'None'
[0.913s] Level 5:colcon.colcon_core.verb:set package 'realsense_line_follower' build argument 'cmake_target_skip_unavailable' from command line to 'False'
[0.913s] Level 5:colcon.colcon_core.verb:set package 'realsense_line_follower' build argument 'cmake_clean_cache' from command line to 'False'
[0.913s] Level 5:colcon.colcon_core.verb:set package 'realsense_line_follower' build argument 'cmake_clean_first' from command line to 'False'
[0.913s] Level 5:colcon.colcon_core.verb:set package 'realsense_line_follower' build argument 'cmake_force_configure' from command line to 'False'
[0.913s] Level 5:colcon.colcon_core.verb:set package 'realsense_line_follower' build argument 'ament_cmake_args' from command line to 'None'
[0.913s] Level 5:colcon.colcon_core.verb:set package 'realsense_line_follower' build argument 'catkin_cmake_args' from command line to 'None'
[0.913s] Level 5:colcon.colcon_core.verb:set package 'realsense_line_follower' build argument 'catkin_skip_building_tests' from command line to 'False'
[0.913s] DEBUG:colcon.colcon_core.verb:Building package 'realsense_line_follower' with the following arguments: {'ament_cmake_args': None, 'build_base': '/home/mars/tayota_ws/build/realsense_line_follower', 'catkin_cmake_args': None, 'catkin_skip_building_tests': False, 'cmake_args': None, 'cmake_clean_cache': False, 'cmake_clean_first': False, 'cmake_force_configure': False, 'cmake_target': None, 'cmake_target_skip_unavailable': False, 'install_base': '/home/mars/tayota_ws/install/realsense_line_follower', 'merge_install': False, 'path': '/home/mars/tayota_ws/src/realsense_line_follower', 'symlink_install': False, 'test_result_base': None}
[0.914s] Level 5:colcon.colcon_core.verb:set package 'red_stop_camera' build argument 'cmake_args' from command line to 'None'
[0.914s] Level 5:colcon.colcon_core.verb:set package 'red_stop_camera' build argument 'cmake_target' from command line to 'None'
[0.914s] Level 5:colcon.colcon_core.verb:set package 'red_stop_camera' build argument 'cmake_target_skip_unavailable' from command line to 'False'
[0.914s] Level 5:colcon.colcon_core.verb:set package 'red_stop_camera' build argument 'cmake_clean_cache' from command line to 'False'
[0.914s] Level 5:colcon.colcon_core.verb:set package 'red_stop_camera' build argument 'cmake_clean_first' from command line to 'False'
[0.914s] Level 5:colcon.colcon_core.verb:set package 'red_stop_camera' build argument 'cmake_force_configure' from command line to 'False'
[0.914s] Level 5:colcon.colcon_core.verb:set package 'red_stop_camera' build argument 'ament_cmake_args' from command line to 'None'
[0.914s] Level 5:colcon.colcon_core.verb:set package 'red_stop_camera' build argument 'catkin_cmake_args' from command line to 'None'
[0.914s] Level 5:colcon.colcon_core.verb:set package 'red_stop_camera' build argument 'catkin_skip_building_tests' from command line to 'False'
[0.914s] DEBUG:colcon.colcon_core.verb:Building package 'red_stop_camera' with the following arguments: {'ament_cmake_args': None, 'build_base': '/home/mars/tayota_ws/build/red_stop_camera', 'catkin_cmake_args': None, 'catkin_skip_building_tests': False, 'cmake_args': None, 'cmake_clean_cache': False, 'cmake_clean_first': False, 'cmake_force_configure': False, 'cmake_target': None, 'cmake_target_skip_unavailable': False, 'install_base': '/home/mars/tayota_ws/install/red_stop_camera', 'merge_install': False, 'path': '/home/mars/tayota_ws/src/red_stop_camera', 'symlink_install': False, 'test_result_base': None}
[0.915s] INFO:colcon.colcon_core.executor:Executing jobs using 'parallel' executor
[0.917s] DEBUG:colcon.colcon_parallel_executor.executor.parallel:run_until_complete
[0.917s] INFO:colcon.colcon_ros.task.ament_cmake.build:Building ROS package in '/home/mars/tayota_ws/src/realsense_line_follower' with build type 'ament_cmake'
[0.917s] INFO:colcon.colcon_cmake.task.cmake.build:Building CMake package in '/home/mars/tayota_ws/src/realsense_line_follower'
[0.922s] INFO:colcon.colcon_core.plugin_system:Skipping extension 'colcon_core.shell.bat': Not used on non-Windows systems
[0.922s] INFO:colcon.colcon_core.shell:Skip shell extension 'powershell' for command environment: Not usable outside of PowerShell
[0.922s] DEBUG:colcon.colcon_core.shell:Skip shell extension 'dsv' for command environment
[0.937s] INFO:colcon.colcon_ros.task.ament_cmake.build:Building ROS package in '/home/mars/tayota_ws/src/red_stop_camera' with build type 'ament_cmake'
[0.938s] INFO:colcon.colcon_cmake.task.cmake.build:Building CMake package in '/home/mars/tayota_ws/src/red_stop_camera'
[0.938s] INFO:colcon.colcon_core.shell:Skip shell extension 'powershell' for command environment: Not usable outside of PowerShell
[0.938s] DEBUG:colcon.colcon_core.shell:Skip shell extension 'dsv' for command environment
[0.960s] DEBUG:colcon.colcon_core.event_handler.log_command:Invoking command in '/home/mars/tayota_ws/build/realsense_line_follower': CMAKE_PREFIX_PATH=${CMAKE_PREFIX_PATH}:/home/mars/ros2_ws/install/simple_map_pub:/home/mars/ros2_ws/install/arduino_motor:/home/mars/ros2_ws/install/ackermann_keyboard_teleop:/opt/ros/humble /usr/bin/cmake --build /home/mars/tayota_ws/build/realsense_line_follower -- -j4 -l4
[0.969s] DEBUG:colcon.colcon_core.event_handler.log_command:Invoking command in '/home/mars/tayota_ws/build/red_stop_camera': CMAKE_PREFIX_PATH=${CMAKE_PREFIX_PATH}:/home/mars/ros2_ws/install/simple_map_pub:/home/mars/ros2_ws/install/arduino_motor:/home/mars/ros2_ws/install/ackermann_keyboard_teleop:/opt/ros/humble /usr/bin/cmake --build /home/mars/tayota_ws/build/red_stop_camera -- -j4 -l4
[1.139s] DEBUG:colcon.colcon_core.event_handler.log_command:Invoked command in '/home/mars/tayota_ws/build/realsense_line_follower' returned '0': CMAKE_PREFIX_PATH=${CMAKE_PREFIX_PATH}:/home/mars/ros2_ws/install/simple_map_pub:/home/mars/ros2_ws/install/arduino_motor:/home/mars/ros2_ws/install/ackermann_keyboard_teleop:/opt/ros/humble /usr/bin/cmake --build /home/mars/tayota_ws/build/realsense_line_follower -- -j4 -l4
[1.163s] DEBUG:colcon.colcon_core.event_handler.log_command:Invoking command in '/home/mars/tayota_ws/build/realsense_line_follower': CMAKE_PREFIX_PATH=${CMAKE_PREFIX_PATH}:/home/mars/ros2_ws/install/simple_map_pub:/home/mars/ros2_ws/install/arduino_motor:/home/mars/ros2_ws/install/ackermann_keyboard_teleop:/opt/ros/humble /usr/bin/cmake --install /home/mars/tayota_ws/build/realsense_line_follower
[1.188s] Level 1:colcon.colcon_core.environment:create_environment_scripts_only(realsense_line_follower)
[1.189s] DEBUG:colcon.colcon_core.event_handler.log_command:Invoked command in '/home/mars/tayota_ws/build/realsense_line_follower' returned '0': CMAKE_PREFIX_PATH=${CMAKE_PREFIX_PATH}:/home/mars/ros2_ws/install/simple_map_pub:/home/mars/ros2_ws/install/arduino_motor:/home/mars/ros2_ws/install/ackermann_keyboard_teleop:/opt/ros/humble /usr/bin/cmake --install /home/mars/tayota_ws/build/realsense_line_follower
[1.194s] Level 1:colcon.colcon_core.environment:checking '/home/mars/tayota_ws/install/realsense_line_follower' for CMake module files
[1.195s] Level 1:colcon.colcon_core.environment:checking '/home/mars/tayota_ws/install/realsense_line_follower' for CMake config files
[1.196s] Level 1:colcon.colcon_core.shell:create_environment_hook('realsense_line_follower', 'cmake_prefix_path')
[1.196s] INFO:colcon.colcon_core.shell:Creating environment hook '/home/mars/tayota_ws/install/realsense_line_follower/share/realsense_line_follower/hook/cmake_prefix_path.ps1'
[1.198s] INFO:colcon.colcon_core.shell:Creating environment descriptor '/home/mars/tayota_ws/install/realsense_line_follower/share/realsense_line_follower/hook/cmake_prefix_path.dsv'
[1.198s] INFO:colcon.colcon_core.shell:Creating environment hook '/home/mars/tayota_ws/install/realsense_line_follower/share/realsense_line_follower/hook/cmake_prefix_path.sh'
[1.200s] Level 1:colcon.colcon_core.environment:checking '/home/mars/tayota_ws/install/realsense_line_follower/lib'
[1.200s] Level 1:colcon.colcon_core.environment:checking '/home/mars/tayota_ws/install/realsense_line_follower/bin'
[1.200s] Level 1:colcon.colcon_core.environment:checking '/home/mars/tayota_ws/install/realsense_line_follower/lib/pkgconfig/realsense_line_follower.pc'
[1.201s] Level 1:colcon.colcon_core.environment:checking '/home/mars/tayota_ws/install/realsense_line_follower/lib/python3.10/site-packages'
[1.201s] Level 1:colcon.colcon_core.environment:checking '/home/mars/tayota_ws/install/realsense_line_follower/bin'
[1.202s] INFO:colcon.colcon_core.shell:Creating package script '/home/mars/tayota_ws/install/realsense_line_follower/share/realsense_line_follower/package.ps1'
[1.204s] INFO:colcon.colcon_core.shell:Creating package descriptor '/home/mars/tayota_ws/install/realsense_line_follower/share/realsense_line_follower/package.dsv'
[1.205s] INFO:colcon.colcon_core.shell:Creating package script '/home/mars/tayota_ws/install/realsense_line_follower/share/realsense_line_follower/package.sh'
[1.207s] INFO:colcon.colcon_core.shell:Creating package script '/home/mars/tayota_ws/install/realsense_line_follower/share/realsense_line_follower/package.bash'
[1.208s] INFO:colcon.colcon_core.shell:Creating package script '/home/mars/tayota_ws/install/realsense_line_follower/share/realsense_line_follower/package.zsh'
[1.209s] Level 1:colcon.colcon_core.environment:create_file_with_runtime_dependencies(/home/mars/tayota_ws/install/realsense_line_follower/share/colcon-core/packages/realsense_line_follower)
[1.211s] Level 1:colcon.colcon_core.environment:create_environment_scripts_only(realsense_line_follower)
[1.211s] Level 1:colcon.colcon_core.environment:checking '/home/mars/tayota_ws/install/realsense_line_follower' for CMake module files
[1.212s] Level 1:colcon.colcon_core.environment:checking '/home/mars/tayota_ws/install/realsense_line_follower' for CMake config files
[1.213s] Level 1:colcon.colcon_core.shell:create_environment_hook('realsense_line_follower', 'cmake_prefix_path')
[1.213s] INFO:colcon.colcon_core.shell:Creating environment hook '/home/mars/tayota_ws/install/realsense_line_follower/share/realsense_line_follower/hook/cmake_prefix_path.ps1'
[1.214s] INFO:colcon.colcon_core.shell:Creating environment descriptor '/home/mars/tayota_ws/install/realsense_line_follower/share/realsense_line_follower/hook/cmake_prefix_path.dsv'
[1.215s] INFO:colcon.colcon_core.shell:Creating environment hook '/home/mars/tayota_ws/install/realsense_line_follower/share/realsense_line_follower/hook/cmake_prefix_path.sh'
[1.216s] Level 1:colcon.colcon_core.environment:checking '/home/mars/tayota_ws/install/realsense_line_follower/lib'
[1.216s] Level 1:colcon.colcon_core.environment:checking '/home/mars/tayota_ws/install/realsense_line_follower/bin'
[1.216s] Level 1:colcon.colcon_core.environment:checking '/home/mars/tayota_ws/install/realsense_line_follower/lib/pkgconfig/realsense_line_follower.pc'
[1.216s] Level 1:colcon.colcon_core.environment:checking '/home/mars/tayota_ws/install/realsense_line_follower/lib/python3.10/site-packages'
[1.218s] Level 1:colcon.colcon_core.environment:checking '/home/mars/tayota_ws/install/realsense_line_follower/bin'
[1.218s] INFO:colcon.colcon_core.shell:Creating package script '/home/mars/tayota_ws/install/realsense_line_follower/share/realsense_line_follower/package.ps1'
[1.220s] INFO:colcon.colcon_core.shell:Creating package descriptor '/home/mars/tayota_ws/install/realsense_line_follower/share/realsense_line_follower/package.dsv'
[1.220s] INFO:colcon.colcon_core.shell:Creating package script '/home/mars/tayota_ws/install/realsense_line_follower/share/realsense_line_follower/package.sh'
[1.221s] INFO:colcon.colcon_core.shell:Creating package script '/home/mars/tayota_ws/install/realsense_line_follower/share/realsense_line_follower/package.bash'
[1.222s] INFO:colcon.colcon_core.shell:Creating package script '/home/mars/tayota_ws/install/realsense_line_follower/share/realsense_line_follower/package.zsh'
[1.223s] Level 1:colcon.colcon_core.environment:create_file_with_runtime_dependencies(/home/mars/tayota_ws/install/realsense_line_follower/share/colcon-core/packages/realsense_line_follower)
[22.217s] DEBUG:colcon.colcon_core.event_handler.log_command:Invoked command in '/home/mars/tayota_ws/build/red_stop_camera' returned '0': CMAKE_PREFIX_PATH=${CMAKE_PREFIX_PATH}:/home/mars/ros2_ws/install/simple_map_pub:/home/mars/ros2_ws/install/arduino_motor:/home/mars/ros2_ws/install/ackermann_keyboard_teleop:/opt/ros/humble /usr/bin/cmake --build /home/mars/tayota_ws/build/red_stop_camera -- -j4 -l4
[22.220s] DEBUG:colcon.colcon_core.event_handler.log_command:Invoking command in '/home/mars/tayota_ws/build/red_stop_camera': CMAKE_PREFIX_PATH=${CMAKE_PREFIX_PATH}:/home/mars/ros2_ws/install/simple_map_pub:/home/mars/ros2_ws/install/arduino_motor:/home/mars/ros2_ws/install/ackermann_keyboard_teleop:/opt/ros/humble /usr/bin/cmake --install /home/mars/tayota_ws/build/red_stop_camera
[22.255s] Level 1:colcon.colcon_core.environment:create_environment_scripts_only(red_stop_camera)
[22.256s] Level 1:colcon.colcon_core.environment:checking '/home/mars/tayota_ws/install/red_stop_camera' for CMake module files
[22.257s] DEBUG:colcon.colcon_core.event_handler.log_command:Invoked command in '/home/mars/tayota_ws/build/red_stop_camera' returned '0': CMAKE_PREFIX_PATH=${CMAKE_PREFIX_PATH}:/home/mars/ros2_ws/install/simple_map_pub:/home/mars/ros2_ws/install/arduino_motor:/home/mars/ros2_ws/install/ackermann_keyboard_teleop:/opt/ros/humble /usr/bin/cmake --install /home/mars/tayota_ws/build/red_stop_camera
[22.258s] Level 1:colcon.colcon_core.environment:checking '/home/mars/tayota_ws/install/red_stop_camera' for CMake config files
[22.258s] Level 1:colcon.colcon_core.shell:create_environment_hook('red_stop_camera', 'cmake_prefix_path')
[22.259s] INFO:colcon.colcon_core.shell:Creating environment hook '/home/mars/tayota_ws/install/red_stop_camera/share/red_stop_camera/hook/cmake_prefix_path.ps1'
[22.260s] INFO:colcon.colcon_core.shell:Creating environment descriptor '/home/mars/tayota_ws/install/red_stop_camera/share/red_stop_camera/hook/cmake_prefix_path.dsv'
[22.260s] INFO:colcon.colcon_core.shell:Creating environment hook '/home/mars/tayota_ws/install/red_stop_camera/share/red_stop_camera/hook/cmake_prefix_path.sh'
[22.261s] Level 1:colcon.colcon_core.environment:checking '/home/mars/tayota_ws/install/red_stop_camera/lib'
[22.261s] Level 1:colcon.colcon_core.environment:checking '/home/mars/tayota_ws/install/red_stop_camera/bin'
[22.261s] Level 1:colcon.colcon_core.environment:checking '/home/mars/tayota_ws/install/red_stop_camera/lib/pkgconfig/red_stop_camera.pc'
[22.262s] Level 1:colcon.colcon_core.environment:checking '/home/mars/tayota_ws/install/red_stop_camera/lib/python3.10/site-packages'
[22.263s] Level 1:colcon.colcon_core.environment:checking '/home/mars/tayota_ws/install/red_stop_camera/bin'
[22.263s] INFO:colcon.colcon_core.shell:Creating package script '/home/mars/tayota_ws/install/red_stop_camera/share/red_stop_camera/package.ps1'
[22.264s] INFO:colcon.colcon_core.shell:Creating package descriptor '/home/mars/tayota_ws/install/red_stop_camera/share/red_stop_camera/package.dsv'
[22.265s] INFO:colcon.colcon_core.shell:Creating package script '/home/mars/tayota_ws/install/red_stop_camera/share/red_stop_camera/package.sh'
[22.266s] INFO:colcon.colcon_core.shell:Creating package script '/home/mars/tayota_ws/install/red_stop_camera/share/red_stop_camera/package.bash'
[22.266s] INFO:colcon.colcon_core.shell:Creating package script '/home/mars/tayota_ws/install/red_stop_camera/share/red_stop_camera/package.zsh'
[22.267s] Level 1:colcon.colcon_core.environment:create_file_with_runtime_dependencies(/home/mars/tayota_ws/install/red_stop_camera/share/colcon-core/packages/red_stop_camera)
[22.268s] Level 1:colcon.colcon_core.environment:create_environment_scripts_only(red_stop_camera)
[22.269s] Level 1:colcon.colcon_core.environment:checking '/home/mars/tayota_ws/install/red_stop_camera' for CMake module files
[22.271s] Level 1:colcon.colcon_core.environment:checking '/home/mars/tayota_ws/install/red_stop_camera' for CMake config files
[22.272s] Level 1:colcon.colcon_core.shell:create_environment_hook('red_stop_camera', 'cmake_prefix_path')
[22.272s] INFO:colcon.colcon_core.shell:Creating environment hook '/home/mars/tayota_ws/install/red_stop_camera/share/red_stop_camera/hook/cmake_prefix_path.ps1'
[22.274s] INFO:colcon.colcon_core.shell:Creating environment descriptor '/home/mars/tayota_ws/install/red_stop_camera/share/red_stop_camera/hook/cmake_prefix_path.dsv'
[22.275s] INFO:colcon.colcon_core.shell:Creating environment hook '/home/mars/tayota_ws/install/red_stop_camera/share/red_stop_camera/hook/cmake_prefix_path.sh'
[22.276s] Level 1:colcon.colcon_core.environment:checking '/home/mars/tayota_ws/install/red_stop_camera/lib'
[22.276s] Level 1:colcon.colcon_core.environment:checking '/home/mars/tayota_ws/install/red_stop_camera/bin'
[22.277s] Level 1:colcon.colcon_core.environment:checking '/home/mars/tayota_ws/install/red_stop_camera/lib/pkgconfig/red_stop_camera.pc'
[22.277s] Level 1:colcon.colcon_core.environment:checking '/home/mars/tayota_ws/install/red_stop_camera/lib/python3.10/site-packages'
[22.278s] Level 1:colcon.colcon_core.environment:checking '/home/mars/tayota_ws/install/red_stop_camera/bin'
[22.279s] INFO:colcon.colcon_core.shell:Creating package script '/home/mars/tayota_ws/install/red_stop_camera/share/red_stop_camera/package.ps1'
[22.282s] INFO:colcon.colcon_core.shell:Creating package descriptor '/home/mars/tayota_ws/install/red_stop_camera/share/red_stop_camera/package.dsv'
[22.283s] INFO:colcon.colcon_core.shell:Creating package script '/home/mars/tayota_ws/install/red_stop_camera/share/red_stop_camera/package.sh'
[22.285s] INFO:colcon.colcon_core.shell:Creating package script '/home/mars/tayota_ws/install/red_stop_camera/share/red_stop_camera/package.bash'
[22.287s] INFO:colcon.colcon_core.shell:Creating package script '/home/mars/tayota_ws/install/red_stop_camera/share/red_stop_camera/package.zsh'
[22.288s] Level 1:colcon.colcon_core.environment:create_file_with_runtime_dependencies(/home/mars/tayota_ws/install/red_stop_camera/share/colcon-core/packages/red_stop_camera)
[22.289s] DEBUG:colcon.colcon_parallel_executor.executor.parallel:closing loop
[22.289s] DEBUG:colcon.colcon_parallel_executor.executor.parallel:loop closed
[22.290s] DEBUG:colcon.colcon_parallel_executor.executor.parallel:run_until_complete finished with '0'
[22.290s] DEBUG:colcon.colcon_core.event_reactor:joining thread
[22.291s] DEBUG:colcon.colcon_core.event_reactor:joined thread
[22.291s] INFO:colcon.colcon_core.shell:Creating prefix script '/home/mars/tayota_ws/install/local_setup.ps1'
[22.294s] INFO:colcon.colcon_core.shell:Creating prefix util module '/home/mars/tayota_ws/install/_local_setup_util_ps1.py'
[22.297s] INFO:colcon.colcon_core.shell:Creating prefix chain script '/home/mars/tayota_ws/install/setup.ps1'
[22.302s] INFO:colcon.colcon_core.shell:Creating prefix script '/home/mars/tayota_ws/install/local_setup.sh'
[22.303s] INFO:colcon.colcon_core.shell:Creating prefix util module '/home/mars/tayota_ws/install/_local_setup_util_sh.py'
[22.305s] INFO:colcon.colcon_core.shell:Creating prefix chain script '/home/mars/tayota_ws/install/setup.sh'
[22.309s] INFO:colcon.colcon_core.shell:Creating prefix script '/home/mars/tayota_ws/install/local_setup.bash'
[22.310s] INFO:colcon.colcon_core.shell:Creating prefix chain script '/home/mars/tayota_ws/install/setup.bash'
[22.314s] INFO:colcon.colcon_core.shell:Creating prefix script '/home/mars/tayota_ws/install/local_setup.zsh'
[22.316s] INFO:colcon.colcon_core.shell:Creating prefix chain script '/home/mars/tayota_ws/install/setup.zsh'
