[0.044s] Invoking command in '/home/mars/tayota_ws/build/realsense_line_follower': CMAKE_PREFIX_PATH=${CMAKE_PREFIX_PATH}:/home/mars/ros2_ws/install/simple_map_pub:/home/mars/ros2_ws/install/arduino_motor:/home/mars/ros2_ws/install/ackermann_keyboard_teleop:/opt/ros/humble /usr/bin/cmake --build /home/mars/tayota_ws/build/realsense_line_follower -- -j4 -l4
[0.207s] [ 66%] [32mBuilding CXX object CMakeFiles/line_follower.dir/src/line_follower.cpp.o[0m
[0.208s] [ 66%] [32mBuilding CXX object CMakeFiles/line_follower.dir/src/main.cpp.o[0m
[22.790s] [100%] [32m[1mLinking CXX executable line_follower[0m
[25.303s] [100%] Built target line_follower
[25.330s] Invoked command in '/home/mars/tayota_ws/build/realsense_line_follower' returned '0': CMAKE_PREFIX_PATH=${CMAKE_PREFIX_PATH}:/home/mars/ros2_ws/install/simple_map_pub:/home/mars/ros2_ws/install/arduino_motor:/home/mars/ros2_ws/install/ackermann_keyboard_teleop:/opt/ros/humble /usr/bin/cmake --build /home/mars/tayota_ws/build/realsense_line_follower -- -j4 -l4
[25.332s] Invoking command in '/home/mars/tayota_ws/build/realsense_line_follower': CMAKE_PREFIX_PATH=${CMAKE_PREFIX_PATH}:/home/mars/ros2_ws/install/simple_map_pub:/home/mars/ros2_ws/install/arduino_motor:/home/mars/ros2_ws/install/ackermann_keyboard_teleop:/opt/ros/humble /usr/bin/cmake --install /home/mars/tayota_ws/build/realsense_line_follower
[25.353s] -- Install configuration: ""
[25.354s] -- Installing: /home/mars/tayota_ws/install/realsense_line_follower/lib/realsense_line_follower/line_follower
[25.367s] -- Set runtime path of "/home/mars/tayota_ws/install/realsense_line_follower/lib/realsense_line_follower/line_follower" to ""
[25.367s] -- Up-to-date: /home/mars/tayota_ws/install/realsense_line_follower/share/realsense_line_follower/launch
[25.367s] -- Up-to-date: /home/mars/tayota_ws/install/realsense_line_follower/share/realsense_line_follower/launch/line_follow.launch.py
[25.367s] -- Up-to-date: /home/mars/tayota_ws/install/realsense_line_follower/share/realsense_line_follower/config
[25.367s] -- Up-to-date: /home/mars/tayota_ws/install/realsense_line_follower/share/realsense_line_follower/config/params.yaml
[25.368s] -- Up-to-date: /home/mars/tayota_ws/install/realsense_line_follower/share/ament_index/resource_index/package_run_dependencies/realsense_line_follower
[25.368s] -- Up-to-date: /home/mars/tayota_ws/install/realsense_line_follower/share/ament_index/resource_index/parent_prefix_path/realsense_line_follower
[25.368s] -- Up-to-date: /home/mars/tayota_ws/install/realsense_line_follower/share/realsense_line_follower/environment/ament_prefix_path.sh
[25.368s] -- Up-to-date: /home/mars/tayota_ws/install/realsense_line_follower/share/realsense_line_follower/environment/ament_prefix_path.dsv
[25.368s] -- Up-to-date: /home/mars/tayota_ws/install/realsense_line_follower/share/realsense_line_follower/environment/path.sh
[25.369s] -- Up-to-date: /home/mars/tayota_ws/install/realsense_line_follower/share/realsense_line_follower/environment/path.dsv
[25.369s] -- Up-to-date: /home/mars/tayota_ws/install/realsense_line_follower/share/realsense_line_follower/local_setup.bash
[25.369s] -- Up-to-date: /home/mars/tayota_ws/install/realsense_line_follower/share/realsense_line_follower/local_setup.sh
[25.369s] -- Up-to-date: /home/mars/tayota_ws/install/realsense_line_follower/share/realsense_line_follower/local_setup.zsh
[25.369s] -- Up-to-date: /home/mars/tayota_ws/install/realsense_line_follower/share/realsense_line_follower/local_setup.dsv
[25.369s] -- Installing: /home/mars/tayota_ws/install/realsense_line_follower/share/realsense_line_follower/package.dsv
[25.370s] -- Up-to-date: /home/mars/tayota_ws/install/realsense_line_follower/share/ament_index/resource_index/packages/realsense_line_follower
[25.370s] -- Up-to-date: /home/mars/tayota_ws/install/realsense_line_follower/share/realsense_line_follower/cmake/realsense_line_followerConfig.cmake
[25.370s] -- Up-to-date: /home/mars/tayota_ws/install/realsense_line_follower/share/realsense_line_follower/cmake/realsense_line_followerConfig-version.cmake
[25.370s] -- Up-to-date: /home/mars/tayota_ws/install/realsense_line_follower/share/realsense_line_follower/package.xml
[25.373s] Invoked command in '/home/mars/tayota_ws/build/realsense_line_follower' returned '0': CMAKE_PREFIX_PATH=${CMAKE_PREFIX_PATH}:/home/mars/ros2_ws/install/simple_map_pub:/home/mars/ros2_ws/install/arduino_motor:/home/mars/ros2_ws/install/ackermann_keyboard_teleop:/opt/ros/humble /usr/bin/cmake --install /home/mars/tayota_ws/build/realsense_line_follower
