[0.043s] Invoking command in '/home/mars/tayota_ws/build/realsense_line_follower': CMAKE_PREFIX_PATH=${CMAKE_PREFIX_PATH}:/home/mars/ros2_ws/install/simple_map_pub:/home/mars/ros2_ws/install/arduino_motor:/home/mars/ros2_ws/install/ackermann_keyboard_teleop:/opt/ros/humble /usr/bin/cmake --build /home/mars/tayota_ws/build/realsense_line_follower -- -j4 -l4
[0.202s] [ 33%] [32mBuilding CXX object CMakeFiles/line_follower.dir/src/line_follower.cpp.o[0m
[7.794s] [01m[K/home/mars/tayota_ws/src/realsense_line_follower/src/line_follower.cpp:546:15:[m[K [01;31m[Kerror: [m[Kexpected constructor, destructor, or type conversion before ‘[01m[K([m[K’ token
[7.794s]   546 | publishCommand[01;31m[K([m[K"SERVO190");
[7.794s]       |               [01;31m[K^[m[K
[7.795s] [01m[K/home/mars/tayota_ws/src/realsense_line_follower/src/line_follower.cpp:547:20:[m[K [01;31m[Kerror: [m[Kexpected constructor, destructor, or type conversion before ‘[01m[K;[m[K’ token
[7.795s]   547 | publishRedTrigger()[01;31m[K;[m[K
[7.795s]       |                    [01;31m[K^[m[K
[7.795s] In file included from [01m[K/opt/ros/humble/include/rclcpp/rclcpp/client.hpp:40[m[K,
[7.795s]                  from [01m[K/opt/ros/humble/include/rclcpp/rclcpp/callback_group.hpp:24[m[K,
[7.795s]                  from [01m[K/opt/ros/humble/include/rclcpp/rclcpp/any_executable.hpp:20[m[K,
[7.796s]                  from [01m[K/opt/ros/humble/include/rclcpp/rclcpp/memory_strategy.hpp:25[m[K,
[7.796s]                  from [01m[K/opt/ros/humble/include/rclcpp/rclcpp/memory_strategies.hpp:18[m[K,
[7.796s]                  from [01m[K/opt/ros/humble/include/rclcpp/rclcpp/executor_options.hpp:20[m[K,
[7.796s]                  from [01m[K/opt/ros/humble/include/rclcpp/rclcpp/executor.hpp:37[m[K,
[7.796s]                  from [01m[K/opt/ros/humble/include/rclcpp/rclcpp/executors/multi_threaded_executor.hpp:25[m[K,
[7.796s]                  from [01m[K/opt/ros/humble/include/rclcpp/rclcpp/executors.hpp:21[m[K,
[7.796s]                  from [01m[K/opt/ros/humble/include/rclcpp/rclcpp/rclcpp.hpp:155[m[K,
[7.797s]                  from [01m[K/home/mars/tayota_ws/src/realsense_line_follower/include/realsense_line_follower/line_follower.hpp:3[m[K,
[7.797s]                  from [01m[K/home/mars/tayota_ws/src/realsense_line_follower/src/line_follower.cpp:1[m[K:
[7.797s] [01m[K/home/mars/tayota_ws/src/realsense_line_follower/src/line_follower.cpp:549:1:[m[K [01;31m[Kerror: [m[Kexpected unqualified-id before ‘[01m[Kdo[m[K’
[7.797s]   549 | [01;31m[KRCLCPP_WARN[m[K(get_logger(),
[7.797s]       | [01;31m[K^~~~~~~~~~~[m[K
[7.797s] [01m[K/home/mars/tayota_ws/src/realsense_line_follower/src/line_follower.cpp:549:1:[m[K [01;31m[Kerror: [m[Kexpected unqualified-id before ‘[01m[Kwhile[m[K’
[7.798s]   549 | [01;31m[KRCLCPP_WARN[m[K(get_logger(),
[7.798s]       | [01;31m[K^~~~~~~~~~~[m[K
[7.798s] [01m[K/home/mars/tayota_ws/src/realsense_line_follower/src/line_follower.cpp:555:1:[m[K [01;31m[Kerror: [m[Kexpected unqualified-id before ‘[01m[Kreturn[m[K’
[7.798s]   555 | [01;31m[Kreturn[m[K;
[7.798s]       | [01;31m[K^~~~~~[m[K
[7.798s] [01m[K/home/mars/tayota_ws/src/realsense_line_follower/src/line_follower.cpp:556:1:[m[K [01;31m[Kerror: [m[Kexpected declaration before ‘[01m[K}[m[K’ token
[7.798s]   556 | [01;31m[K}[m[K
[7.799s]       | [01;31m[K^[m[K
[7.804s] [01m[K/home/mars/tayota_ws/src/realsense_line_follower/src/line_follower.cpp:561:32:[m[K [01;31m[Kerror: [m[K‘[01m[Kimg[m[K’ was not declared in this scope
[7.805s]   561 | bool found = detectLineContour([01;31m[Kimg[m[K, steering, width);
[7.805s]       |                                [01;31m[K^~~[m[K
[7.823s] [01m[K/home/mars/tayota_ws/src/realsense_line_follower/src/line_follower.cpp:561:14:[m[K [01;31m[Kerror: [m[K‘[01m[KdetectLineContour[m[K’ was not declared in this scope
[7.823s]   561 | bool found = [01;31m[KdetectLineContour[m[K(img, steering, width);
[7.823s]       |              [01;31m[K^~~~~~~~~~~~~~~~~[m[K
[7.824s] [01m[K/home/mars/tayota_ws/src/realsense_line_follower/src/line_follower.cpp:562:1:[m[K [01;31m[Kerror: [m[Kexpected unqualified-id before ‘[01m[Kif[m[K’
[7.824s]   562 | [01;31m[Kif[m[K (found) {
[7.824s]       | [01;31m[K^~[m[K
[7.824s] [01m[K/home/mars/tayota_ws/src/realsense_line_follower/src/line_follower.cpp:572:1:[m[K [01;31m[Kerror: [m[Kexpected unqualified-id before ‘[01m[Kif[m[K’
[7.824s]   572 | [01;31m[Kif[m[K (!found) {
[7.825s]       | [01;31m[K^~[m[K
[7.840s] [01m[K/home/mars/tayota_ws/src/realsense_line_follower/src/line_follower.cpp:655:13:[m[K [01;31m[Kerror: [m[K‘[01m[KservoFromError[m[K’ was not declared in this scope
[7.840s]   655 | int servo = [01;31m[KservoFromError[m[K(steering);
[7.840s]       |             [01;31m[K^~~~~~~~~~~~~~[m[K
[7.840s] [01m[K/home/mars/tayota_ws/src/realsense_line_follower/src/line_follower.cpp:657:15:[m[K [01;31m[Kerror: [m[Kexpected constructor, destructor, or type conversion before ‘[01m[K([m[K’ token
[7.840s]   657 | publishCommand[01;31m[K([m[K"SERVO1" + std::to_string(servo));
[7.840s]       |               [01;31m[K^[m[K
[7.841s] [01m[K/home/mars/tayota_ws/src/realsense_line_follower/src/line_follower.cpp:659:1:[m[K [01;31m[Kerror: [m[Kexpected unqualified-id before ‘[01m[Kif[m[K’
[7.841s]   659 | [01;31m[Kif[m[K (width > 0.30) {
[7.841s]       | [01;31m[K^~[m[K
[7.841s] [01m[K/home/mars/tayota_ws/src/realsense_line_follower/src/line_follower.cpp:661:3:[m[K [01;31m[Kerror: [m[Kexpected unqualified-id before ‘[01m[Kelse[m[K’
[7.841s]   661 | } [01;31m[Kelse[m[K {
[7.841s]       |   [01;31m[K^~~~[m[K
[7.841s] [01m[K/home/mars/tayota_ws/src/realsense_line_follower/src/line_follower.cpp:664:1:[m[K [01;31m[Kerror: [m[Kexpected declaration before ‘[01m[K}[m[K’ token
[7.842s]   664 | [01;31m[K}[m[K
[7.842s]       | [01;31m[K^[m[K
[14.519s] gmake[2]: *** [CMakeFiles/line_follower.dir/build.make:90: CMakeFiles/line_follower.dir/src/line_follower.cpp.o] Error 1
[14.520s] gmake[1]: *** [CMakeFiles/Makefile2:137: CMakeFiles/line_follower.dir/all] Error 2
[14.520s] gmake: *** [Makefile:146: all] Error 2
[14.524s] Invoked command in '/home/mars/tayota_ws/build/realsense_line_follower' returned '2': CMAKE_PREFIX_PATH=${CMAKE_PREFIX_PATH}:/home/mars/ros2_ws/install/simple_map_pub:/home/mars/ros2_ws/install/arduino_motor:/home/mars/ros2_ws/install/ackermann_keyboard_teleop:/opt/ros/humble /usr/bin/cmake --build /home/mars/tayota_ws/build/realsense_line_follower -- -j4 -l4
