[35m[1mConsolidate compiler generated dependencies of target line_follower[0m
[ 33%] [32mBuilding CXX object CMakeFiles/line_follower.dir/src/line_follower.cpp.o[0m
[01m[K/home/mars/tayota_ws/src/realsense_line_follower/src/line_follower.cpp:[m[K In member function ‘[01m[Kbool LineFollower::detectRedStop(const cv::Mat&)[m[K’:
[01m[K/home/mars/tayota_ws/src/realsense_line_follower/src/line_follower.cpp:71:14:[m[K [01;31m[Kerror: [m[Kinvalid initialization of reference of type ‘[01m[Kcv::InputArray[m[K’ {aka ‘[01m[Kconst cv::_InputArray&[m[K’} from expression of type ‘[01m[K<brace-enclosed initializer list>[m[K’
   71 |   [01;31m[Kcv::inRange(hsv, {0, 100, 100}, {10, 255, 255}, m1)[m[K;
      |   [01;31m[K~~~~~~~~~~~^~~~~~~~~~~~~~~~~~~~~~~~~~~~~~~~~~~~~~~~[m[K
In file included from [01m[K/usr/include/opencv4/opencv2/core/core.hpp:48[m[K,
                 from [01m[K/opt/ros/humble/include/cv_bridge/cv_bridge/cv_bridge.h:43[m[K,
                 from [01m[K/home/mars/tayota_ws/src/realsense_line_follower/include/realsense_line_follower/line_follower.hpp:8[m[K,
                 from [01m[K/home/mars/tayota_ws/src/realsense_line_follower/src/line_follower.cpp:1[m[K:
[01m[K/usr/include/opencv4/opencv2/core.hpp:1396:54:[m[K [01;36m[Knote: [m[Kin passing argument 2 of ‘[01m[Kvoid cv::inRange(cv::InputArray, cv::InputArray, cv::InputArray, cv::OutputArray)[m[K’
 1396 | CV_EXPORTS_W void inRange(InputArray src, [01;36m[KInputArray lowerb[m[K,
      |                                           [01;36m[K~~~~~~~~~~~^~~~~~[m[K
[01m[K/home/mars/tayota_ws/src/realsense_line_follower/src/line_follower.cpp:73:14:[m[K [01;31m[Kerror: [m[Kinvalid initialization of reference of type ‘[01m[Kcv::InputArray[m[K’ {aka ‘[01m[Kconst cv::_InputArray&[m[K’} from expression of type ‘[01m[K<brace-enclosed initializer list>[m[K’
   73 |   [01;31m[Kcv::inRange(hsv, {170, 100, 100}, {180, 255, 255}, m2)[m[K;
      |   [01;31m[K~~~~~~~~~~~^~~~~~~~~~~~~~~~~~~~~~~~~~~~~~~~~~~~~~~~~~~[m[K
In file included from [01m[K/usr/include/opencv4/opencv2/core/core.hpp:48[m[K,
                 from [01m[K/opt/ros/humble/include/cv_bridge/cv_bridge/cv_bridge.h:43[m[K,
                 from [01m[K/home/mars/tayota_ws/src/realsense_line_follower/include/realsense_line_follower/line_follower.hpp:8[m[K,
                 from [01m[K/home/mars/tayota_ws/src/realsense_line_follower/src/line_follower.cpp:1[m[K:
[01m[K/usr/include/opencv4/opencv2/core.hpp:1396:54:[m[K [01;36m[Knote: [m[Kin passing argument 2 of ‘[01m[Kvoid cv::inRange(cv::InputArray, cv::InputArray, cv::InputArray, cv::OutputArray)[m[K’
 1396 | CV_EXPORTS_W void inRange(InputArray src, [01;36m[KInputArray lowerb[m[K,
      |                                           [01;36m[K~~~~~~~~~~~^~~~~~[m[K
gmake[2]: *** [CMakeFiles/line_follower.dir/build.make:90: CMakeFiles/line_follower.dir/src/line_follower.cpp.o] Error 1
gmake[1]: *** [CMakeFiles/Makefile2:137: CMakeFiles/line_follower.dir/all] Error 2
gmake: *** [Makefile:146: all] Error 2
