[0.039s] Invoking command in '/home/mars/tayota_ws/build/realsense_line_follower': CMAKE_PREFIX_PATH=${CMAKE_PREFIX_PATH}:/home/mars/ros2_ws/install/simple_map_pub:/home/mars/ros2_ws/install/arduino_motor:/home/mars/ros2_ws/install/ackermann_keyboard_teleop:/opt/ros/humble /usr/bin/cmake --build /home/mars/tayota_ws/build/realsense_line_follower -- -j4 -l4
[0.211s] [35m[1mConsolidate compiler generated dependencies of target line_follower[0m
[0.296s] [ 33%] [32mBuilding CXX object CMakeFiles/line_follower.dir/src/line_follower.cpp.o[0m
[9.672s] [01m[K/home/mars/tayota_ws/src/realsense_line_follower/src/line_follower.cpp:[m[K In member function ‘[01m[Kbool LineFollower::detectRedStop(const cv::Mat&)[m[K’:
[9.672s] [01m[K/home/mars/tayota_ws/src/realsense_line_follower/src/line_follower.cpp:71:14:[m[K [01;31m[Kerror: [m[Kinvalid initialization of reference of type ‘[01m[Kcv::InputArray[m[K’ {aka ‘[01m[Kconst cv::_InputArray&[m[K’} from expression of type ‘[01m[K<brace-enclosed initializer list>[m[K’
[9.672s]    71 |   [01;31m[Kcv::inRange(hsv, {0, 100, 100}, {10, 255, 255}, m1)[m[K;
[9.672s]       |   [01;31m[K~~~~~~~~~~~^~~~~~~~~~~~~~~~~~~~~~~~~~~~~~~~~~~~~~~~[m[K
[9.673s] In file included from [01m[K/usr/include/opencv4/opencv2/core/core.hpp:48[m[K,
[9.673s]                  from [01m[K/opt/ros/humble/include/cv_bridge/cv_bridge/cv_bridge.h:43[m[K,
[9.673s]                  from [01m[K/home/mars/tayota_ws/src/realsense_line_follower/include/realsense_line_follower/line_follower.hpp:8[m[K,
[9.673s]                  from [01m[K/home/mars/tayota_ws/src/realsense_line_follower/src/line_follower.cpp:1[m[K:
[9.673s] [01m[K/usr/include/opencv4/opencv2/core.hpp:1396:54:[m[K [01;36m[Knote: [m[Kin passing argument 2 of ‘[01m[Kvoid cv::inRange(cv::InputArray, cv::InputArray, cv::InputArray, cv::OutputArray)[m[K’
[9.674s]  1396 | CV_EXPORTS_W void inRange(InputArray src, [01;36m[KInputArray lowerb[m[K,
[9.674s]       |                                           [01;36m[K~~~~~~~~~~~^~~~~~[m[K
[9.674s] [01m[K/home/mars/tayota_ws/src/realsense_line_follower/src/line_follower.cpp:73:14:[m[K [01;31m[Kerror: [m[Kinvalid initialization of reference of type ‘[01m[Kcv::InputArray[m[K’ {aka ‘[01m[Kconst cv::_InputArray&[m[K’} from expression of type ‘[01m[K<brace-enclosed initializer list>[m[K’
[9.674s]    73 |   [01;31m[Kcv::inRange(hsv, {170, 100, 100}, {180, 255, 255}, m2)[m[K;
[9.674s]       |   [01;31m[K~~~~~~~~~~~^~~~~~~~~~~~~~~~~~~~~~~~~~~~~~~~~~~~~~~~~~~[m[K
[9.674s] In file included from [01m[K/usr/include/opencv4/opencv2/core/core.hpp:48[m[K,
[9.674s]                  from [01m[K/opt/ros/humble/include/cv_bridge/cv_bridge/cv_bridge.h:43[m[K,
[9.675s]                  from [01m[K/home/mars/tayota_ws/src/realsense_line_follower/include/realsense_line_follower/line_follower.hpp:8[m[K,
[9.675s]                  from [01m[K/home/mars/tayota_ws/src/realsense_line_follower/src/line_follower.cpp:1[m[K:
[9.675s] [01m[K/usr/include/opencv4/opencv2/core.hpp:1396:54:[m[K [01;36m[Knote: [m[Kin passing argument 2 of ‘[01m[Kvoid cv::inRange(cv::InputArray, cv::InputArray, cv::InputArray, cv::OutputArray)[m[K’
[9.675s]  1396 | CV_EXPORTS_W void inRange(InputArray src, [01;36m[KInputArray lowerb[m[K,
[9.675s]       |                                           [01;36m[K~~~~~~~~~~~^~~~~~[m[K
[17.630s] gmake[2]: *** [CMakeFiles/line_follower.dir/build.make:90: CMakeFiles/line_follower.dir/src/line_follower.cpp.o] Error 1
[17.634s] gmake[1]: *** [CMakeFiles/Makefile2:137: CMakeFiles/line_follower.dir/all] Error 2
[17.635s] gmake: *** [Makefile:146: all] Error 2
[17.638s] Invoked command in '/home/mars/tayota_ws/build/realsense_line_follower' returned '2': CMAKE_PREFIX_PATH=${CMAKE_PREFIX_PATH}:/home/mars/ros2_ws/install/simple_map_pub:/home/mars/ros2_ws/install/arduino_motor:/home/mars/ros2_ws/install/ackermann_keyboard_teleop:/opt/ros/humble /usr/bin/cmake --build /home/mars/tayota_ws/build/realsense_line_follower -- -j4 -l4
