[0.030s] Invoking command in '/home/mars/tayota_ws/build/realsense_line_follower': CMAKE_PREFIX_PATH=${CMAKE_PREFIX_PATH}:/home/mars/ros2_ws/install/simple_map_pub:/home/mars/ros2_ws/install/arduino_motor:/home/mars/ros2_ws/install/ackermann_keyboard_teleop:/opt/ros/humble /usr/bin/cmake /home/mars/tayota_ws/src/realsense_line_follower -DCMAKE_INSTALL_PREFIX=/home/mars/tayota_ws/install/realsense_line_follower
[0.308s] -- The C compiler identification is GNU 11.4.0
[0.450s] -- The CXX compiler identification is GNU 11.4.0
[0.469s] -- Detecting C compiler ABI info
[0.645s] -- Detecting C compiler ABI info - done
[0.663s] -- Check for working C compiler: /usr/bin/cc - skipped
[0.663s] -- Detecting C compile features
[0.664s] -- Detecting C compile features - done
[0.669s] -- Detecting CXX compiler ABI info
[0.870s] -- Detecting CXX compiler ABI info - done
[0.887s] -- Check for working CXX compiler: /usr/bin/c++ - skipped
[0.887s] -- Detecting CXX compile features
[0.888s] -- Detecting CXX compile features - done
[0.902s] -- Found ament_cmake: 1.3.14 (/opt/ros/humble/share/ament_cmake/cmake)
[1.296s] -- Found Python3: /usr/bin/python3 (found version "3.10.12") found components: Interpreter 
[1.635s] -- Found rclcpp: 16.0.19 (/opt/ros/humble/share/rclcpp/cmake)
[1.847s] -- Found rosidl_generator_c: 3.1.8 (/opt/ros/humble/share/rosidl_generator_c/cmake)
[1.874s] -- Found rosidl_adapter: 3.1.8 (/opt/ros/humble/share/rosidl_adapter/cmake)
[1.913s] -- Found rosidl_generator_cpp: 3.1.8 (/opt/ros/humble/share/rosidl_generator_cpp/cmake)
[1.962s] -- Using all available rosidl_typesupport_c: rosidl_typesupport_fastrtps_c;rosidl_typesupport_introspection_c
[2.032s] -- Using all available rosidl_typesupport_cpp: rosidl_typesupport_fastrtps_cpp;rosidl_typesupport_introspection_cpp
[2.237s] -- Found rmw_implementation_cmake: 6.1.2 (/opt/ros/humble/share/rmw_implementation_cmake/cmake)
[2.252s] -- Found rmw_fastrtps_cpp: 6.2.10 (/opt/ros/humble/share/rmw_fastrtps_cpp/cmake)
[2.539s] -- Found OpenSSL: /usr/lib/x86_64-linux-gnu/libcrypto.so (found version "3.0.2")  
[2.608s] -- Found FastRTPS: /opt/ros/humble/include  
[2.707s] -- Using RMW implementation 'rmw_fastrtps_cpp' as default
[2.750s] -- Looking for pthread.h
[2.936s] -- Looking for pthread.h - found
[2.937s] -- Performing Test CMAKE_HAVE_LIBC_PTHREAD
[3.122s] -- Performing Test CMAKE_HAVE_LIBC_PTHREAD - Success
[3.124s] -- Found Threads: TRUE  
[3.295s] -- Found sensor_msgs: 4.9.1 (/opt/ros/humble/share/sensor_msgs/cmake)
[3.389s] -- Found cv_bridge: 3.2.1 (/opt/ros/humble/share/cv_bridge/cmake)
[3.431s] -- Found image_transport: 3.1.12 (/opt/ros/humble/share/image_transport/cmake)
[3.565s] -- Found OpenCV: /usr (found version "4.5.4") 
[3.581s] -- Found ament_lint_auto: 0.12.15 (/opt/ros/humble/share/ament_lint_auto/cmake)
[3.825s] -- Added test 'cppcheck' to perform static code analysis on C / C++ code
[3.826s] -- Configured cppcheck include dirs: /home/mars/tayota_ws/src/realsense_line_follower/include
[3.826s] -- Configured cppcheck exclude dirs and/or files: 
[3.829s] -- Added test 'flake8' to check Python code syntax and style conventions
[3.831s] -- Added test 'lint_cmake' to check CMake code style
[3.833s] -- Added test 'pep257' to check Python code against some of the docstring style conventions in PEP 257
[3.838s] -- Added test 'uncrustify' to check C / C++ code style
[3.838s] -- Configured uncrustify additional arguments: 
[3.840s] -- Added test 'xmllint' to check XML markup files
[3.845s] -- Configuring done
[3.879s] -- Generating done
[3.890s] -- Build files have been written to: /home/mars/tayota_ws/build/realsense_line_follower
[3.919s] Invoked command in '/home/mars/tayota_ws/build/realsense_line_follower' returned '0': CMAKE_PREFIX_PATH=${CMAKE_PREFIX_PATH}:/home/mars/ros2_ws/install/simple_map_pub:/home/mars/ros2_ws/install/arduino_motor:/home/mars/ros2_ws/install/ackermann_keyboard_teleop:/opt/ros/humble /usr/bin/cmake /home/mars/tayota_ws/src/realsense_line_follower -DCMAKE_INSTALL_PREFIX=/home/mars/tayota_ws/install/realsense_line_follower
[3.922s] Invoking command in '/home/mars/tayota_ws/build/realsense_line_follower': CMAKE_PREFIX_PATH=${CMAKE_PREFIX_PATH}:/home/mars/ros2_ws/install/simple_map_pub:/home/mars/ros2_ws/install/arduino_motor:/home/mars/ros2_ws/install/ackermann_keyboard_teleop:/opt/ros/humble /usr/bin/cmake --build /home/mars/tayota_ws/build/realsense_line_follower -- -j4 -l4
[4.054s] [ 66%] [32mBuilding CXX object CMakeFiles/line_follower.dir/src/main.cpp.o[0m
[4.056s] [ 66%] [32mBuilding CXX object CMakeFiles/line_follower.dir/src/line_follower.cpp.o[0m
[26.407s] [100%] [32m[1mLinking CXX executable line_follower[0m
[28.945s] [100%] Built target line_follower
[28.971s] Invoked command in '/home/mars/tayota_ws/build/realsense_line_follower' returned '0': CMAKE_PREFIX_PATH=${CMAKE_PREFIX_PATH}:/home/mars/ros2_ws/install/simple_map_pub:/home/mars/ros2_ws/install/arduino_motor:/home/mars/ros2_ws/install/ackermann_keyboard_teleop:/opt/ros/humble /usr/bin/cmake --build /home/mars/tayota_ws/build/realsense_line_follower -- -j4 -l4
[28.996s] Invoking command in '/home/mars/tayota_ws/build/realsense_line_follower': CMAKE_PREFIX_PATH=${CMAKE_PREFIX_PATH}:/home/mars/ros2_ws/install/simple_map_pub:/home/mars/ros2_ws/install/arduino_motor:/home/mars/ros2_ws/install/ackermann_keyboard_teleop:/opt/ros/humble /usr/bin/cmake --install /home/mars/tayota_ws/build/realsense_line_follower
[29.015s] -- Install configuration: ""
[29.016s] -- Installing: /home/mars/tayota_ws/install/realsense_line_follower/lib/realsense_line_follower/line_follower
[29.027s] -- Set runtime path of "/home/mars/tayota_ws/install/realsense_line_follower/lib/realsense_line_follower/line_follower" to ""
[29.027s] -- Installing: /home/mars/tayota_ws/install/realsense_line_follower/share/realsense_line_follower/launch
[29.027s] -- Installing: /home/mars/tayota_ws/install/realsense_line_follower/share/realsense_line_follower/launch/line_follow.launch.py
[29.027s] -- Installing: /home/mars/tayota_ws/install/realsense_line_follower/share/ament_index/resource_index/package_run_dependencies/realsense_line_follower
[29.028s] -- Installing: /home/mars/tayota_ws/install/realsense_line_follower/share/ament_index/resource_index/parent_prefix_path/realsense_line_follower
[29.028s] -- Installing: /home/mars/tayota_ws/install/realsense_line_follower/share/realsense_line_follower/environment/ament_prefix_path.sh
[29.029s] -- Installing: /home/mars/tayota_ws/install/realsense_line_follower/share/realsense_line_follower/environment/ament_prefix_path.dsv
[29.029s] -- Installing: /home/mars/tayota_ws/install/realsense_line_follower/share/realsense_line_follower/environment/path.sh
[29.029s] -- Installing: /home/mars/tayota_ws/install/realsense_line_follower/share/realsense_line_follower/environment/path.dsv
[29.030s] -- Installing: /home/mars/tayota_ws/install/realsense_line_follower/share/realsense_line_follower/local_setup.bash
[29.030s] -- Installing: /home/mars/tayota_ws/install/realsense_line_follower/share/realsense_line_follower/local_setup.sh
[29.030s] -- Installing: /home/mars/tayota_ws/install/realsense_line_follower/share/realsense_line_follower/local_setup.zsh
[29.031s] -- Installing: /home/mars/tayota_ws/install/realsense_line_follower/share/realsense_line_follower/local_setup.dsv
[29.031s] -- Installing: /home/mars/tayota_ws/install/realsense_line_follower/share/realsense_line_follower/package.dsv
[29.031s] -- Installing: /home/mars/tayota_ws/install/realsense_line_follower/share/ament_index/resource_index/packages/realsense_line_follower
[29.032s] -- Installing: /home/mars/tayota_ws/install/realsense_line_follower/share/realsense_line_follower/cmake/realsense_line_followerConfig.cmake
[29.032s] -- Installing: /home/mars/tayota_ws/install/realsense_line_follower/share/realsense_line_follower/cmake/realsense_line_followerConfig-version.cmake
[29.033s] -- Installing: /home/mars/tayota_ws/install/realsense_line_follower/share/realsense_line_follower/package.xml
[29.037s] Invoked command in '/home/mars/tayota_ws/build/realsense_line_follower' returned '0': CMAKE_PREFIX_PATH=${CMAKE_PREFIX_PATH}:/home/mars/ros2_ws/install/simple_map_pub:/home/mars/ros2_ws/install/arduino_motor:/home/mars/ros2_ws/install/ackermann_keyboard_teleop:/opt/ros/humble /usr/bin/cmake --install /home/mars/tayota_ws/build/realsense_line_follower
